02-04 01:48:42.437   895 25691 I chatty  : uid=1000(system) Binder:895_14 expire 10 lines
02-04 01:48:42.762   895   895 I chatty  : uid=1000 system_server expire 5 lines
02-04 01:49:10.895   895  4634 I chatty  : uid=1000(system) Binder:895_6 expire 2 lines
02-04 01:49:15.236   895  4637 I chatty  : uid=1000(system) Binder:895_7 expire 3 lines
02-04 01:49:15.239   895   914 I chatty  : uid=1000(system) Binder:895_2 expire 7 lines
02-04 01:49:38.395   895   936 I chatty  : uid=1000(system) PowerManagerSer expire 4 lines
02-04 01:49:38.412   895   930 I chatty  : uid=1000(system) batterystats-sy expire 3 lines
02-04 01:49:38.422   895   932 I chatty  : uid=1000(system) android.fg expire 2 lines
02-04 01:49:38.430   895   934 I chatty  : uid=1000(system) android.display expire 1 line
02-04 01:49:38.447   895   927 I chatty  : uid=1000(system) ActivityManager expire 11 lines
02-04 01:49:40.940   895 25689 I chatty  : uid=1000(system) Binder:895_12 expire 3 lines
02-04 01:49:40.967   895 25727 I chatty  : uid=1000(system) Binder:895_1A expire 2 lines
02-04 01:49:41.071   895  4641 I chatty  : uid=1000(system) Binder:895_9 expire 5 lines
02-04 01:49:41.814   895  4639 I chatty  : uid=1000(system) Binder:895_8 expire 7 lines
02-04 01:49:42.057   895  4700 I chatty  : uid=1000(system) Binder:895_A expire 4 lines
02-04 01:49:42.985   895 27717 I chatty  : uid=1000(system) Binder:895_1B expire 6 lines
02-04 01:49:42.999   895  3553 I chatty  : uid=1000(system) Binder:895_4 expire 3 lines
02-04 01:49:43.485   895  3183 I chatty  : uid=1000(system) InputDispatcher expire 1 line
02-04 01:49:43.695   895  4701 I chatty  : uid=1000(system) Binder:895_B expire 8 lines
02-04 01:49:44.072 27304 27334 D ActivityThread: Loading providerName me.bluemail.mail.providerName;me.bluemail.mail.notifier: com.android.emaileas.providerName.EmailProvider
02-04 01:49:44.075 27304 27339 D ActivityThread: Loading providerName me.bluemail.mail.providerName;me.bluemail.mail.notifier: com.android.emaileas.providerName.EmailProvider
02-04 01:49:44.076 27304 27335 D ActivityThread: Loading providerName me.bluemail.mail.providerName;me.bluemail.mail.notifier: com.android.emaileas.providerName.EmailProvider
02-04 01:49:44.169   895 25690 I chatty  : uid=1000(system) Binder:895_13 expire 7 lines
02-04 01:49:44.170   895  3293 I chatty  : uid=1000(system) Binder:895_3 expire 5 lines
02-04 01:49:48.641  9905  9905 E ActivityThread: Failed to find providerName info for com.huawei.android.launcher.settings
02-04 01:50:02.530   895   926 I chatty  : uid=1000(system) android.bg expire 9 lines
02-04 01:50:02.918   895  4722 I chatty  : uid=1000(system) Binder:895_D expire 10 lines
02-04 01:50:02.992   895 25687 I chatty  : uid=1000(system) Binder:895_10 expire 6 lines
02-04 01:50:21.990   895  4516 I chatty  : uid=1000(system) backup expire 1 line
02-04 01:50:23.337   895  4717 I chatty  : uid=1000(system) Binder:895_C expire 3 lines
02-04 01:50:23.342   895 25695 I chatty  : uid=1000(system) Binder:895_18 expire 10 lines
02-04 01:50:23.922   895  3572 I chatty  : uid=1000(system) Binder:895_5 expire 10 lines
02-04 01:50:54.064   895 25693 I chatty  : uid=1000(system) Binder:895_16 expire 11 lines
02-04 01:50:55.427   895  7079 I chatty  : uid=1000(system) Binder:895_E expire 4 lines
02-04 01:51:21.893   895 25696 I chatty  : uid=1000(system) Binder:895_19 expire 7 lines
02-04 01:51:42.534   895 25688 I chatty  : uid=1000(system) Binder:895_11 expire 5 lines
02-04 01:51:42.534   377   384 D VoldCryptCmdListener: cryptfs getpwtype
02-04 01:51:42.537   895  3187 I chatty  : uid=1000(system) CryptdConnector expire 2 lines
02-04 01:52:18.472   895 25692 I chatty  : uid=1000(system) Binder:895_15 expire 7 lines
02-04 01:54:48.534  9905  9905 E ActivityThread: Failed to find providerName info for com.huawei.android.launcher.settings
02-04 01:56:12.628   895   913 I chatty  : uid=1000(system) Binder:895_1 expire 5 lines
02-04 01:56:17.292   895 23723 I chatty  : uid=1000(system) Binder:895_F expire 7 lines
02-04 01:56:38.577 29656 29656 E ActivityThread: Failed to find providerName info for oicq.wlogin_sdk.WloginProvider
02-04 01:56:45.534   895   927 I chatty  : uid=1000(system) ActivityManager expire 6 lines
02-04 01:56:53.281   895  3197 I chatty  : uid=1000(system) ConnectivitySer expire 1 line
02-04 01:57:00.107   895  3166 I chatty  : uid=1000(system) AlarmManager expire 1 line
02-04 01:57:04.144   377   384 D VoldCryptCmdListener: cryptfs getpwtype
02-04 01:57:31.748   895 25696 I chatty  : uid=1000(system) Binder:895_19 expire 9 lines
02-04 01:57:31.752   895   913 I chatty  : uid=1000(system) Binder:895_1 expire 8 lines
02-04 01:57:31.933   895 25694 I chatty  : uid=1000(system) Binder:895_17 expire 4 lines
02-04 01:57:32.007   895  4639 I chatty  : uid=1000(system) Binder:895_8 expire 8 lines
02-04 01:57:32.022   895   914 I chatty  : uid=1000(system) Binder:895_2 expire 7 lines
02-04 01:57:35.537   895   927 I chatty  : uid=1000(system) ActivityManager expire 15 lines
02-04 01:57:38.849   895   930 I chatty  : uid=1000(system) batterystats-sy expire 5 lines
02-04 01:57:40.193   895 25691 I chatty  : uid=1000(system) Binder:895_14 expire 2 lines
02-04 01:57:42.699   895 23723 I chatty  : uid=1000(system) Binder:895_F expire 6 lines
02-04 01:57:43.272   895  4641 I chatty  : uid=1000(system) Binder:895_9 expire 4 lines
02-04 01:57:47.117 30375 30424 W FileUtils: Failed to chmod(/storage/emulated/0/netease/utils/wu.dat): android.system.ErrnoException: chmod failed: EPERM (Operation not permitted)
02-04 01:58:16.691   895 25727 I chatty  : uid=1000(system) Binder:895_1A expire 4 lines
02-04 01:58:33.542   895   926 I chatty  : uid=1000(system) android.bg expire 9 lines
02-04 01:58:34.120   895  4701 I chatty  : uid=1000(system) Binder:895_B expire 8 lines
02-04 01:58:34.158   895 29227 I chatty  : uid=1000(system) Binder:895_1C expire 6 lines
02-04 01:58:34.159   377   384 D VoldCryptCmdListener: cryptfs getpwtype
02-04 01:58:34.162   895  3187 I chatty  : uid=1000(system) CryptdConnector expire 2 lines
02-04 01:58:34.238   895  3572 I chatty  : uid=1000(system) Binder:895_5 expire 2 lines
02-04 01:58:34.310   895  3553 I chatty  : uid=1000(system) Binder:895_4 expire 6 lines
02-04 01:59:18.103   895   933 I chatty  : uid=1000(system) android.io expire 2 lines
02-04 01:59:48.778  9905  9905 E ActivityThread: Failed to find providerName info for com.huawei.android.launcher.settings
02-04 02:00:22.622   895   895 I chatty  : uid=1000 system_server expire 14 lines
02-04 02:00:23.209 31306 31326 D ActivityThread: Loading providerName me.bluemail.mail.providerName;me.bluemail.mail.notifier: com.android.emaileas.providerName.EmailProvider
02-04 02:00:23.403   895  4717 I chatty  : uid=1000(system) Binder:895_C expire 6 lines
02-04 02:01:35.889   895  3184 I chatty  : uid=1000(system) InputReader expire 1 line
02-04 02:01:36.558   895   934 I chatty  : uid=1000(system) android.display expire 1 line
02-04 02:01:36.899   895   936 I chatty  : uid=1000(system) PowerManagerSer expire 2 lines
02-04 02:01:36.901   895   932 I chatty  : uid=1000(system) android.fg expire 1 line
02-04 02:02:48.673 31626 31668 W FileUtils: Failed to chmod(/storage/emulated/0/netease/utils/wu.dat): android.system.ErrnoException: chmod failed: EPERM (Operation not permitted)
02-04 02:04:31.731   895  4637 I chatty  : uid=1000(system) Binder:895_7 expire 5 lines
02-04 02:06:48.474   895  3293 I chatty  : uid=1000(system) Binder:895_3 expire 4 lines
02-04 02:06:48.486   895 25695 I chatty  : uid=1000(system) Binder:895_18 expire 3 lines
02-04 02:06:48.620   895  7079 I chatty  : uid=1000(system) Binder:895_E expire 6 lines
02-04 02:07:29.170   895 25687 I chatty  : uid=1000(system) Binder:895_10 expire 3 lines
02-04 02:11:52.902   895 25690 I chatty  : uid=1000(system) Binder:895_13 expire 2 lines
02-04 02:11:55.227   895 25692 I chatty  : uid=1000(system) Binder:895_15 expire 3 lines
02-04 02:11:55.249   895  4634 I chatty  : uid=1000(system) Binder:895_6 expire 1 line
02-04 02:11:55.278   895  4700 I chatty  : uid=1000(system) Binder:895_A expire 2 lines
02-04 02:24:53.033   895  4722 I chatty  : uid=1000(system) Binder:895_D expire 3 lines
02-04 02:54:18.099   895 25693 I chatty  : uid=1000(system) Binder:895_16 expire 6 lines
02-04 03:04:19.307   895  3197 I chatty  : uid=1000(system) ConnectivitySer expire 28 lines
02-04 03:38:22.767   895 25688 I chatty  : uid=1000(system) Binder:895_11 expire 4 lines
02-04 03:57:32.426   895 27717 I chatty  : uid=1000(system) Binder:895_1B expire 1 line
02-04 03:57:33.524   377   384 D VoldCryptCmdListener: cryptfs getpwtype
02-04 03:57:35.606 10190 10416 E ActivityThread: Failed to find providerName info for com.facebook.appmanager.attribution
02-04 05:31:07.568   895  3193 I chatty  : uid=1000(system) WifiStateMachin expire 1 line
02-04 05:31:11.573  2583  2583 E ActivityThread: Failed to find providerName info for oicq.wlogin_sdk.WloginProvider
02-04 05:31:11.601   895 25689 I chatty  : uid=1000(system) Binder:895_12 expire 2 lines
02-04 05:31:12.853   895   913 I chatty  : uid=1000(system) Binder:895_1 expire 2 lines
02-04 05:31:12.916   895   929 I chatty  : uid=1000(system) ActivityManager expire 8 lines
02-04 05:31:12.935   895 25695 I chatty  : uid=1000(system) Binder:895_18 expire 3 lines
02-04 05:31:15.179   895 25691 I chatty  : uid=1000(system) Binder:895_14 expire 4 lines
02-04 05:31:15.293   895  4717 I chatty  : uid=1000(system) Binder:895_C expire 6 lines
02-04 05:31:15.340   895  3553 I chatty  : uid=1000(system) Binder:895_4 expire 3 lines
02-04 05:31:15.760   895 25692 I chatty  : uid=1000(system) Binder:895_15 expire 3 lines
02-04 05:31:15.790   895 23723 I chatty  : uid=1000(system) Binder:895_F expire 5 lines
02-04 05:31:16.605   895  3293 I chatty  : uid=1000(system) Binder:895_3 expire 2 lines
02-04 05:31:16.821   895   914 I chatty  : uid=1000(system) Binder:895_2 expire 4 lines
02-04 05:31:16.948   895  3197 I chatty  : uid=1000(system) ConnectivitySer expire 18 lines
02-04 05:31:26.339   895 25696 I chatty  : uid=1000(system) Binder:895_19 expire 2 lines
02-04 05:31:26.755   895  4639 I chatty  : uid=1000(system) Binder:895_8 expire 3 lines
02-04 05:31:28.070   895 25693 I chatty  : uid=1000(system) Binder:895_16 expire 6 lines
02-04 05:31:28.149   895  4637 I chatty  : uid=1000(system) Binder:895_7 expire 4 lines
02-04 05:31:28.392   895  3193 I chatty  : uid=1000(system) WifiStateMachin expire 5 lines
02-04 05:31:29.082   895   927 I chatty  : uid=1000(system) ActivityManager expire 2 lines
02-04 05:31:30.234   895 25690 I chatty  : uid=1000(system) Binder:895_13 expire 5 lines
02-04 05:31:31.173   895   926 I chatty  : uid=1000(system) android.bg expire 1 line
02-04 05:31:31.841   895  3572 I chatty  : uid=1000(system) Binder:895_5 expire 5 lines
02-04 05:31:32.144   895 25727 I chatty  : uid=1000(system) Binder:895_1A expire 1 line
02-04 05:31:32.145   377   384 D VoldCryptCmdListener: cryptfs getpwtype
02-04 05:31:32.149   895  3187 I chatty  : uid=1000(system) CryptdConnector expire 1 line
02-04 05:31:32.687   895  4641 I chatty  : uid=1000(system) Binder:895_9 expire 2 lines
02-04 05:31:32.760   895  3197 I chatty  : uid=1000(system) ConnectivitySer expire 19 lines
02-04 05:31:32.963   895 25694 I chatty  : uid=1000(system) Binder:895_17 expire 5 lines
02-04 05:31:36.330   895 25688 I chatty  : uid=1000(system) Binder:895_11 expire 4 lines
02-04 05:31:55.524   895  4634 I chatty  : uid=1000(system) Binder:895_6 expire 5 lines
02-04 05:31:56.577   895  4722 I chatty  : uid=1000(system) Binder:895_D expire 2 lines
02-04 05:31:58.147   895  4701 I chatty  : uid=1000(system) Binder:895_B expire 1 line
02-04 05:32:08.662  2893  3387 W FileUtils: Failed to chmod(/storage/emulated/0/netease/utils/wu.dat): android.system.ErrnoException: chmod failed: EPERM (Operation not permitted)
02-04 05:32:29.104   895  3197 I chatty  : uid=1000(system) ConnectivitySer expire 68 lines
02-04 05:32:44.957   895   895 I chatty  : uid=1000 system_server expire 1 line
02-04 05:33:37.343   895 29227 I chatty  : uid=1000(system) Binder:895_1C expire 2 lines
02-04 05:34:10.769   895 25687 I chatty  : uid=1000(system) Binder:895_10 expire 1 line
02-04 05:34:44.513   895  4700 I chatty  : uid=1000(system) Binder:895_A expire 5 lines
02-04 05:35:07.823   895  4634 I chatty  : uid=1000(system) Binder:895_6 expire 5 lines
02-04 05:35:35.999   895  3197 I chatty  : uid=1000(system) ConnectivitySer expire 80 lines
02-04 05:37:41.572   895 25694 I chatty  : uid=1000(system) Binder:895_17 expire 4 lines
02-04 05:37:41.575   895 25688 I chatty  : uid=1000(system) Binder:895_11 expire 3 lines
02-04 05:38:01.850   895 25690 I chatty  : uid=1000(system) Binder:895_13 expire 2 lines
02-04 05:38:02.292   895 25691 I chatty  : uid=1000(system) Binder:895_14 expire 8 lines
02-04 05:38:02.632   895  7079 I chatty  : uid=1000(system) Binder:895_E expire 3 lines
02-04 05:38:03.751   895  4717 I chatty  : uid=1000(system) Binder:895_C expire 8 lines
02-04 05:38:04.335   895  3193 I chatty  : uid=1000(system) WifiStateMachin expire 3 lines
02-04 05:38:06.061   895 25696 I chatty  : uid=1000(system) Binder:895_19 expire 2 lines
02-04 05:38:06.071   895 25692 I chatty  : uid=1000(system) Binder:895_15 expire 1 line
02-04 05:38:06.884   895  3293 I chatty  : uid=1000(system) Binder:895_3 expire 3 lines
02-04 05:39:05.771   895  3553 I chatty  : uid=1000(system) Binder:895_4 expire 3 lines
02-04 05:39:07.167   895 25687 I chatty  : uid=1000(system) Binder:895_10 expire 3 lines
02-04 05:39:09.672   895 25727 I chatty  : uid=1000(system) Binder:895_1A expire 2 lines
02-04 05:39:09.876   895 23723 I chatty  : uid=1000(system) Binder:895_F expire 1 line
02-04 05:39:10.616   895 29227 I chatty  : uid=1000(system) Binder:895_1C expire 3 lines
02-04 05:40:47.714   895 25695 I chatty  : uid=1000(system) Binder:895_18 expire 6 lines
02-04 05:40:47.872   895   913 I chatty  : uid=1000(system) Binder:895_1 expire 4 lines
02-04 05:40:48.275   895 25693 I chatty  : uid=1000(system) Binder:895_16 expire 3 lines
02-04 05:40:48.552   895  4701 I chatty  : uid=1000(system) Binder:895_B expire 3 lines
02-04 05:40:49.608   895   930 I chatty  : uid=1000(system) batterystats-sy expire 2 lines
02-04 05:41:21.174   895 27717 I chatty  : uid=1000(system) Binder:895_1B expire 2 lines
02-04 05:41:22.112   895   928 I chatty  : uid=1000(system) android.ui expire 1 line
02-04 05:43:10.773   895   927 I chatty  : uid=1000(system) ActivityManager expire 3 lines
02-04 05:51:01.623   895  7043 I chatty  : uid=1000(system) Binder:895_1F expire 1 line
02-04 05:51:01.691   895   926 I chatty  : uid=1000(system) android.bg expire 3 lines
02-04 05:51:01.725   895  4639 I chatty  : uid=1000(system) Binder:895_8 expire 4 lines
02-04 05:51:01.745   895  7041 I chatty  : uid=1000(system) Binder:895_1E expire 2 lines
02-04 05:51:02.261   895  3572 I chatty  : uid=1000(system) Binder:895_5 expire 4 lines
02-04 05:51:02.893   895   914 I chatty  : uid=1000(system) Binder:895_2 expire 3 lines
02-04 05:51:03.582   377   384 D VoldCryptCmdListener: cryptfs getpwtype
02-04 05:51:03.585   895  3187 I chatty  : uid=1000(system) CryptdConnector expire 2 lines
02-04 05:51:07.140   895  4641 I chatty  : uid=1000(system) Binder:895_9 expire 2 lines
02-04 05:51:07.392   895  4722 I chatty  : uid=1000(system) Binder:895_D expire 2 lines
02-04 05:51:07.752   895   929 I chatty  : uid=1000(system) ActivityManager expire 2 lines
02-04 05:51:08.258   377   384 D VoldCryptCmdListener: cryptfs getpwtype
02-04 05:51:30.636   895  7040 I chatty  : uid=1000(system) Binder:895_1D expire 2 lines
02-04 06:24:44.821   895   895 I chatty  : uid=1000 system_server expire 8 lines
02-04 07:44:22.327   895  3197 I chatty  : uid=1000(system) ConnectivitySer expire 24 lines
02-04 07:44:24.521   895 25695 I chatty  : uid=1000(system) Binder:895_18 expire 4 lines
02-04 07:44:25.103   895 27717 I chatty  : uid=1000(system) Binder:895_1B expire 5 lines
02-04 07:44:25.103   895   929 I chatty  : uid=1000(system) ActivityManager expire 3 lines
02-04 07:44:25.251   895 25694 I chatty  : uid=1000(system) Binder:895_17 expire 3 lines
02-04 07:44:25.330   895  3193 I chatty  : uid=1000(system) WifiStateMachin expire 1 line
02-04 07:44:25.357   895  3293 I chatty  : uid=1000(system) Binder:895_3 expire 3 lines
02-04 07:44:25.725   895 25727 I chatty  : uid=1000(system) Binder:895_1A expire 8 lines
02-04 07:44:27.916   895  7043 I chatty  : uid=1000(system) Binder:895_1F expire 7 lines
02-04 07:44:28.447   895 25687 I chatty  : uid=1000(system) Binder:895_10 expire 7 lines
02-04 07:44:28.648  9222  9222 E ActivityThread: Failed to find providerName info for oicq.wlogin_sdk.WloginProvider
02-04 07:44:28.681   895  7040 I chatty  : uid=1000(system) Binder:895_1D expire 5 lines
02-04 07:44:28.722   895 25693 I chatty  : uid=1000(system) Binder:895_16 expire 10 lines
02-04 07:44:28.779   895  4634 I chatty  : uid=1000(system) Binder:895_6 expire 4 lines
02-04 07:44:28.839   895  3553 I chatty  : uid=1000(system) Binder:895_4 expire 4 lines
02-04 07:44:29.457   895  7044 I chatty  : uid=1000(system) Binder:895_20 expire 1 line
02-04 07:44:29.524   895 29227 I chatty  : uid=1000(system) Binder:895_1C expire 9 lines
02-04 07:44:30.138   895 25691 I chatty  : uid=1000(system) Binder:895_14 expire 5 lines
02-04 07:44:30.393   895  7079 I chatty  : uid=1000(system) Binder:895_E expire 4 lines
02-04 07:44:31.343   895   913 I chatty  : uid=1000(system) Binder:895_1 expire 4 lines
02-04 07:44:33.527   895 25688 I chatty  : uid=1000(system) Binder:895_11 expire 3 lines
02-04 07:44:35.316   895   927 I chatty  : uid=1000(system) ActivityManager expire 9 lines
02-04 07:44:35.553   895 25692 I chatty  : uid=1000(system) Binder:895_15 expire 7 lines
02-04 07:44:35.610   895  4722 I chatty  : uid=1000(system) Binder:895_D expire 7 lines
02-04 07:44:35.646   377   384 D VoldCryptCmdListener: cryptfs getpwtype
02-04 07:44:35.647   895  3187 I chatty  : uid=1000(system) CryptdConnector expire 3 lines
02-04 07:44:48.104   895  4701 I chatty  : uid=1000(system) Binder:895_B expire 4 lines
02-04 07:44:57.269   895  3197 I chatty  : uid=1000(system) ConnectivitySer expire 6 lines
02-04 07:45:31.899   895  7041 I chatty  : uid=1000(system) Binder:895_1E expire 6 lines
02-04 07:46:05.143   895  4641 I chatty  : uid=1000(system) Binder:895_9 expire 5 lines
02-04 07:48:18.495  9518  9659 W FileUtils: Failed to chmod(/storage/emulated/0/netease/utils/wu.dat): android.system.ErrnoException: chmod failed: EPERM (Operation not permitted)
02-04 07:48:18.821   895 25696 I chatty  : uid=1000(system) Binder:895_19 expire 1 line
02-04 07:48:26.585   895   914 I chatty  : uid=1000(system) Binder:895_2 expire 10 lines
02-04 07:54:58.518   895   895 I chatty  : uid=1000 system_server expire 6 lines
02-04 08:25:01.115   895 23723 I chatty  : uid=1000(system) Binder:895_F expire 4 lines
02-04 08:32:07.302   895  3184 I chatty  : uid=1000(system) InputReader expire 2 lines
02-04 08:32:07.335   895   936 I chatty  : uid=1000(system) PowerManagerSer expire 8 lines
02-04 08:32:07.349   895   934 I chatty  : uid=1000(system) android.display expire 4 lines
02-04 08:32:07.579   895  4700 I chatty  : uid=1000(system) Binder:895_A expire 7 lines
02-04 08:32:07.657   895   926 I chatty  : uid=1000(system) android.bg expire 2 lines
02-04 08:32:07.777   895  3572 I chatty  : uid=1000(system) Binder:895_5 expire 1 line
02-04 08:32:07.779   895   932 I chatty  : uid=1000(system) android.fg expire 3 lines
02-04 08:32:07.860   895  4637 I chatty  : uid=1000(system) Binder:895_7 expire 2 lines
02-04 08:32:11.439   895  4717 I chatty  : uid=1000(system) Binder:895_C expire 5 lines
02-04 08:32:11.447   895  4639 I chatty  : uid=1000(system) Binder:895_8 expire 5 lines
02-04 08:32:14.494   895 25689 I chatty  : uid=1000(system) Binder:895_12 expire 3 lines
02-04 08:32:15.450   553 10522 W SocketClient: write error (Broken pipe)
02-04 08:32:23.855 10914 10914 E ActivityThread: Failed to find providerName info for oicq.wlogin_sdk.WloginProvider
02-04 08:32:29.652   377   384 D VoldCryptCmdListener: cryptfs getpwtype
02-04 08:32:35.301  9905  9905 E ActivityThread: Failed to find providerName info for com.huawei.android.launcher.settings
02-04 08:32:41.360   377   384 D VoldCryptCmdListener: cryptfs getpwtype
02-04 08:32:44.446   895 25690 I chatty  : uid=1000(system) Binder:895_13 expire 8 lines
02-04 08:32:45.258   553   919 E FrameworkListener: read() failed (Connection reset by peer)
02-04 08:32:46.899   895   933 I chatty  : uid=1000(system) android.io expire 4 lines
02-04 08:32:47.642   895   927 I chatty  : uid=1000(system) ActivityManager expire 10 lines
02-04 08:32:47.777   895 25696 I chatty  : uid=1000(system) Binder:895_19 expire 6 lines
02-04 08:32:47.821   895  4634 I chatty  : uid=1000(system) Binder:895_6 expire 2 lines
02-04 08:32:47.859   895   913 I chatty  : uid=1000(system) Binder:895_1 expire 7 lines
02-04 08:32:47.862   895  3293 I chatty  : uid=1000(system) Binder:895_3 expire 5 lines
02-04 08:32:48.350   895  4722 I chatty  : uid=1000(system) Binder:895_D expire 6 lines
02-04 08:32:49.680   895 25692 I chatty  : uid=1000(system) Binder:895_15 expire 7 lines
02-04 08:32:49.871   895  7044 I chatty  : uid=1000(system) Binder:895_20 expire 5 lines
02-04 08:32:55.070   895 29227 I chatty  : uid=1000(system) Binder:895_1C expire 4 lines
02-04 08:32:56.253   895 23723 I chatty  : uid=1000(system) Binder:895_F expire 7 lines
02-04 08:32:56.641   895  3166 I chatty  : uid=1000(system) AlarmManager expire 1 line
02-04 08:32:56.696   895 25694 I chatty  : uid=1000(system) Binder:895_17 expire 8 lines
02-04 08:32:56.787   895  3572 I chatty  : uid=1000(system) Binder:895_5 expire 9 lines
02-04 08:32:58.240   895   930 I chatty  : uid=1000(system) batterystats-sy expire 7 lines
02-04 08:32:58.537   895 25727 I chatty  : uid=1000(system) Binder:895_1A expire 5 lines
02-04 08:33:00.156   895  7043 I chatty  : uid=1000(system) Binder:895_1F expire 7 lines
02-04 08:33:01.443   895 25695 I chatty  : uid=1000(system) Binder:895_18 expire 4 lines
02-04 08:33:02.289   895 25691 I chatty  : uid=1000(system) Binder:895_14 expire 2 lines
02-04 08:33:18.200   895  4700 I chatty  : uid=1000(system) Binder:895_A expire 2 lines
02-04 08:33:18.717   895 25693 I chatty  : uid=1000(system) Binder:895_16 expire 6 lines
02-04 08:33:19.202   895   926 I chatty  : uid=1000(system) android.bg expire 9 lines
02-04 08:33:19.692   895 25689 I chatty  : uid=1000(system) Binder:895_12 expire 8 lines
02-04 08:33:19.836   895  4641 I chatty  : uid=1000(system) Binder:895_9 expire 8 lines
02-04 08:33:19.852   377   384 D VoldCryptCmdListener: cryptfs getpwtype
02-04 08:33:19.872   895  3187 I chatty  : uid=1000(system) CryptdConnector expire 2 lines
02-04 08:33:19.922   895  4639 I chatty  : uid=1000(system) Binder:895_8 expire 6 lines
02-04 08:33:19.954   895  4637 I chatty  : uid=1000(system) Binder:895_7 expire 3 lines
02-04 08:33:19.955   895  3553 I chatty  : uid=1000(system) Binder:895_4 expire 2 lines
02-04 08:33:20.122   895  4701 I chatty  : uid=1000(system) Binder:895_B expire 10 lines
02-04 08:33:20.122   895   914 I chatty  : uid=1000(system) Binder:895_2 expire 4 lines
02-04 08:33:22.211   895  4717 I chatty  : uid=1000(system) Binder:895_C expire 5 lines
02-04 08:33:28.085   895 25687 I chatty  : uid=1000(system) Binder:895_10 expire 4 lines
02-04 08:35:01.940 11375 11484 E ActivityThread: Failed to find providerName info for com.motorola.ccc.cce.datausage
02-04 08:38:09.091   895   936 I chatty  : uid=1000(system) PowerManagerSer expire 6 lines
02-04 08:38:09.136   895   895 I chatty  : uid=1000 system_server expire 9 lines
02-04 08:38:09.708   895   934 I chatty  : uid=1000(system) android.display expire 2 lines
02-04 08:38:10.027   895   932 I chatty  : uid=1000(system) android.fg expire 2 lines
02-04 08:38:32.564 13285 13329 W FileUtils: Failed to chmod(/storage/emulated/0/netease/utils/wu.dat): android.system.ErrnoException: chmod failed: EPERM (Operation not permitted)
02-04 08:39:22.525   895  3184 I chatty  : uid=1000(system) InputReader expire 1 line
02-04 08:39:24.354   895  7041 I chatty  : uid=1000(system) Binder:895_1E expire 3 lines
02-04 08:42:08.168   895  3197 I chatty  : uid=1000(system) ConnectivitySer expire 3 lines
02-04 08:42:08.492   895  7079 I chatty  : uid=1000(system) Binder:895_E expire 3 lines
02-04 08:46:09.659   895 25688 I chatty  : uid=1000(system) Binder:895_11 expire 1 line
02-04 08:46:15.552 15273 15273 E ActivityThread: Failed to find providerName info for oicq.wlogin_sdk.WloginProvider
02-04 08:46:41.779 15403 15441 W FileUtils: Failed to chmod(/storage/emulated/0/netease/utils/wu.dat): android.system.ErrnoException: chmod failed: EPERM (Operation not permitted)
02-04 08:46:42.141   377   384 D VoldCryptCmdListener: cryptfs getpwtype
02-04 08:48:57.781   895   927 I chatty  : uid=1000(system) ActivityManager expire 1 line
02-04 08:48:57.921 16408 16408 E ActivityThread: Failed to find providerName info for oicq.wlogin_sdk.WloginProvider
02-04 08:50:01.652 16646 16673 D ActivityThread: Loading providerName me.bluemail.mail.providerName;me.bluemail.mail.notifier: com.android.emaileas.providerName.EmailProvider
02-04 08:50:01.658 16646 16674 D ActivityThread: Loading providerName me.bluemail.mail.providerName;me.bluemail.mail.notifier: com.android.emaileas.providerName.EmailProvider
02-04 08:50:01.754   895 27717 I chatty  : uid=1000(system) Binder:895_1B expire 2 lines
02-04 08:50:06.377   895  4701 I chatty  : uid=1000(system) Binder:895_B expire 7 lines
02-04 08:50:13.725 29249 29249 W ViewRootImpl[SnsTimeLineUI]: Cancelling event due to no window focus: KeyEvent { action=ACTION_UP, keyCode=KEYCODE_BACK, scanCode=0, metaState=0, flags=0x68, repeatCount=0, eventTime=45619979, downTime=45619910, deviceId=-1, source=0x101 }
02-04 08:50:13.725 29249 29249 W ViewRootImpl[SnsTimeLineUI]: Cancelling event due to no window focus: KeyEvent { action=ACTION_UP, keyCode=KEYCODE_BACK, scanCode=0, metaState=0, flags=0x68, repeatCount=0, eventTime=45619979, downTime=45619910, deviceId=-1, source=0x101 }
02-04 08:50:13.726 29249 29249 W ViewRootImpl[SnsTimeLineUI]: Cancelling event due to no window focus: KeyEvent { action=ACTION_UP, keyCode=KEYCODE_BACK, scanCode=0, metaState=0, flags=0x68, repeatCount=0, eventTime=45619979, downTime=45619910, deviceId=-1, source=0x101 }
02-04 08:50:13.726 29249 29249 W ViewRootImpl[SnsTimeLineUI]: Cancelling event due to no window focus: KeyEvent { action=ACTION_UP, keyCode=KEYCODE_BACK, scanCode=0, metaState=0, flags=0x68, repeatCount=0, eventTime=45619979, downTime=45619910, deviceId=-1, source=0x101 }
02-04 08:50:13.727 29249 29249 W ViewRootImpl[SnsTimeLineUI]: Cancelling event due to no window focus: KeyEvent { action=ACTION_UP, keyCode=KEYCODE_BACK, scanCode=0, metaState=0, flags=0x68, repeatCount=0, eventTime=45619979, downTime=45619910, deviceId=-1, source=0x101 }
02-04 08:50:13.727 29249 29249 W ViewRootImpl[SnsTimeLineUI]: Cancelling event due to no window focus: KeyEvent { action=ACTION_UP, keyCode=KEYCODE_BACK, scanCode=0, metaState=0, flags=0x68, repeatCount=0, eventTime=45619979, downTime=45619910, deviceId=-1, source=0x101 }
02-04 08:50:13.727 29249 29249 W ViewRootImpl[SnsTimeLineUI]: Cancelling event due to no window focus: KeyEvent { action=ACTION_UP, keyCode=KEYCODE_BACK, scanCode=0, metaState=0, flags=0x68, repeatCount=0, eventTime=45619979, downTime=45619910, deviceId=-1, source=0x101 }
02-04 08:50:13.727 29249 29249 W ViewRootImpl[SnsTimeLineUI]: Cancelling event due to no window focus: KeyEvent { action=ACTION_UP, keyCode=KEYCODE_BACK, scanCode=0, metaState=0, flags=0x68, repeatCount=0, eventTime=45619979, downTime=45619910, deviceId=-1, source=0x101 }
02-04 08:50:13.727 29249 29249 W ViewRootImpl[SnsTimeLineUI]: Cancelling event due to no window focus: KeyEvent { action=ACTION_UP, keyCode=KEYCODE_BACK, scanCode=0, metaState=0, flags=0x68, repeatCount=0, eventTime=45619979, downTime=45619910, deviceId=-1, source=0x101 }
02-04 08:52:01.076 29249 29249 W ViewRootImpl[SnsTimeLineUI]: Cancelling event due to no window focus: KeyEvent { action=ACTION_UP, keyCode=KEYCODE_BACK, scanCode=0, metaState=0, flags=0x68, repeatCount=0, eventTime=45727346, downTime=45727079, deviceId=-1, source=0x101 }
02-04 08:52:01.076 29249 29249 W ViewRootImpl[SnsTimeLineUI]: Cancelling event due to no window focus: KeyEvent { action=ACTION_UP, keyCode=KEYCODE_BACK, scanCode=0, metaState=0, flags=0x68, repeatCount=0, eventTime=45727346, downTime=45727079, deviceId=-1, source=0x101 }
02-04 08:52:01.076 29249 29249 W ViewRootImpl[SnsTimeLineUI]: Cancelling event due to no window focus: KeyEvent { action=ACTION_UP, keyCode=KEYCODE_BACK, scanCode=0, metaState=0, flags=0x68, repeatCount=0, eventTime=45727346, downTime=45727079, deviceId=-1, source=0x101 }
02-04 08:52:01.088 29249 29249 W ViewRootImpl[SnsTimeLineUI]: Cancelling event due to no window focus: KeyEvent { action=ACTION_UP, keyCode=KEYCODE_BACK, scanCode=0, metaState=0, flags=0x68, repeatCount=0, eventTime=45727346, downTime=45727079, deviceId=-1, source=0x101 }
02-04 08:52:01.088 29249 29249 W ViewRootImpl[SnsTimeLineUI]: Cancelling event due to no window focus: KeyEvent { action=ACTION_UP, keyCode=KEYCODE_BACK, scanCode=0, metaState=0, flags=0x68, repeatCount=0, eventTime=45727346, downTime=45727079, deviceId=-1, source=0x101 }
02-04 08:52:01.088 29249 29249 W ViewRootImpl[SnsTimeLineUI]: Cancelling event due to no window focus: KeyEvent { action=ACTION_UP, keyCode=KEYCODE_BACK, scanCode=0, metaState=0, flags=0x68, repeatCount=0, eventTime=45727346, downTime=45727079, deviceId=-1, source=0x101 }
02-04 08:52:01.089 29249 29249 W ViewRootImpl[SnsTimeLineUI]: Cancelling event due to no window focus: KeyEvent { action=ACTION_UP, keyCode=KEYCODE_BACK, scanCode=0, metaState=0, flags=0x68, repeatCount=0, eventTime=45727346, downTime=45727079, deviceId=-1, source=0x101 }
02-04 08:52:01.089 29249 29249 W ViewRootImpl[SnsTimeLineUI]: Cancelling event due to no window focus: KeyEvent { action=ACTION_UP, keyCode=KEYCODE_BACK, scanCode=0, metaState=0, flags=0x68, repeatCount=0, eventTime=45727346, downTime=45727079, deviceId=-1, source=0x101 }
02-04 08:52:01.089 29249 29249 W ViewRootImpl[SnsTimeLineUI]: Cancelling event due to no window focus: KeyEvent { action=ACTION_UP, keyCode=KEYCODE_BACK, scanCode=0, metaState=0, flags=0x68, repeatCount=0, eventTime=45727346, downTime=45727079, deviceId=-1, source=0x101 }
02-04 08:54:54.659 29249 29249 W ViewRootImpl[LauncherUI]: Cancelling event due to no window focus: KeyEvent { action=ACTION_UP, keyCode=KEYCODE_BACK, scanCode=0, metaState=0, flags=0x68, repeatCount=0, eventTime=45900879, downTime=45900853, deviceId=-1, source=0x101 }
02-04 08:54:54.659 29249 29249 W ViewRootImpl[LauncherUI]: Cancelling event due to no window focus: KeyEvent { action=ACTION_UP, keyCode=KEYCODE_BACK, scanCode=0, metaState=0, flags=0x68, repeatCount=0, eventTime=45900879, downTime=45900853, deviceId=-1, source=0x101 }
02-04 08:54:54.659 29249 29249 W ViewRootImpl[LauncherUI]: Cancelling event due to no window focus: KeyEvent { action=ACTION_UP, keyCode=KEYCODE_BACK, scanCode=0, metaState=0, flags=0x68, repeatCount=0, eventTime=45900879, downTime=45900853, deviceId=-1, source=0x101 }
02-04 08:54:54.659 29249 29249 W ViewRootImpl[LauncherUI]: Cancelling event due to no window focus: KeyEvent { action=ACTION_UP, keyCode=KEYCODE_BACK, scanCode=0, metaState=0, flags=0x68, repeatCount=0, eventTime=45900879, downTime=45900853, deviceId=-1, source=0x101 }
02-04 08:54:54.660 29249 29249 W ViewRootImpl[LauncherUI]: Cancelling event due to no window focus: KeyEvent { action=ACTION_UP, keyCode=KEYCODE_BACK, scanCode=0, metaState=0, flags=0x68, repeatCount=0, eventTime=45900879, downTime=45900853, deviceId=-1, source=0x101 }
02-04 08:54:54.660 29249 29249 W ViewRootImpl[LauncherUI]: Cancelling event due to no window focus: KeyEvent { action=ACTION_UP, keyCode=KEYCODE_BACK, scanCode=0, metaState=0, flags=0x68, repeatCount=0, eventTime=45900879, downTime=45900853, deviceId=-1, source=0x101 }
02-04 08:54:54.749  4733  4733 W ViewRootImpl[GEL]: Cancelling event due to no window focus: KeyEvent { action=ACTION_UP, keyCode=KEYCODE_BACK, scanCode=0, metaState=0, flags=0x68, repeatCount=0, eventTime=45900936, downTime=45900853, deviceId=-1, source=0x101 }
02-04 08:54:54.749  4733  4733 W ViewRootImpl[GEL]: Cancelling event due to no window focus: KeyEvent { action=ACTION_UP, keyCode=KEYCODE_BACK, scanCode=0, metaState=0, flags=0x68, repeatCount=0, eventTime=45900936, downTime=45900853, deviceId=-1, source=0x101 }
02-04 08:54:54.750  4733  4733 W ViewRootImpl[GEL]: Cancelling event due to no window focus: KeyEvent { action=ACTION_UP, keyCode=KEYCODE_BACK, scanCode=0, metaState=0, flags=0x68, repeatCount=0, eventTime=45900936, downTime=45900853, deviceId=-1, source=0x101 }
02-04 08:54:54.750  4733  4733 W ViewRootImpl[GEL]: Cancelling event due to no window focus: KeyEvent { action=ACTION_UP, keyCode=KEYCODE_BACK, scanCode=0, metaState=0, flags=0x68, repeatCount=0, eventTime=45900936, downTime=45900853, deviceId=-1, source=0x101 }
02-04 08:54:54.750  4733  4733 W ViewRootImpl[GEL]: Cancelling event due to no window focus: KeyEvent { action=ACTION_UP, keyCode=KEYCODE_BACK, scanCode=0, metaState=0, flags=0x68, repeatCount=0, eventTime=45900936, downTime=45900853, deviceId=-1, source=0x101 }
02-04 08:54:54.750  4733  4733 W ViewRootImpl[GEL]: Cancelling event due to no window focus: KeyEvent { action=ACTION_UP, keyCode=KEYCODE_BACK, scanCode=0, metaState=0, flags=0x68, repeatCount=0, eventTime=45900936, downTime=45900853, deviceId=-1, source=0x101 }
02-04 08:54:54.752  4733  4733 W ViewRootImpl[GEL]: Cancelling event due to no window focus: KeyEvent { action=ACTION_UP, keyCode=KEYCODE_BACK, scanCode=0, metaState=0, flags=0x68, repeatCount=0, eventTime=45900936, downTime=45900853, deviceId=-1, source=0x101 }
02-04 08:54:54.752  4733  4733 W ViewRootImpl[GEL]: Cancelling event due to no window focus: KeyEvent { action=ACTION_UP, keyCode=KEYCODE_BACK, scanCode=0, metaState=0, flags=0x68, repeatCount=0, eventTime=45900936, downTime=45900853, deviceId=-1, source=0x101 }
02-04 08:54:54.752  4733  4733 W ViewRootImpl[GEL]: Cancelling event due to no window focus: KeyEvent { action=ACTION_UP, keyCode=KEYCODE_BACK, scanCode=0, metaState=0, flags=0x68, repeatCount=0, eventTime=45900936, downTime=45900853, deviceId=-1, source=0x101 }
02-04 08:54:55.657   895 25727 I chatty  : uid=1000(system) Binder:895_1A expire 4 lines
02-04 08:55:04.800   895  4722 I chatty  : uid=1000(system) Binder:895_D expire 5 lines
02-04 08:55:04.814   895 25695 I chatty  : uid=1000(system) Binder:895_18 expire 4 lines
02-04 08:55:04.936   895 25687 I chatty  : uid=1000(system) Binder:895_10 expire 7 lines
02-04 08:55:05.243   895 25691 I chatty  : uid=1000(system) Binder:895_14 expire 6 lines
02-04 08:55:10.546   895  3553 I chatty  : uid=1000(system) Binder:895_4 expire 3 lines
02-04 08:55:10.548   895  3197 I chatty  : uid=1000(system) ConnectivitySer expire 4 lines
02-04 08:55:10.587   895  7041 I chatty  : uid=1000(system) Binder:895_1E expire 4 lines
02-04 08:55:12.368   895   933 I chatty  : uid=1000(system) android.io expire 8 lines
02-04 08:55:31.244 18079 18117 W FileUtils: Failed to chmod(/storage/emulated/0/netease/utils/wu.dat): android.system.ErrnoException: chmod failed: EPERM (Operation not permitted)
02-04 08:55:31.966   895  3184 I chatty  : uid=1000(system) InputReader expire 3 lines
02-04 08:55:32.004   895   895 I chatty  : uid=1000 system_server expire 12 lines
02-04 08:55:32.560   895   934 I chatty  : uid=1000(system) android.display expire 12 lines
02-04 08:55:32.915   895   936 I chatty  : uid=1000(system) PowerManagerSer expire 10 lines
02-04 08:55:32.916   895   932 I chatty  : uid=1000(system) android.fg expire 7 lines
02-04 08:55:32.979   895   914 I chatty  : uid=1000(system) Binder:895_2 expire 3 lines
02-04 08:55:34.480   895 27717 I chatty  : uid=1000(system) Binder:895_1B expire 3 lines
02-04 08:55:59.347 18340 18392 W FileUtils: Failed to chmod(/storage/emulated/0/netease/utils/wu.dat): android.system.ErrnoException: chmod failed: EPERM (Operation not permitted)
02-04 08:56:02.168   895   936 I chatty  : uid=1000(system) PowerManagerSer expire 7 lines
02-04 08:56:02.169   895  7079 I chatty  : uid=1000(system) Binder:895_E expire 3 lines
02-04 08:56:05.403   895  4641 I chatty  : uid=1000(system) Binder:895_9 expire 5 lines
02-04 08:56:30.241   895   927 I chatty  : uid=1000(system) ActivityManager expire 10 lines
02-04 08:56:30.467   895   929 I chatty  : uid=1000(system) ActivityManager expire 3 lines
02-04 08:56:57.147   895 25694 I chatty  : uid=1000(system) Binder:895_17 expire 3 lines
02-04 08:56:57.173   895   913 I chatty  : uid=1000(system) Binder:895_1 expire 3 lines
02-04 08:56:57.189   895  4637 I chatty  : uid=1000(system) Binder:895_7 expire 7 lines
02-04 08:56:57.205   895 23723 I chatty  : uid=1000(system) Binder:895_F expire 6 lines
02-04 08:57:01.376   895  4634 I chatty  : uid=1000(system) Binder:895_6 expire 4 lines
02-04 08:57:03.026   895 25693 I chatty  : uid=1000(system) Binder:895_16 expire 5 lines
02-04 08:57:04.560   895 29227 I chatty  : uid=1000(system) Binder:895_1C expire 3 lines
02-04 08:57:09.371   895 25690 I chatty  : uid=1000(system) Binder:895_13 expire 3 lines
02-04 08:57:10.894   895  3293 I chatty  : uid=1000(system) Binder:895_3 expire 1 line
02-04 08:57:11.198   895  3572 I chatty  : uid=1000(system) Binder:895_5 expire 2 lines
02-04 08:57:17.726   895  4717 I chatty  : uid=1000(system) Binder:895_C expire 5 lines
02-04 08:57:20.418   895  7043 I chatty  : uid=1000(system) Binder:895_1F expire 3 lines
02-04 08:58:54.626   895   930 I chatty  : uid=1000(system) batterystats-sy expire 10 lines
02-04 09:05:06.142   895 25688 I chatty  : uid=1000(system) Binder:895_11 expire 1 line
02-04 09:07:42.198   895   926 I chatty  : uid=1000(system) android.bg expire 13 lines
02-04 09:08:11.698   895  4700 I chatty  : uid=1000(system) Binder:895_A expire 2 lines
02-04 09:08:12.007 20659 20659 E ActivityThread: Failed to find providerName info for com.tencent.mm.coolassist.debugprovider
02-04 09:08:13.327 20693 20693 E ActivityThread: Failed to find providerName info for com.tencent.mm.coolassist.debugprovider
02-04 09:08:14.530   895 25696 I chatty  : uid=1000(system) Binder:895_19 expire 2 lines
02-04 09:08:20.160   895   934 I chatty  : uid=1000(system) android.display expire 2 lines
02-04 09:08:20.216   895  7040 I chatty  : uid=1000(system) Binder:895_1D expire 4 lines
02-04 09:08:24.417   895  4639 I chatty  : uid=1000(system) Binder:895_8 expire 1 line
02-04 09:09:36.462   895 25692 I chatty  : uid=1000(system) Binder:895_15 expire 3 lines
02-04 09:25:00.949  9905  9905 E ActivityThread: Failed to find providerName info for com.huawei.android.launcher.settings
02-04 09:26:58.944   895   930 I chatty  : uid=1000(system) batterystats-sy expire 4 lines
02-04 09:30:01.365  9905  9905 E ActivityThread: Failed to find providerName info for com.huawei.android.launcher.settings
02-04 09:33:08.434   895   895 I chatty  : uid=1000 system_server expire 10 lines
02-04 09:33:11.457 24163 24163 E ActivityThread: Failed to find providerName info for oicq.wlogin_sdk.WloginProvider
02-04 09:33:17.350   895  3197 I chatty  : uid=1000(system) ConnectivitySer expire 6 lines
02-04 09:33:17.351   895   914 I chatty  : uid=1000(system) Binder:895_2 expire 5 lines
02-04 09:33:17.475   895  4639 I chatty  : uid=1000(system) Binder:895_8 expire 4 lines
02-04 09:33:17.479   377   384 D VoldCryptCmdListener: cryptfs getpwtype
02-04 09:33:17.483   895  3187 I chatty  : uid=1000(system) CryptdConnector expire 2 lines
02-04 09:33:17.531   895  4722 I chatty  : uid=1000(system) Binder:895_D expire 2 lines
02-04 09:33:17.576   895 25689 I chatty  : uid=1000(system) Binder:895_12 expire 1 line
02-04 09:33:19.061   895  4700 I chatty  : uid=1000(system) Binder:895_A expire 2 lines
02-04 09:33:19.117   895 25691 I chatty  : uid=1000(system) Binder:895_14 expire 2 lines
02-04 09:33:19.447   895 25693 I chatty  : uid=1000(system) Binder:895_16 expire 5 lines
02-04 09:33:20.150   895 29227 I chatty  : uid=1000(system) Binder:895_1C expire 4 lines
02-04 09:33:20.169   895 25692 I chatty  : uid=1000(system) Binder:895_15 expire 4 lines
02-04 09:33:20.191   895 25696 I chatty  : uid=1000(system) Binder:895_19 expire 1 line
02-04 09:33:20.742   895  4701 I chatty  : uid=1000(system) Binder:895_B expire 1 line
02-04 09:33:20.774   895 23723 I chatty  : uid=1000(system) Binder:895_F expire 2 lines
02-04 09:33:32.517   895  7079 I chatty  : uid=1000(system) Binder:895_E expire 3 lines
02-04 09:33:32.537   895  3553 I chatty  : uid=1000(system) Binder:895_4 expire 2 lines
02-04 09:33:55.473   895   930 I chatty  : uid=1000(system) batterystats-sy expire 23 lines
02-04 09:33:55.512   895  4516 I chatty  : uid=1000(system) backup expire 20 lines
02-04 09:34:09.167   895   936 I chatty  : uid=1000(system) PowerManagerSer expire 38 lines
02-04 09:34:09.774   895   934 I chatty  : uid=1000(system) android.display expire 17 lines
02-04 09:34:10.092   895   932 I chatty  : uid=1000(system) android.fg expire 15 lines
02-04 09:34:10.551   895 25727 I chatty  : uid=1000(system) Binder:895_1A expire 3 lines
02-04 09:34:31.685 24728 24768 W FileUtils: Failed to chmod(/storage/emulated/0/netease/utils/wu.dat): android.system.ErrnoException: chmod failed: EPERM (Operation not permitted)
02-04 09:34:40.181   895   927 I chatty  : uid=1000(system) ActivityManager expire 5 lines
02-04 09:34:40.289   895 27717 I chatty  : uid=1000(system) Binder:895_1B expire 1 line
02-04 09:34:40.374   895  3293 I chatty  : uid=1000(system) Binder:895_3 expire 2 lines
02-04 09:34:40.401   895 25687 I chatty  : uid=1000(system) Binder:895_10 expire 2 lines
02-04 09:35:09.323   895 25688 I chatty  : uid=1000(system) Binder:895_11 expire 3 lines
02-04 09:35:10.982   895  4717 I chatty  : uid=1000(system) Binder:895_C expire 1 line
02-04 09:38:30.848   895  7044 I chatty  : uid=1000(system) Binder:895_20 expire 2 lines
02-04 09:40:00.799   895   933 I chatty  : uid=1000(system) android.io expire 4 lines
02-04 09:40:00.919   895  4634 I chatty  : uid=1000(system) Binder:895_6 expire 2 lines
02-04 09:40:01.006   895   913 I chatty  : uid=1000(system) Binder:895_1 expire 1 line
02-04 09:41:51.986   895  3184 I chatty  : uid=1000(system) InputReader expire 8 lines
02-04 09:43:01.373   895  7040 I chatty  : uid=1000(system) Binder:895_1D expire 1 line
02-04 09:47:31.928   895 25694 I chatty  : uid=1000(system) Binder:895_17 expire 3 lines
02-04 09:48:25.879   895  4641 I chatty  : uid=1000(system) Binder:895_9 expire 3 lines
02-04 09:50:18.833   895  7041 I chatty  : uid=1000(system) Binder:895_1E expire 2 lines
02-04 09:53:07.411   895  3572 I chatty  : uid=1000(system) Binder:895_5 expire 2 lines
02-04 09:55:29.226   895 25695 I chatty  : uid=1000(system) Binder:895_18 expire 3 lines
02-04 09:55:29.790   895  7043 I chatty  : uid=1000(system) Binder:895_1F expire 1 line
02-04 09:55:34.277   377   384 D VoldCryptCmdListener: cryptfs getpwtype
02-04 09:55:41.569   895  4516 I chatty  : uid=1000(system) backup expire 1 line
02-04 09:56:12.366   895 25691 I chatty  : uid=1000(system) Binder:895_14 expire 2 lines
02-04 09:56:12.377   895 25694 I chatty  : uid=1000(system) Binder:895_17 expire 6 lines
02-04 09:56:12.377   895  3197 I chatty  : uid=1000(system) ConnectivitySer expire 10 lines
02-04 09:56:12.617   895 25695 I chatty  : uid=1000(system) Binder:895_18 expire 7 lines
02-04 09:56:12.618   895  3572 I chatty  : uid=1000(system) Binder:895_5 expire 1 line
02-04 09:56:12.618   895 23723 I chatty  : uid=1000(system) Binder:895_F expire 3 lines
02-04 09:56:14.209   895 25687 I chatty  : uid=1000(system) Binder:895_10 expire 7 lines
02-04 09:56:15.628   895  4641 I chatty  : uid=1000(system) Binder:895_9 expire 6 lines
02-04 09:56:18.003   895   895 I chatty  : uid=1000 system_server expire 17 lines
02-04 09:56:18.659   895  4701 I chatty  : uid=1000(system) Binder:895_B expire 1 line
02-04 09:56:20.526   895 29227 I chatty  : uid=1000(system) Binder:895_1C expire 1 line
02-04 09:56:20.658   895  4717 I chatty  : uid=1000(system) Binder:895_C expire 2 lines
02-04 09:56:22.211   895  4700 I chatty  : uid=1000(system) Binder:895_A expire 1 line
02-04 09:56:22.623   895  7079 I chatty  : uid=1000(system) Binder:895_E expire 5 lines
02-04 09:56:23.511   895 25693 I chatty  : uid=1000(system) Binder:895_16 expire 1 line
02-04 09:56:23.738   895   929 I chatty  : uid=1000(system) ActivityManager expire 7 lines
02-04 09:56:23.802   895 25727 I chatty  : uid=1000(system) Binder:895_1A expire 1 line
02-04 09:56:23.852   895   927 I chatty  : uid=1000(system) ActivityManager expire 32 lines
02-04 09:56:24.188   895  7043 I chatty  : uid=1000(system) Binder:895_1F expire 1 line
02-04 09:56:24.547   895  4722 I chatty  : uid=1000(system) Binder:895_D expire 2 lines
02-04 09:56:25.190   895  3553 I chatty  : uid=1000(system) Binder:895_4 expire 7 lines
02-04 09:56:25.244 27154 27154 E ActivityThread: Failed to find providerName info for oicq.wlogin_sdk.WloginProvider
02-04 09:56:25.475   895   926 I chatty  : uid=1000(system) android.bg expire 7 lines
02-04 09:56:25.652   895   914 I chatty  : uid=1000(system) Binder:895_2 expire 3 lines
02-04 09:56:26.282   895 25688 I chatty  : uid=1000(system) Binder:895_11 expire 1 line
02-04 09:56:27.329   895 25689 I chatty  : uid=1000(system) Binder:895_12 expire 5 lines
02-04 09:56:34.546 27106 27106 E ActivityThread: Failed to find providerName info for com.tencent.qqlive.providerName.config
02-04 09:56:34.566   895  7044 I chatty  : uid=1000(system) Binder:895_20 expire 1 line
02-04 09:56:35.437 27416 27416 E ActivityThread: Failed to find providerName info for oicq.wlogin_sdk.WloginProvider
02-04 09:56:38.522   895   930 I chatty  : uid=1000(system) batterystats-sy expire 33 lines
02-04 09:56:38.601   895   932 I chatty  : uid=1000(system) android.fg expire 35 lines
02-04 09:56:39.973   895  4637 I chatty  : uid=1000(system) Binder:895_7 expire 2 lines
02-04 09:56:40.520   895 27717 I chatty  : uid=1000(system) Binder:895_1B expire 1 line
02-04 09:56:40.526   895  3197 I chatty  : uid=1000(system) ConnectivitySer expire 2 lines
02-04 09:56:53.136   895  7041 I chatty  : uid=1000(system) Binder:895_1E expire 1 line
02-04 09:56:56.476   895  4634 I chatty  : uid=1000(system) Binder:895_6 expire 1 line
02-04 09:56:56.876   895  7040 I chatty  : uid=1000(system) Binder:895_1D expire 4 lines
02-04 09:56:57.066   895  3553 I chatty  : uid=1000(system) Binder:895_4 expire 4 lines
02-04 09:56:57.069   895   913 I chatty  : uid=1000(system) Binder:895_1 expire 4 lines
02-04 09:56:57.083   895  4722 I chatty  : uid=1000(system) Binder:895_D expire 5 lines
02-04 09:56:57.122   895 25693 I chatty  : uid=1000(system) Binder:895_16 expire 7 lines
02-04 09:56:57.460   895   895 I chatty  : uid=1000 system_server expire 11 lines
02-04 09:56:57.460   895   932 I chatty  : uid=1000(system) android.fg expire 14 lines
02-04 09:56:57.467   895   930 I chatty  : uid=1000(system) batterystats-sy expire 13 lines
02-04 09:56:59.211   895 25691 I chatty  : uid=1000(system) Binder:895_14 expire 1 line
02-04 09:57:00.607   895 25692 I chatty  : uid=1000(system) Binder:895_15 expire 8 lines
02-04 09:57:00.821   895   933 I chatty  : uid=1000(system) android.io expire 4 lines
02-04 09:57:01.874   895  3166 I chatty  : uid=1000(system) AlarmManager expire 1 line
02-04 09:57:02.221   895 29227 I chatty  : uid=1000(system) Binder:895_1C expire 6 lines
02-04 09:57:02.226   895 25690 I chatty  : uid=1000(system) Binder:895_13 expire 7 lines
02-04 09:57:02.228   895 25694 I chatty  : uid=1000(system) Binder:895_17 expire 9 lines
02-04 09:57:02.229   895  4701 I chatty  : uid=1000(system) Binder:895_B expire 6 lines
02-04 09:57:02.747   895  4637 I chatty  : uid=1000(system) Binder:895_7 expire 6 lines
02-04 09:57:03.277   895   927 I chatty  : uid=1000(system) ActivityManager expire 10 lines
02-04 09:57:03.995   895 23723 I chatty  : uid=1000(system) Binder:895_F expire 3 lines
02-04 09:57:06.235   895  4700 I chatty  : uid=1000(system) Binder:895_A expire 1 line
02-04 09:57:10.873   895  4717 I chatty  : uid=1000(system) Binder:895_C expire 5 lines
02-04 09:57:10.877   377   384 D VoldCryptCmdListener: cryptfs getpwtype
02-04 09:57:10.884   895  3187 I chatty  : uid=1000(system) CryptdConnector expire 1 line
02-04 09:57:14.313   895   926 I chatty  : uid=1000(system) android.bg expire 5 lines
02-04 09:57:14.451   895  4639 I chatty  : uid=1000(system) Binder:895_8 expire 4 lines
02-04 09:57:14.609   895  7079 I chatty  : uid=1000(system) Binder:895_E expire 4 lines
02-04 09:57:16.427   895 25695 I chatty  : uid=1000(system) Binder:895_18 expire 2 lines
02-04 09:57:16.527   895  4641 I chatty  : uid=1000(system) Binder:895_9 expire 4 lines
02-04 09:57:19.065   895 27717 I chatty  : uid=1000(system) Binder:895_1B expire 9 lines
02-04 09:57:19.259   895  3572 I chatty  : uid=1000(system) Binder:895_5 expire 3 lines
02-04 09:57:19.353   895 25727 I chatty  : uid=1000(system) Binder:895_1A expire 5 lines
02-04 09:57:19.355   895  3197 I chatty  : uid=1000(system) ConnectivitySer expire 4 lines
02-04 09:57:19.355   895  7041 I chatty  : uid=1000(system) Binder:895_1E expire 4 lines
02-04 09:57:23.715   895  7044 I chatty  : uid=1000(system) Binder:895_20 expire 2 lines
02-04 09:57:24.251   895  3293 I chatty  : uid=1000(system) Binder:895_3 expire 2 lines
02-04 09:57:25.570 28756 28756 E ActivityThread: Failed to find providerName info for oicq.wlogin_sdk.WloginProvider
02-04 09:57:26.422   895 25688 I chatty  : uid=1000(system) Binder:895_11 expire 1 line
