02-04 23:18:03.638   895  4722 D ConnectivityService: ConnectivityService NetworkRequestInfo binderDied(NetworkRequest [ LISTEN id=343, [ Capabilities: INTERNET&NOT_RESTRICTED&TRUSTED&FOREGROUND] ], android.os.BinderProxy@13c1576)
02-04 23:18:03.640   895  3197 E ConnectivityService: RemoteException caught trying to send a callback msg for NetworkRequest [ LISTEN id=344, [ Capabilities: INTERNET&NOT_RESTRICTED&TRUSTED&FOREGROUND] ]
02-04 23:18:03.641   895  3197 E ConnectivityService: RemoteException caught trying to send a callback msg for NetworkRequest [ LISTEN id=343, [ Capabilities: INTERNET&NOT_RESTRICTED&TRUSTED&FOREGROUND] ]
02-04 23:18:03.641   895  4722 D ActivityManager: cleanUpApplicationRecord -- 24022
02-04 23:18:43.467   895   927 I ActivityManager: Killing 22486:android.process.media/u0a8 (adj 906): empty #17
02-04 23:18:43.501   895  4641 D ActivityManager: cleanUpApplicationRecord -- 22486
02-04 23:19:07.865   895   930 E BatteryStatsService: no controller energy info supplied
02-04 23:19:41.867   895   927 I ActivityManager: Start proc 26455:com.discoverfinancial.mobile/u0a100 for broadcast com.discoverfinancial.mobile/com.xtify.sdk.wi.AlarmReceiver
02-04 23:19:42.186   895  3553 D ConnectivityService: Returning unblocked NetworkInfo to uid=10100
02-04 23:19:42.321   895   933 D BluetoothManagerService: Message: 20
02-04 23:19:42.321   895   933 D BluetoothManagerService: Added callback: android.bluetooth.IBluetoothManagerCallback$Stub$Proxy@e62ba47:true
02-04 23:19:42.515   895  7044 I ActivityManager: Killing 25607:com.tencent.qqlive/u0a113 (adj 906): empty #17
02-04 23:19:42.576   895  4717 D ActivityManager: cleanUpApplicationRecord -- 25607
02-04 23:21:30.312   895  4700 I ActivityManager: Start proc 26555:com.android.providers.calendar/u0a1 for content providerName com.android.providers.calendar/.CalendarProvider2
02-04 23:21:31.571   895   927 I ActivityManager: Start proc 26569:com.google.android.calendar/u0a36 for broadcast com.google.android.calendar/com.android.calendar.alerts.AlertReceiver
02-04 23:21:31.873   895 25687 D CryptdConnector: SND -> {100 cryptfs getpwtype}
02-04 23:21:31.874   377   384 D VoldCryptCmdListener: cryptfs getpwtype
02-04 23:21:31.876   895  3187 D CryptdConnector: RCV <- {213 100 default}
02-04 23:21:31.925   895 25689 W ActivityManager: Unable to start service Intent { act=com.google.android.gms.playlog.service.START pkg=com.google.android.gms } U=0: not found
02-04 23:21:31.927   895 25693 W ActivityManager: Unbind failed: could not find connection for android.os.BinderProxy@df77758
02-04 23:21:40.939   895 25695 W SettingsProvider: You shouldn't keep your settings in the secure settings. This will soon become an error.
02-04 23:21:40.942   895  4637 W SettingsProvider: You shouldn't keep your settings in the secure settings. This will soon become an error.
02-04 23:22:44.842   895  3166 I ActivityManager: Killing 25705:com.tencent.qqlive:services/u0a113 (adj 906): empty #17
02-04 23:22:44.864   895   927 W ProcessCpuTracker: Skipping unknown process pid 26626
02-04 23:22:44.881   895  3572 I ActivityManager: Start proc 26633:android.process.media/u0a8 for content providerName com.android.providers.downloads/.DownloadProvider
02-04 23:22:44.994   895  4701 D ConnectivityService: Returning blocked NetworkInfo to uid=10106
02-04 23:22:45.004   895  4717 D ConnectivityService: Returning blocked NetworkInfo to uid=10098
02-04 23:22:45.036   895   913 D ConnectivityService: Returning blocked NetworkInfo to uid=10144
02-04 23:22:45.069   895  7079 D ConnectivityService: Returning blocked NetworkInfo to uid=10096
02-04 23:22:45.085   895   929 E libprocessgroup: failed to kill 1 processes for processgroup 25705
02-04 23:22:45.097   895 25695 D ConnectivityService: Returning blocked NetworkInfo to uid=10091
02-04 23:22:45.126   895 25687 D ConnectivityService: Returning blocked NetworkInfo to uid=10103
02-04 23:22:45.163   895 29227 D ConnectivityService: Returning blocked NetworkInfo to uid=10087
02-04 23:22:45.198   895  7043 D ActivityManager: cleanUpApplicationRecord -- 25705
02-04 23:23:46.783   895 25727 I ActivityManager: Killing 25736:com.google.android.gms.feedback/u0a12 (adj 906): empty #17
02-04 23:23:46.852   895  7044 D ActivityManager: cleanUpApplicationRecord -- 25736
02-04 23:24:17.892   895   895 I ActivityManager: Killing 25465:com.wacai365/u0a101 (adj 906): empty #17
02-04 23:24:17.961   895 25689 D ActivityManager: cleanUpApplicationRecord -- 25465
02-04 23:29:15.963   895 29227 D ConnectivityService: Returning unblocked NetworkInfo to uid=10091
02-04 23:29:17.680   895 25694 D ConnectivityService: Returning unblocked NetworkInfo to uid=10106
02-04 23:29:18.792   895 25727 D ConnectivityService: Returning unblocked NetworkInfo to uid=10098
02-04 23:29:21.183   895   914 D ConnectivityService: Returning blocked NetworkInfo to uid=10098
02-04 23:29:21.190   895  4722 D ConnectivityService: Returning blocked NetworkInfo to uid=10106
02-04 23:30:01.019   895   895 D ConditionProviders.SCP: onReceive ScheduleConditionProvider.EVALUATE
02-04 23:30:01.024   895   895 D ConditionProviders.SCP: notifyCondition condition://android/schedule?days=6.7&start=23.30&end=10.0 STATE_TRUE reason=meetsSchedule
02-04 23:30:01.024   895   895 D ConditionProviders.SCP: notifyCondition condition://android/schedule?days=1.2.3.4.5&start=22.0&end=7.0 STATE_FALSE reason=!meetsSchedule
02-04 23:30:01.025   895   895 D ConditionProviders.SCP: notifyCondition condition://android/schedule?days=1.2.3.4.5.6.7&start=1.0&end=9.0 STATE_FALSE reason=!meetsSchedule
02-04 23:30:01.026   895   895 D ConditionProviders.SCP: Scheduling evaluate for Sun Feb 05 01:00:00 CST 2017 (1486278000000), in +1h29m58s981ms, now=Sat Feb 04 23:30:01 CST 2017 (1486272601019)
02-04 23:30:01.848   895  4637 I ActivityManager: Start proc 26851:com.google.android.apps.walletnfcrel/u0a73 for service com.google.android.apps.walletnfcrel/com.google.commerce.tapandpay.android.places.RetryPlacefencingService
02-04 23:30:02.407   895  4722 I ActivityManager: Start proc 26886:com.google.android.apps.photos/u0a62 for service com.google.android.apps.photos/.backup.core.PhotosBackupGcoreGcmTaskService
02-04 23:30:02.458   895 25694 I ActivityManager: Start proc 26903:com.google.android.talk/u0a53 for service com.google.android.talk/com.google.android.apps.hangouts.concurrent.impl.GcmTriggeredNotifier
02-04 23:30:03.036   895  7043 D CryptdConnector: SND -> {101 cryptfs getpwtype}
02-04 23:30:03.037   377   384 D VoldCryptCmdListener: cryptfs getpwtype
02-04 23:30:03.040   895  3187 D CryptdConnector: RCV <- {213 101 default}
02-04 23:30:03.068   895 25693 D ConnectivityService: Returning unblocked NetworkInfo to uid=10053
02-04 23:30:12.318   895 25690 I ActivityManager: Killing 25917:com.yodo1.crossyroad/u0a116 (adj 906): empty #17
02-04 23:30:12.353   895 25693 D ActivityManager: cleanUpApplicationRecord -- 25917
02-04 23:31:23.479   895   927 I ActivityManager: Waited long enough for: ServiceRecord{99f41eb u0 com.google.android.googlequicksearchbox/com.google.android.apps.gsa.search.core.service.SearchService}
02-04 23:31:44.250   895 25690 I Telecom : PhoneAccountRegistrar: SimCallManager queried, returning: null: TSI.gSCM@B/8
02-04 23:31:44.289   895 25692 I Telecom : PhoneAccountRegistrar: SimCallManager queried, returning: null: TSI.gSCM@CAE
02-04 23:34:03.703   895   914 D ConnectivityService: Returning blocked NetworkInfo to uid=10091
02-04 23:34:08.076   895   927 I ActivityManager: Killing 25835:com.netease.cloudmusic/u0a110 (adj 906): empty #17
02-04 23:34:08.082   895   929 I libprocessgroup: Killing pid 27125 in uid 10110 as part of process group 25835
02-04 23:34:08.089   895   929 I libprocessgroup: Killing pid 27125 in uid 10110 as part of process group 25835
02-04 23:34:08.168   895  7043 D ActivityManager: cleanUpApplicationRecord -- 25835
02-04 23:34:31.412   895  4637 D ConnectivityService: Returning blocked NetworkInfo to uid=10099
02-04 23:35:43.858   895   927 W ProcessCpuTracker: Skipping unknown process pid 27170
02-04 23:38:00.861   895   927 I ActivityManager: Waited long enough for: ServiceRecord{ca9c5f6 u0 com.google.android.apps.photos/com.google.android.libraries.social.async.BackgroundTaskService}
02-04 23:39:36.244   895 25691 D ConnectivityService: Returning unblocked NetworkInfo to uid=10098
02-04 23:39:38.643   895 23723 D ConnectivityService: Returning unblocked NetworkInfo to uid=10106
02-04 23:39:40.985   895 25727 D ConnectivityService: Returning blocked NetworkInfo to uid=10106
02-04 23:39:40.994   895  4722 D ConnectivityService: Returning blocked NetworkInfo to uid=10098
02-04 23:39:41.003   895 25690 D ConnectivityService: Returning blocked NetworkInfo to uid=10090
02-04 23:40:33.339   895   930 E BatteryStatsService: no controller energy info supplied
02-04 23:42:48.286   895   927 I ActivityManager: Waited long enough for: ServiceRecord{f2e69b7 u0 com.google.android.apps.photos/com.google.android.libraries.social.async.BackgroundTaskService}
02-04 23:46:01.438   895  3184 I PowerManagerService: Waking up from dozing (uid 1000)...
02-04 23:46:01.466   895   936 I DisplayPowerController: Blocking screen on until initial contents have been drawn.
02-04 23:46:01.481   895   934 I DisplayManagerService: Display device changed state: "Built-in Screen", ON
02-04 23:46:01.656   895 23723 D ConnectivityService: Returning unblocked NetworkInfo to uid=10096
02-04 23:46:01.713   895 25695 I ActivityManager: Start proc 27435:com.netease.cloudmusic/u0a110 for content providerName com.netease.cloudmusic/org.xjy.android.treasure.providerName.TreasureProvider
02-04 23:46:01.829   895   936 I DisplayPowerController: Unblocked screen on after 362 ms
02-04 23:46:01.830   895   936 I DreamManagerService: Gently waking up from dream.
02-04 23:46:01.832   895  4634 I DreamManagerService: Leaving dreamland.
02-04 23:46:01.833   895   932 I DreamController: Stopping dream: name=ComponentInfo{com.android.systemui/com.android.systemui.doze.DozeService}, isTest=false, canDoze=true, userId=0
02-04 23:46:03.406   895 25696 D ConnectivityService: Returning unblocked NetworkInfo to uid=10098
02-04 23:46:03.454   895  3184 I PowerManagerService: Going to sleep due to power button (uid 1000)...
02-04 23:46:04.011   895  4637 D ConnectivityService: Returning unblocked NetworkInfo to uid=10091
02-04 23:46:04.011   895   934 I DisplayManagerService: Display device changed state: "Built-in Screen", OFF
02-04 23:46:04.329   895   936 I DreamManagerService: Entering dreamland.
02-04 23:46:04.331   895   936 I PowerManagerService: Dozing...
02-04 23:46:04.331   895   932 I DreamController: Starting dream: name=ComponentInfo{com.android.systemui/com.android.systemui.doze.DozeService}, isTest=false, canDoze=true, userId=0
02-04 23:46:04.390   895  7040 D ConnectivityService: Returning unblocked NetworkInfo to uid=10103
02-04 23:46:04.864   895 25694 D ConnectivityService: Returning unblocked NetworkInfo to uid=10099
02-04 23:46:05.250   895  7041 D ConnectivityService: Returning unblocked NetworkInfo to uid=10106
02-04 23:46:08.127 21581 21581 E ActivityThread: Failed to find providerName info for com.huawei.android.launcher.settings
02-04 23:46:08.569 21581 21581 E ActivityThread: Failed to find providerName info for com.huawei.android.launcher.settings
02-04 23:46:34.058   895   936 I DisplayPowerController: Blocking screen on until initial contents have been drawn.
02-04 23:46:34.060   895   934 I DisplayManagerService: Display device changed state: "Built-in Screen", DOZE
02-04 23:46:34.435   895   936 I DisplayPowerController: Unblocked screen on after 376 ms
02-04 23:46:41.271   895   934 I DisplayManagerService: Display device changed state: "Built-in Screen", OFF
02-04 23:46:50.914 27435 27488 W FileUtils: Failed to chmod(/storage/emulated/0/netease/utils/wu.dat): android.system.ErrnoException: chmod failed: EPERM (Operation not permitted)
02-04 23:47:43.927   895   895 V FingerprintService: onAuthenticated(owner=com.android.systemui, id=181202643, gp=0)
02-04 23:47:43.933   895   895 V FingerprintService: Done with client: com.android.systemui
02-04 23:47:43.950   895 25693 I PowerManagerService: Waking up from dozing (uid 10027)...
02-04 23:47:43.966   895   936 I DisplayPowerController: Blocking screen on until initial contents have been drawn.
02-04 23:47:43.981   895   934 I DisplayManagerService: Display device changed state: "Built-in Screen", ON
02-04 23:47:44.001   895   934 E WindowManager: Timeout waiting for animation to startup
02-04 23:47:44.039   895 25693 D ConnectivityService: Returning unblocked NetworkInfo to uid=10087
02-04 23:47:44.375   895  7079 W InputMethodManagerService: Window already focused, ignoring focus gain of: com.android.internal.view.IInputMethodClient$Stub$Proxy@5165efc attribute=android.view.inputmethod.EditorInfo@e5f6985, token = android.os.BinderProxy@c81a589
02-04 23:47:44.396   895   936 I DisplayPowerController: Unblocked screen on after 430 ms
02-04 23:47:44.396   895   936 I DreamManagerService: Gently waking up from dream.
02-04 23:47:44.432   895 25688 I DreamManagerService: Leaving dreamland.
02-04 23:47:44.432   895   932 I DreamController: Stopping dream: name=ComponentInfo{com.android.systemui/com.android.systemui.doze.DozeService}, isTest=false, canDoze=true, userId=0
02-04 23:47:44.483   895  7079 D ConnectivityService: Returning unblocked NetworkInfo to uid=10144
02-04 23:47:44.540   895 29227 W BroadcastQueue: Permission Denial: broadcasting Intent { act=android.intent.action.USER_PRESENT flg=0x24000010 } from com.android.systemui (pid=3347, uid=10027) is not exported from uid 10098 due to receiver com.netease.newsreader.activity/com.netease.nr.biz.push.wakeup.WakeUpReceiver
02-04 23:47:44.555   895 25692 W BroadcastQueue: Permission Denial: broadcasting Intent { act=android.intent.action.USER_PRESENT flg=0x24000010 } from com.android.systemui (pid=3347, uid=10027) is not exported from uid 10113 due to receiver com.tencent.qqlive/.services.push.PushAlarmReceiver
02-04 23:47:44.580   895  7079 W BroadcastQueue: Permission Denial: broadcasting Intent { act=android.intent.action.USER_PRESENT flg=0x24000010 } from com.android.systemui (pid=3347, uid=10027) is not exported from uid 10138 due to receiver com.zhihu.android/com.avos.avoscloud.AVBroadcastReceiver
02-04 23:47:44.618   895 25727 I ActivityManager: Setting hasTopUi=false for pid=3347
02-04 23:47:45.068   895 25691 W SettingsProvider: You shouldn't keep your settings in the secure settings. This will soon become an error.
02-04 23:47:45.077   895  4701 W SettingsProvider: You shouldn't keep your settings in the secure settings. This will soon become an error.
02-04 23:47:45.115   895  3553 W SettingsProvider: You shouldn't keep your settings in the secure settings. This will soon become an error.
02-04 23:47:45.391   895  4717 I ActivityManager: START u0 {act=android.intent.action.MAIN cat=[android.intent.category.LAUNCHER] flg=0x10200000 cmp=com.google.android.GoogleCamera/com.android.camera.CameraLauncher bnds=[15,436][297,760] (has extras)} from uid 10029 on display 0
02-04 23:47:45.439   895  3293 I ActivityManager: Start proc 27688:com.google.android.GoogleCamera/u0a45 for activity com.google.android.GoogleCamera/com.android.camera.CameraLauncher
02-04 23:47:49.818   895   930 E BatteryStatsService: no controller energy info supplied
02-04 23:47:50.134   895 25689 I ActivityManager: Process com.qualcomm.qcrilmsgtunnel (pid 17757) has died
02-04 23:47:50.134   895 25689 D ActivityManager: cleanUpApplicationRecord -- 17757
02-04 23:47:50.134   895 25689 W ActivityManager: Scheduling restart of crashed service com.qualcomm.qcrilmsgtunnel/.QcrilMsgTunnelService in 1000ms
02-04 23:47:50.138   895 25692 I ActivityManager: Process com.huawei.sarcontrolservice (pid 17737) has died
02-04 23:47:50.138   895 25692 D ActivityManager: cleanUpApplicationRecord -- 17737
02-04 23:47:50.138   895 25692 W ActivityManager: Scheduling restart of crashed service com.huawei.sarcontrolservice/.SarControlService in 10997ms
02-04 23:47:50.272   895  3293 I ActivityManager: Process com.reddit.frontpage (pid 24653) has died
02-04 23:47:50.272   895  3293 D ActivityManager: cleanUpApplicationRecord -- 24653
02-04 23:47:51.174   895   927 I ActivityManager: Start proc 27929:com.qualcomm.qcrilmsgtunnel/1001 for service com.qualcomm.qcrilmsgtunnel/.QcrilMsgTunnelService
02-04 23:47:51.304   895 29227 I ActivityManager: Process com.netease.pomelo.news.push.messageservice_V1 (pid 17801) has died
02-04 23:47:51.304   895 29227 D ActivityManager: cleanUpApplicationRecord -- 17801
02-04 23:47:51.304   895 29227 W ActivityManager: Scheduling restart of crashed service com.netease.newsreader.activity/com.netease.pushservice.core.PushServiceNews_V1 in 19830ms
02-04 23:47:51.353   895  7044 I ActivityManager: Process com.google.android.calendar (pid 26569) has died
02-04 23:47:51.353   895  7044 D ActivityManager: cleanUpApplicationRecord -- 26569
02-04 23:47:51.657   895   913 I ActivityManager: Process com.android.providers.calendar (pid 26555) has died
02-04 23:47:51.658   895   913 D ActivityManager: cleanUpApplicationRecord -- 26555
02-04 23:47:51.662   895  4701 I ActivityManager: Process com.android.printspooler (pid 25274) has died
02-04 23:47:51.662   895  4701 D ActivityManager: cleanUpApplicationRecord -- 25274
02-04 23:47:51.909   895  7044 I ActivityManager: Process com.google.android.keep (pid 26050) has died
02-04 23:47:51.909   895  7044 D ActivityManager: cleanUpApplicationRecord -- 26050
02-04 23:47:51.914   895  4639 D ConnectivityService: ConnectivityService NetworkRequestInfo binderDied(NetworkRequest [ LISTEN id=347, [ Capabilities: INTERNET&NOT_RESTRICTED&TRUSTED&FOREGROUND] ], android.os.BinderProxy@3335503)
02-04 23:47:51.915   895  4641 I ActivityManager: Process com.google.android.apps.plus (pid 25565) has died
02-04 23:47:51.915   895  4641 D ActivityManager: cleanUpApplicationRecord -- 25565
02-04 23:47:51.917   895  3197 E ConnectivityService: RemoteException caught trying to send a callback msg for NetworkRequest [ LISTEN id=347, [ Capabilities: INTERNET&NOT_RESTRICTED&TRUSTED&FOREGROUND] ]
02-04 23:47:52.240   895 25694 I ActivityManager: Process com.google.android.apps.walletnfcrel (pid 26851) has died
02-04 23:47:52.240   895 25694 D ActivityManager: cleanUpApplicationRecord -- 26851
02-04 23:47:52.492   895   929 E libprocessgroup: failed to kill 1 processes for processgroup 26851
02-04 23:47:52.691   895  3572 D ConnectivityService: Returning unblocked NetworkInfo to uid=10129
02-04 23:47:53.371   895 25689 I ActivityManager: Process com.google.android.talk (pid 26903) has died
02-04 23:47:53.371   895 25689 D ActivityManager: cleanUpApplicationRecord -- 26903
02-04 23:47:53.724   895  4701 D ConnectivityService: ConnectivityService NetworkRequestInfo binderDied(NetworkRequest [ LISTEN id=348, [ Capabilities: INTERNET&NOT_RESTRICTED&TRUSTED&FOREGROUND] ], android.os.BinderProxy@bd7f3d4)
02-04 23:47:53.724   895 25694 I ActivityManager: Process com.discoverfinancial.mobile (pid 26455) has died
02-04 23:47:53.724   895 25694 D ActivityManager: cleanUpApplicationRecord -- 26455
02-04 23:47:53.725   895  3197 E ConnectivityService: RemoteException caught trying to send a callback msg for NetworkRequest [ LISTEN id=348, [ Capabilities: INTERNET&NOT_RESTRICTED&TRUSTED&FOREGROUND] ]
02-04 23:47:53.725   895  4637 D ConnectivityService: ConnectivityService NetworkRequestInfo binderDied(NetworkRequest [ LISTEN id=349, [ Capabilities: INTERNET&NOT_RESTRICTED&TRUSTED&FOREGROUND] ], android.os.BinderProxy@135997d)
02-04 23:47:53.725   895  3197 E ConnectivityService: RemoteException caught trying to send a callback msg for NetworkRequest [ LISTEN id=349, [ Capabilities: INTERNET&NOT_RESTRICTED&TRUSTED&FOREGROUND] ]
02-04 23:47:53.858   895   914 I ActivityManager: Process com.tinder (pid 25656) has died
02-04 23:47:53.858   895   914 D ActivityManager: cleanUpApplicationRecord -- 25656
02-04 23:47:54.559   895  3184 I PowerManagerService: Going to sleep due to power button (uid 1000)...
02-04 23:47:54.576   895   895 V FingerprintService: startAuthentication(com.android.systemui)
02-04 23:47:54.577   895   895 V FingerprintService: starting client AuthenticationClient(com.android.systemui), initiatedByClient = true)
02-04 23:47:54.577   895   895 W FingerprintService: client com.android.systemui is authenticating...
02-04 23:47:55.073   895   934 I DisplayManagerService: Display device changed state: "Built-in Screen", OFF
02-04 23:47:55.407   895   936 I DreamManagerService: Entering dreamland.
02-04 23:47:55.410   895   936 I PowerManagerService: Dozing...
02-04 23:47:55.413   895   932 I DreamController: Starting dream: name=ComponentInfo{com.android.systemui/com.android.systemui.doze.DozeService}, isTest=false, canDoze=true, userId=0
02-04 23:47:55.466   895 25690 I ActivityManager: Setting hasTopUi=true for pid=3347
02-04 23:47:57.287   895  3184 I PowerManagerService: Waking up from dozing (uid 1000)...
02-04 23:47:57.314   895   936 I DisplayPowerController: Blocking screen on until initial contents have been drawn.
02-04 23:47:57.332   895   934 I DisplayManagerService: Display device changed state: "Built-in Screen", ON
02-04 23:47:57.434   895  7044 D ConnectivityService: ConnectivityService NetworkRequestInfo binderDied(NetworkRequest [ LISTEN id=345, [ Capabilities: INTERNET&NOT_RESTRICTED&TRUSTED&NOT_VPN&FOREGROUND] ], android.os.BinderProxy@560dcb3)
02-04 23:47:57.435   895  3293 I ActivityManager: Process com.instagram.android (pid 24994) has died
02-04 23:47:57.435   895  3293 D ActivityManager: cleanUpApplicationRecord -- 24994
02-04 23:47:57.435   895  3197 E ConnectivityService: RemoteException caught trying to send a callback msg for NetworkRequest [ LISTEN id=345, [ Capabilities: INTERNET&NOT_RESTRICTED&TRUSTED&NOT_VPN&FOREGROUND] ]
02-04 23:47:57.463   895 25693 I ActivityManager: Process com.google.android.apps.photos (pid 26886) has died
02-04 23:47:57.463   895 25693 D ActivityManager: cleanUpApplicationRecord -- 26886
02-04 23:47:57.690   895   936 I DisplayPowerController: Unblocked screen on after 376 ms
02-04 23:47:57.692   895   936 I DreamManagerService: Gently waking up from dream.
02-04 23:47:57.694   895 25692 I DreamManagerService: Leaving dreamland.
02-04 23:47:57.694   895   932 I DreamController: Stopping dream: name=ComponentInfo{com.android.systemui/com.android.systemui.doze.DozeService}, isTest=false, canDoze=true, userId=0
02-04 23:48:00.484   895   895 I ActivityManager: Start proc 28097:com.google.android.apps.photos/u0a62 for service com.google.android.apps.photos/.mediamonitor.MediaMonitorJobSchedulerService
02-04 23:48:00.871   895  4722 I ActivityManager: Start proc 28124:com.google.android.apps.plus/u0a77 for broadcast com.google.android.apps.plus/com.google.android.libraries.social.mediamonitor.MediaMonitor
02-04 23:48:00.899   895 25693 I ActivityManager: Start proc 28138:com.google.android.apps.photos:CameraShortcut/u0a62 for service com.google.android.apps.photos/.camerashortcut.CameraShortcutServiceImpl
02-04 23:48:01.030   895   895 I ActivityManager: Start proc 28151:com.google.android.apps.maps/u0a58 for service com.google.android.apps.maps/com.google.android.apps.gmm.ugc.clientnotification.phototaken.PhotoTakenObserverService
02-04 23:48:01.147   895   927 I ActivityManager: Start proc 28164:com.huawei.sarcontrolservice/u0a54 for service com.huawei.sarcontrolservice/.SarControlService
02-04 23:48:01.514   895  3572 D CryptdConnector: SND -> {102 cryptfs getpwtype}
02-04 23:48:01.516   377   384 D VoldCryptCmdListener: cryptfs getpwtype
02-04 23:48:01.518   895  3187 D CryptdConnector: RCV <- {213 102 default}
02-04 23:48:01.803   895  4634 D CryptdConnector: SND -> {103 cryptfs getpwtype}
02-04 23:48:01.803   377   384 D VoldCryptCmdListener: cryptfs getpwtype
02-04 23:48:01.805   895 25691 D ConnectivityService: Returning unblocked NetworkInfo to uid=10058
02-04 23:48:01.806   895  3187 D CryptdConnector: RCV <- {213 103 default}
02-04 23:48:01.904   895 25694 I ActivityManager: Start proc 28220:com.google.android.gms.feedback/u0a12 for service com.google.android.gms/.feedback.FeedbackService
02-04 23:48:03.145   895 25687 W ActivityManager: Permission Denial: opening providerName com.android.providers.contacts.ContactsProvider2 from ProcessRecord{7008569 28124:com.google.android.apps.plus/u0a77} (pid=28124, uid=10077) requires android.permission.READ_CONTACTS or android.permission.WRITE_CONTACTS
02-04 23:48:03.375   895   913 W ActivityManager: Permission Denial: opening providerName com.android.providers.contacts.ContactsProvider2 from ProcessRecord{7008569 28124:com.google.android.apps.plus/u0a77} (pid=28124, uid=10077) requires android.permission.READ_CONTACTS or android.permission.WRITE_CONTACTS
02-04 23:48:03.385   895  4637 W ActivityManager: Permission Denial: opening providerName com.android.providers.contacts.ContactsProvider2 from ProcessRecord{7008569 28124:com.google.android.apps.plus/u0a77} (pid=28124, uid=10077) requires android.permission.READ_CONTACTS or android.permission.WRITE_CONTACTS
02-04 23:48:07.281   895  4722 I PowerManagerService: Going to sleep due to screen timeout (uid 1000)...
02-04 23:48:07.830   895   934 I DisplayManagerService: Display device changed state: "Built-in Screen", OFF
02-04 23:48:08.147   895   936 I DreamManagerService: Entering dreamland.
02-04 23:48:08.147   895   936 I PowerManagerService: Dozing...
02-04 23:48:08.148   895   932 I DreamController: Starting dream: name=ComponentInfo{com.android.systemui/com.android.systemui.doze.DozeService}, isTest=false, canDoze=true, userId=0
02-04 23:48:16.534   895   927 I ActivityManager: Start proc 28351:com.netease.pomelo.news.push.messageservice_V1/u0a98 for service com.netease.newsreader.activity/com.netease.pushservice.core.PushServiceNews_V1
02-04 23:48:26.964   895 25693 I ActivityManager: Start proc 28378:com.tinder/u0a129 for service com.tinder/.globalping.service.GlobalPingTaskService
02-04 23:49:09.463   895 23723 W SettingsProvider: You shouldn't keep your settings in the secure settings. This will soon become an error.
02-04 23:49:09.466   895 25691 W SettingsProvider: You shouldn't keep your settings in the secure settings. This will soon become an error.
02-04 23:50:35.988   895   936 I DisplayPowerController: Blocking screen on until initial contents have been drawn.
02-04 23:50:35.991   895   934 I DisplayManagerService: Display device changed state: "Built-in Screen", DOZE
02-04 23:50:36.372   895   936 I DisplayPowerController: Unblocked screen on after 384 ms
02-04 23:50:36.700   895 25694 I PowerManagerService: Waking up from dozing (uid 10027)...
02-04 23:50:36.736   895   934 I DisplayManagerService: Display device changed state: "Built-in Screen", ON
02-04 23:50:36.747   895   936 I DreamManagerService: Gently waking up from dream.
02-04 23:50:36.773   895  3293 I DreamManagerService: Leaving dreamland.
02-04 23:50:36.774   895   932 I DreamController: Stopping dream: name=ComponentInfo{com.android.systemui/com.android.systemui.doze.DozeService}, isTest=false, canDoze=true, userId=0
02-04 23:50:42.014   895  3184 I PowerManagerService: Going to sleep due to power button (uid 1000)...
02-04 23:50:42.531   895   934 I DisplayManagerService: Display device changed state: "Built-in Screen", OFF
02-04 23:50:42.870   895   936 I DreamManagerService: Entering dreamland.
02-04 23:50:42.871   895   936 I PowerManagerService: Dozing...
02-04 23:50:42.871   895   932 I DreamController: Starting dream: name=ComponentInfo{com.android.systemui/com.android.systemui.doze.DozeService}, isTest=false, canDoze=true, userId=0
02-04 23:51:17.996   895  3184 I PowerManagerService: Waking up from dozing (uid 1000)...
02-04 23:51:18.019   895   936 I DisplayPowerController: Blocking screen on until initial contents have been drawn.
02-04 23:51:18.031   895   934 I DisplayManagerService: Display device changed state: "Built-in Screen", ON
02-04 23:51:18.375   895   936 I DisplayPowerController: Unblocked screen on after 356 ms
02-04 23:51:18.380   895   936 I DreamManagerService: Gently waking up from dream.
02-04 23:51:18.382   895 25727 I DreamManagerService: Leaving dreamland.
02-04 23:51:18.382   895   932 I DreamController: Stopping dream: name=ComponentInfo{com.android.systemui/com.android.systemui.doze.DozeService}, isTest=false, canDoze=true, userId=0
02-04 23:51:18.916   895   895 V FingerprintService: stop client com.android.systemui
02-04 23:51:18.932   895   895 W FingerprintService: client com.android.systemui is no longer authenticating
02-04 23:51:18.955   895  7043 W InputMethodManagerService: Window already focused, ignoring focus gain of: com.android.internal.view.IInputMethodClient$Stub$Proxy@af30589 attribute=android.view.inputmethod.EditorInfo@61f498e, token = android.os.BinderProxy@c81a589
02-04 23:51:19.240   895 25695 I ActivityManager: Start proc 28791:com.instagram.android/u0a90 for broadcast com.instagram.android/com.instagram.push.fbns.FbnsInitBroadcastReceiver
02-04 23:51:19.270   895   895 V FingerprintService: Done with client: com.android.systemui
02-04 23:51:19.270   895   895 V FingerprintService: handleError(client=com.android.systemui, error = 5)
02-04 23:51:19.389   895  4634 I ActivityManager: Setting hasTopUi=false for pid=3347
02-04 23:51:19.881   895  7079 I ActivityManager: Setting hasTopUi=true for pid=3347
02-04 23:51:20.031   895  3553 W BroadcastQueue: Permission Denial: broadcasting Intent { act=android.intent.action.USER_PRESENT flg=0x24000010 } from com.android.systemui (pid=3347, uid=10027) is not exported from uid 10098 due to receiver com.netease.newsreader.activity/com.netease.nr.biz.push.wakeup.WakeUpReceiver
02-04 23:51:20.043   895  3572 W BroadcastQueue: Permission Denial: broadcasting Intent { act=android.intent.action.USER_PRESENT flg=0x24000010 } from com.android.systemui (pid=3347, uid=10027) is not exported from uid 10113 due to receiver com.tencent.qqlive/.services.push.PushAlarmReceiver
02-04 23:51:20.072   895  7041 W BroadcastQueue: Permission Denial: broadcasting Intent { act=android.intent.action.USER_PRESENT flg=0x24000010 } from com.android.systemui (pid=3347, uid=10027) is not exported from uid 10138 due to receiver com.zhihu.android/com.avos.avoscloud.AVBroadcastReceiver
02-04 23:51:20.942   895 25687 W InputMethodManagerService: Window already focused, ignoring focus gain of: com.android.internal.view.IInputMethodClient$Stub$Proxy@8375550 attribute=null, token = android.os.BinderProxy@c81a589
02-04 23:51:20.955   895  3572 I ActivityManager: Setting hasTopUi=false for pid=3347
02-04 23:51:22.986   895 25693 I ActivityManager: START u0 {act=android.intent.action.MAIN cat=[android.intent.category.LAUNCHER] flg=0x10200000 cmp=com.google.android.apps.maps/com.google.android.maps.MapsActivity bnds=[617,630][904,956] (has extras)} from uid 10029 on display 0
02-04 23:51:48.875   895  4641 W ActivityManager: Permission Denial: Accessing service ComponentInfo{com.google.android.music/com.google.android.music.dial.DialMediaRouteProviderService} from pid=28151, uid=10058 that is not exported from uid 10059
02-04 23:51:48.980   895 25688 I ActivityManager: Start proc 29068:com.google.android.tts/u0a51 for service com.google.android.tts/.service.GoogleTTSService
02-04 23:52:04.676   895  4641 I ActivityManager: Start proc 29267:com.google.android.gms.ui/u0a12 for service com.google.android.gms/.chimera.UiIntentOperationService
02-04 23:52:18.123   895   930 E BatteryStatsService: no controller energy info supplied
02-04 23:52:25.133   895   926 I ActivityManager: Start proc 29336:com.reddit.frontpage/u0a118 for service com.reddit.frontpage/.sync.UserDataSyncService
02-04 23:52:25.667   895 25696 D ConnectivityService: Returning unblocked NetworkInfo to uid=10118
02-04 23:52:34.026   895   927 I ProcessStatsService: Prepared write state in 21ms
02-04 23:52:34.040   895   926 I ProcessStatsService: Pruning old procstats: /data/system/procstats/state-2017-02-03-15-02-43.bin
02-04 23:53:39.925   895  4700 W SettingsProvider: You shouldn't keep your settings in the secure settings. This will soon become an error.
02-04 23:53:39.926   895 25690 W SettingsProvider: You shouldn't keep your settings in the secure settings. This will soon become an error.
02-04 23:54:24.068   895   926 D ConnectivityService: requestNetwork for uid/pid:1000/895 NetworkRequest [ REQUEST id=351, legacyType=3, [ Transports: CELLULAR Capabilities: SUPL&NOT_RESTRICTED&TRUSTED&NOT_VPN] ]
02-04 23:54:24.072   895  3197 D ConnectivityService: Sending CONNECTED broadcast for type 3 NetworkAgentInfo [MOBILE (LTE) - 139] isDefaultNetwork=true
02-04 23:54:24.109   895   926 D ConnectivityService: Adding legacy route 1.3.64.195/32 -> 10.55.155.180 rmnet_data0 for UID/PID 1000/895
02-04 23:54:24.115   895   926 D ConnectivityService: requestRouteToHostAddress ok=true
02-04 23:54:24.868   895  3197 D ConnectivityService: releasing NetworkRequest [ REQUEST id=351, legacyType=3, [ Transports: CELLULAR Capabilities: SUPL&NOT_RESTRICTED&TRUSTED&NOT_VPN] ]
02-04 23:54:24.869   895  3197 D ConnectivityService: Sending DISCONNECTED broadcast for type 3 NetworkAgentInfo [MOBILE (LTE) - 139] isDefaultNetwork=false
02-04 23:54:24.956   895 25690 D ConnectivityService: Returning blocked NetworkInfo to uid=10110
02-04 23:54:24.956   895 25687 D ConnectivityService: Returning unblocked NetworkInfo to uid=10085
02-04 23:54:25.024   895 25690 D ConnectivityService: Returning unblocked NetworkInfo to uid=10086
02-04 23:54:25.583   895  7044 I ActivityManager: Start proc 29699:com.wacai365/u0a101 for broadcast com.wacai365/com.xiaomi.push.service.receivers.NetworkStatusReceiver
02-04 23:54:26.786   895 25692 I ActivityManager: Start proc 29740:com.wacai365:droid/u0a101 for service com.wacai365/com.android.service.DroidService
02-04 23:54:27.364   895   913 I ActivityManager: Process com.wacai365:droid (pid 29740) has died
02-04 23:54:27.365   895   913 D ActivityManager: cleanUpApplicationRecord -- 29740
02-04 23:54:27.725   895 25690 I ActivityManager: Start proc 29787:com.discoverfinancial.mobile/u0a100 for broadcast com.discoverfinancial.mobile/com.liveperson.mobile.android.networking.NetworkChangeReceiver
02-04 23:54:29.163   895 25693 I ActivityManager: Start proc 29829:com.tencent.qqlive/u0a113 for service com.tencent.qqlive/com.xiaomi.mipush.sdk.PushMessageHandler
02-04 23:54:29.294   895  3293 I ActivityManager: Start proc 29846:com.netease.cloudmusic:pushservice/u0a110 for broadcast com.netease.cloudmusic/com.huawei.android.pushagent.PushBootReceiver
02-04 23:54:29.892   895   913 I ActivityManager: Start proc 29873:com.tencent.qqlive:services/u0a113 for service com.tencent.qqlive/.services.config.ConfigService
02-04 23:54:30.262 29873 29873 E ActivityThread: Failed to find providerName info for oicq.wlogin_sdk.WloginProvider
02-04 23:54:30.941   895  7043 D ConnectivityService: Returning blocked NetworkInfo to uid=10113
02-04 23:54:31.312   895   933 D BluetoothManagerService: Message: 20
02-04 23:54:31.312   895   933 D BluetoothManagerService: Added callback: android.bluetooth.IBluetoothManagerCallback$Stub$Proxy@e839b6b:true
02-04 23:54:31.583   895  4641 I ActivityManager: Killing 27688:com.google.android.GoogleCamera/u0a45 (adj 906): empty #17
02-04 23:54:31.800   895   929 E libprocessgroup: failed to kill 1 processes for processgroup 27688
02-04 23:54:32.381   895  4717 D ActivityManager: cleanUpApplicationRecord -- 27688
02-04 23:54:32.598   895 23723 I ActivityManager: Start proc 29964:com.wacai365:droid/u0a101 for service com.wacai365/com.android.service.DroidService
02-04 23:54:32.730   895 25696 I ActivityManager: Start proc 29982:com.yodo1.crossyroad/u0a116 for broadcast com.yodo1.crossyroad/com.inmobi.commons.analytics.androidsdk.IMAdTrackerReceiver
02-04 23:54:34.286   895 25690 I ActivityManager: Killing 28138:com.google.android.apps.photos:CameraShortcut/u0a62 (adj 906): empty #17
02-04 23:54:34.289   895 25693 I ActivityManager: Process com.wacai365:droid (pid 29964) has died
02-04 23:54:34.289   895 25693 D ActivityManager: cleanUpApplicationRecord -- 29964
02-04 23:54:34.435   895  3553 D ConnectivityService: Returning unblocked NetworkInfo to uid=10108
02-04 23:54:34.524   895   929 E libprocessgroup: failed to kill 1 processes for processgroup 28138
02-04 23:54:34.546   895  3572 D ActivityManager: cleanUpApplicationRecord -- 28138
02-04 23:54:41.666   895 25688 W ActivityManager: Permission Denial: Accessing service ComponentInfo{com.google.android.music/com.google.android.music.dial.DialMediaRouteProviderService} from pid=28151, uid=10058 that is not exported from uid 10059
02-04 23:54:42.722   895   926 I ActivityManager: Start proc 30108:com.android.printspooler/u0a69 for service com.android.printspooler/.model.PrintSpoolerService
02-04 23:54:44.888   895  4639 I ActivityManager: Start proc 30127:android.process.acore/u0a2 for content providerName com.android.providers.contacts/.ContactsProvider2
02-04 23:54:44.945   895 27717 I ActivityManager: Killing 26633:android.process.media/u0a8 (adj 906): empty #17
02-04 23:54:44.966   895  7041 D ActivityManager: cleanUpApplicationRecord -- 26633
02-04 23:54:45.786  7069  7069 E AndroidRuntime: FATAL EXCEPTION: main
02-04 23:54:45.786  7069  7069 E AndroidRuntime: Process: com.moutaigua.accounting, PID: 7069
02-04 23:54:45.786  7069  7069 E AndroidRuntime: java.lang.NullPointerException: Attempt to invoke virtual method 'int java.lang.String.indexOf(java.lang.String)' on a null object reference
02-04 23:54:45.786  7069  7069 E AndroidRuntime: 	at getDiscoverTransMerchant(TransactionListener.java:79)
02-04 23:54:45.786  7069  7069 E AndroidRuntime: 	at com.moutaigua.accounting.TransactionListener.onNotificationPosted(TransactionListener.java:55)
02-04 23:54:45.786  7069  7069 E AndroidRuntime: 	at android.service.notification.NotificationListenerService.onNotificationPosted(NotificationListenerService.java:237)
02-04 23:54:45.786  7069  7069 E AndroidRuntime: 	at android.service.notification.NotificationListenerService$MyHandler.handleMessage(NotificationListenerService.java:1441)
02-04 23:54:45.786  7069  7069 E AndroidRuntime: 	at android.os.Handler.dispatchMessage(Handler.java:102)
02-04 23:54:45.786  7069  7069 E AndroidRuntime: 	at android.os.Looper.loop(Looper.java:154)
02-04 23:54:45.786  7069  7069 E AndroidRuntime: 	at android.app.ActivityThread.main(ActivityThread.java:6119)
02-04 23:54:45.786  7069  7069 E AndroidRuntime: 	at java.lang.reflect.Method.invoke(Native Method)
02-04 23:54:45.786  7069  7069 E AndroidRuntime: 	at com.android.internal.os.ZygoteInit$MethodAndArgsCaller.run(ZygoteInit.java:886)
02-04 23:54:45.786  7069  7069 E AndroidRuntime: 	at com.android.internal.os.ZygoteInit.main(ZygoteInit.java:776)
02-04 23:54:47.170   895 25693 I ActivityManager: Killing 7069:com.moutaigua.accounting/u0a150 (adj 100): crash
02-04 23:54:47.171   895 25693 D ActivityManager: cleanUpApplicationRecord -- 7069
02-04 23:54:47.176   895   895 V NotificationListeners: notification listener connection lost: ComponentInfo{com.moutaigua.accounting/com.moutaigua.accounting.TransactionListener}
02-04 23:54:47.199   895 29227 W InputMethodManagerService: Window already focused, ignoring focus gain of: com.android.internal.view.IInputMethodClient$Stub$Proxy@39f749b attribute=null, token = android.os.BinderProxy@12d169d
02-04 23:54:47.364   895   934 W AppOps  : Finishing op nesting under-run: uid 1000 pkg android code 24 time=0 duration=0 nesting=0
02-04 23:54:47.855   895 25696 I ActivityManager: Killing 29267:com.google.android.gms.ui/u0a12 (adj 906): empty #17
02-04 23:54:47.879   895  4637 D ActivityManager: cleanUpApplicationRecord -- 29267
02-04 23:54:52.433   895  7044 I ActivityManager: Killing 28220:com.google.android.gms.feedback/u0a12 (adj 906): empty #17
02-04 23:54:52.490   895  4641 D ActivityManager: cleanUpApplicationRecord -- 28220
02-04 23:55:00.103   895 25696 I ActivityManager: Setting hasTopUi=true for pid=3347
02-04 23:55:03.178   895 25689 W InputMethodManagerService: Window already focused, ignoring focus gain of: com.android.internal.view.IInputMethodClient$Stub$Proxy@f0c344d attribute=null, token = android.os.BinderProxy@12d169d
02-04 23:55:03.190   895  7043 I ActivityManager: Setting hasTopUi=false for pid=3347
02-04 23:55:22.032   895   930 E BatteryStatsService: no controller energy info supplied
02-04 23:57:41.258   895   926 I ActivityManager: Start proc 30940:com.netease.newsreader.activity:sync/u0a98 for service com.netease.newsreader.activity/com.netease.nr.biz.account.SyncService
02-04 23:57:41.977   895  7079 I ActivityManager: Killing 28097:com.google.android.apps.photos/u0a62 (adj 906): empty #17
02-04 23:57:42.026   895 25692 D ActivityManager: cleanUpApplicationRecord -- 28097
02-04 23:58:10.459   895 27717 W SettingsProvider: You shouldn't keep your settings in the secure settings. This will soon become an error.
02-04 23:58:10.463   895  4634 W SettingsProvider: You shouldn't keep your settings in the secure settings. This will soon become an error.
02-04 23:58:26.192   895   930 E BatteryStatsService: no controller energy info supplied
02-04 23:59:48.041   895   930 E BatteryStatsService: no controller energy info supplied
02-05 00:00:00.050   895   895 I ActivityManager: Start proc 31296:com.google.android.calendar/u0a36 for broadcast com.google.android.calendar/com.android.calendar.widget.CalendarAppWidgetProvider
02-05 00:00:00.467   895  7041 I ActivityManager: Start proc 31313:com.android.providers.calendar/u0a1 for content providerName com.android.providers.calendar/.CalendarProvider2
02-05 00:00:00.563   895 25688 D CryptdConnector: SND -> {104 cryptfs getpwtype}
02-05 00:00:00.564   377   384 D VoldCryptCmdListener: cryptfs getpwtype
02-05 00:00:00.571   895  3187 D CryptdConnector: RCV <- {213 104 default}
02-05 00:00:00.745   895 25690 W ActivityManager: Unable to start service Intent { act=com.google.android.gms.playlog.service.START pkg=com.google.android.gms } U=0: not found
02-05 00:00:00.748   895  4637 W ActivityManager: Unbind failed: could not find connection for android.os.BinderProxy@3eadd9
02-05 00:00:00.929   895  7079 I ActivityManager: Start proc 31338:com.google.android.deskclock/u0a66 for broadcast com.google.android.deskclock/com.android.alarmclock.DigitalAppWidgetProvider
02-05 00:00:00.933   895 25695 I ActivityManager: Killing 29829:com.tencent.qqlive/u0a113 (adj 906): empty #17
02-05 00:00:00.934   895 25695 I ActivityManager: Killing 28124:com.google.android.apps.plus/u0a77 (adj 906): empty #18
02-05 00:00:01.000   895  4641 D ActivityManager: cleanUpApplicationRecord -- 28124
02-05 00:00:01.003   895 29227 D ActivityManager: cleanUpApplicationRecord -- 29829
02-05 00:00:01.492   895 25687 I ActivityManager: Start proc 31357:com.qualcomm.timeservice/1000 for broadcast com.qualcomm.timeservice/.TimeServiceBroadcastReceiver
02-05 00:00:01.697   895 25689 I ActivityManager: Killing 29846:com.netease.cloudmusic:pushservice/u0a110 (adj 906): empty #17
02-05 00:00:01.730   895  4641 I ActivityManager: Start proc 31375:com.google.android.keep/u0a79 for broadcast com.google.android.keep/.notification.AlertReceiver
02-05 00:00:01.731   895  4722 D ActivityManager: cleanUpApplicationRecord -- 29846
02-05 00:00:01.954   895  3553 I ActivityManager: Killing 29873:com.tencent.qqlive:services/u0a113 (adj 906): empty #17
02-05 00:00:02.004   895 25689 D ActivityManager: cleanUpApplicationRecord -- 29873
02-05 00:00:27.415   895 25696 I ActivityManager: Killing 28378:com.tinder/u0a129 (adj 906): empty #17
02-05 00:00:27.444   895  4722 D ActivityManager: cleanUpApplicationRecord -- 28378
02-05 00:02:41.067   895  7040 W SettingsProvider: You shouldn't keep your settings in the secure settings. This will soon become an error.
02-05 00:02:41.068   895 25689 W SettingsProvider: You shouldn't keep your settings in the secure settings. This will soon become an error.
02-05 00:04:31.054   895   926 I UsageStatsService: User[0] Flushing usage stats to disk
02-05 00:04:31.086   895   930 E BatteryStatsService: no controller energy info supplied
02-05 00:05:31.153   895   930 E BatteryStatsService: no controller energy info supplied
02-05 00:07:11.607   895  4701 W SettingsProvider: You shouldn't keep your settings in the secure settings. This will soon become an error.
02-05 00:07:11.609   895 25694 W SettingsProvider: You shouldn't keep your settings in the secure settings. This will soon become an error.
02-05 00:08:12.758   895   936 I PowerManagerService: Going to sleep due to screen timeout (uid 1000)...
02-05 00:08:12.796   895   895 V FingerprintService: startAuthentication(com.android.systemui)
02-05 00:08:12.796   895   895 V FingerprintService: starting client AuthenticationClient(com.android.systemui), initiatedByClient = true)
02-05 00:08:12.797   895   895 W FingerprintService: client com.android.systemui is authenticating...
02-05 00:08:13.384   895   936 W ProcessCpuTracker: Skipping unknown process pid 32558
02-05 00:08:13.394   895   934 I DisplayManagerService: Display device changed state: "Built-in Screen", OFF
02-05 00:08:13.711   895   936 I DreamManagerService: Entering dreamland.
02-05 00:08:13.712   895   936 I PowerManagerService: Dozing...
02-05 00:08:13.713   895   932 I DreamController: Starting dream: name=ComponentInfo{com.android.systemui/com.android.systemui.doze.DozeService}, isTest=false, canDoze=true, userId=0
02-05 00:08:14.216   895  3184 I PowerManagerService: Waking up from dozing (uid 1000)...
02-05 00:08:14.220   895   895 V FingerprintService: stop client com.android.systemui
02-05 00:08:14.236   895   895 W FingerprintService: client com.android.systemui is no longer authenticating
02-05 00:08:14.237   895   895 V FingerprintService: Done with client: com.android.systemui
02-05 00:08:14.237   895   895 V FingerprintService: handleError(client=com.android.systemui, error = 5)
02-05 00:08:14.243   895   936 I DisplayPowerController: Blocking screen on until initial contents have been drawn.
02-05 00:08:14.263   895   934 I DisplayManagerService: Display device changed state: "Built-in Screen", ON
02-05 00:08:14.621   895   936 I DisplayPowerController: Unblocked screen on after 378 ms
02-05 00:08:14.623   895   936 I DreamManagerService: Gently waking up from dream.
02-05 00:08:14.624   895 25727 I DreamManagerService: Leaving dreamland.
02-05 00:08:14.624   895   932 I DreamController: Stopping dream: name=ComponentInfo{com.android.systemui/com.android.systemui.doze.DozeService}, isTest=false, canDoze=true, userId=0
02-05 00:08:17.297   895 25692 I ActivityManager: Setting hasTopUi=true for pid=3347
02-05 00:08:17.477   895   930 E BatteryStatsService: no controller energy info supplied
02-05 00:08:18.226   895 25727 I ActivityManager: Setting hasTopUi=false for pid=3347
02-05 00:08:18.227   895  4641 W InputMethodManagerService: Window already focused, ignoring focus gain of: com.android.internal.view.IInputMethodClient$Stub$Proxy@2e8aea8 attribute=android.view.inputmethod.EditorInfo@39bdc1, token = android.os.BinderProxy@12d169d
02-05 00:08:25.695   895   914 I ActivityManager: Start proc 32727:com.google.android.gms.feedback/u0a12 for service com.google.android.gms/.feedback.FeedbackService
02-05 00:08:26.512   895  4639 I ActivityManager: Start proc 32747:com.google.android.gms.ui/u0a12 for service com.google.android.gms/.chimera.UiIntentOperationService
02-05 00:08:33.747   895 29227 I ActivityManager: Killing 29982:com.yodo1.crossyroad/u0a116 (adj 906): empty #17
02-05 00:08:33.794   895  4722 D ActivityManager: cleanUpApplicationRecord -- 29982
02-05 00:08:38.746   895  4637 I ActivityManager: Killing 30127:android.process.acore/u0a2 (adj 906): empty #17
02-05 00:08:38.767   895 29227 D ActivityManager: cleanUpApplicationRecord -- 30127
02-05 00:08:42.727 21581 21581 E ActivityThread: Failed to find providerName info for com.huawei.android.launcher.settings
02-05 00:10:07.147   895   930 E BatteryStatsService: no controller energy info supplied
02-05 00:12:35.166   895 25695 W SettingsProvider: You shouldn't keep your settings in the secure settings. This will soon become an error.
02-05 00:12:35.167   895   913 W SettingsProvider: You shouldn't keep your settings in the secure settings. This will soon become an error.
02-05 00:13:17.147   895   926 I ActivityManager: Start proc 1598:com.google.android.apps.plus/u0a77 for service com.google.android.apps.plus/.service.EsSyncAdapterService
02-05 00:13:17.601   895 23723 I ActivityManager: Start proc 1631:android.process.media/u0a8 for content providerName com.android.providers.media/.MediaProvider
02-05 00:13:17.939   895 27717 W ActivityManager: Permission Denial: opening providerName com.android.providers.contacts.ContactsProvider2 from ProcessRecord{6fb3799 1598:com.google.android.apps.plus/u0a77} (pid=1598, uid=10077) requires android.permission.READ_CONTACTS or android.permission.WRITE_CONTACTS
02-05 00:13:17.967   895 25693 W ActivityManager: Permission Denial: opening providerName com.android.providers.contacts.ContactsProvider2 from ProcessRecord{6fb3799 1598:com.google.android.apps.plus/u0a77} (pid=1598, uid=10077) requires android.permission.READ_CONTACTS or android.permission.WRITE_CONTACTS
02-05 00:13:17.979   895 25688 W ActivityManager: Permission Denial: opening providerName com.android.providers.contacts.ContactsProvider2 from ProcessRecord{6fb3799 1598:com.google.android.apps.plus/u0a77} (pid=1598, uid=10077) requires android.permission.READ_CONTACTS or android.permission.WRITE_CONTACTS
02-05 00:13:18.259   895 25727 I ActivityManager: Killing 30108:com.android.printspooler/u0a69 (adj 906): empty #17
