02-04 18:10:12.626   895  3187 I chatty  : uid=1000(system) CryptdConnector expire 2 lines
02-04 18:10:13.200   895 25696 I chatty  : uid=1000(system) Binder:895_19 expire 7 lines
02-04 18:10:16.950   895   927 I chatty  : uid=1000(system) ActivityManager expire 16 lines
02-04 18:10:27.463   895  4637 I chatty  : uid=1000(system) Binder:895_7 expire 3 lines
02-04 18:10:36.663   895 27717 I chatty  : uid=1000(system) Binder:895_1B expire 5 lines
02-04 18:13:35.659   895 25692 I chatty  : uid=1000(system) Binder:895_15 expire 3 lines
02-04 18:13:35.703   895 25687 I chatty  : uid=1000(system) Binder:895_10 expire 6 lines
02-04 18:14:33.377   895   930 I chatty  : uid=1000(system) batterystats-sy expire 2 lines
02-04 18:15:07.041   895 25695 I chatty  : uid=1000(system) Binder:895_18 expire 4 lines
02-04 18:18:47.043   895   929 I chatty  : uid=1000(system) ActivityManager expire 2 lines
02-04 18:19:37.741   895  3572 I chatty  : uid=1000(system) Binder:895_5 expire 4 lines
02-04 18:20:41.608   895  4717 I chatty  : uid=1000(system) Binder:895_C expire 4 lines
02-04 18:21:23.378   895   936 I chatty  : uid=1000(system) PowerManagerSer expire 13 lines
02-04 18:21:23.381   895   934 I chatty  : uid=1000(system) android.display expire 8 lines
02-04 18:21:23.586   895   914 I chatty  : uid=1000(system) Binder:895_2 expire 4 lines
02-04 18:21:38.052   377   384 D VoldCryptCmdListener: cryptfs getpwtype
02-04 18:21:38.121   895 25694 I chatty  : uid=1000(system) Binder:895_17 expire 3 lines
02-04 18:21:41.597   895   932 I chatty  : uid=1000(system) android.fg expire 4 lines
02-04 18:21:41.899   895   895 I chatty  : uid=1000 system_server expire 5 lines
02-04 18:21:42.897   895  4634 I chatty  : uid=1000(system) Binder:895_6 expire 1 line
02-04 18:21:44.257   895 23723 I chatty  : uid=1000(system) Binder:895_F expire 3 lines
02-04 18:21:57.348 27601 27601 W ViewRootImpl[WelComeActivity]: Cancelling event due to no window focus: KeyEvent { action=ACTION_UP, keyCode=KEYCODE_BACK, scanCode=0, metaState=0, flags=0x68, repeatCount=0, eventTime=67043718, downTime=67043530, deviceId=-1, source=0x101 }
02-04 18:21:57.348 27601 27601 W ViewRootImpl[WelComeActivity]: Cancelling event due to no window focus: KeyEvent { action=ACTION_UP, keyCode=KEYCODE_BACK, scanCode=0, metaState=0, flags=0x68, repeatCount=0, eventTime=67043718, downTime=67043530, deviceId=-1, source=0x101 }
02-04 18:21:57.348 27601 27601 W ViewRootImpl[WelComeActivity]: Cancelling event due to no window focus: KeyEvent { action=ACTION_UP, keyCode=KEYCODE_BACK, scanCode=0, metaState=0, flags=0x68, repeatCount=0, eventTime=67043718, downTime=67043530, deviceId=-1, source=0x101 }
02-04 18:21:57.348 27601 27601 W ViewRootImpl[WelComeActivity]: Cancelling event due to no window focus: KeyEvent { action=ACTION_UP, keyCode=KEYCODE_BACK, scanCode=0, metaState=0, flags=0x68, repeatCount=0, eventTime=67043718, downTime=67043530, deviceId=-1, source=0x101 }
02-04 18:21:57.350 27601 27601 W ViewRootImpl[WelComeActivity]: Cancelling event due to no window focus: KeyEvent { action=ACTION_UP, keyCode=KEYCODE_BACK, scanCode=0, metaState=0, flags=0x68, repeatCount=0, eventTime=67043718, downTime=67043530, deviceId=-1, source=0x101 }
02-04 18:21:57.350 27601 27601 W ViewRootImpl[WelComeActivity]: Cancelling event due to no window focus: KeyEvent { action=ACTION_UP, keyCode=KEYCODE_BACK, scanCode=0, metaState=0, flags=0x68, repeatCount=0, eventTime=67043718, downTime=67043530, deviceId=-1, source=0x101 }
02-04 18:21:57.351 27601 27601 W ViewRootImpl[WelComeActivity]: Cancelling event due to no window focus: KeyEvent { action=ACTION_UP, keyCode=KEYCODE_BACK, scanCode=0, metaState=0, flags=0x68, repeatCount=0, eventTime=67043718, downTime=67043530, deviceId=-1, source=0x101 }
02-04 18:21:57.351 27601 27601 W ViewRootImpl[WelComeActivity]: Cancelling event due to no window focus: KeyEvent { action=ACTION_UP, keyCode=KEYCODE_BACK, scanCode=0, metaState=0, flags=0x68, repeatCount=0, eventTime=67043718, downTime=67043530, deviceId=-1, source=0x101 }
02-04 18:21:57.351 27601 27601 W ViewRootImpl[WelComeActivity]: Cancelling event due to no window focus: KeyEvent { action=ACTION_UP, keyCode=KEYCODE_BACK, scanCode=0, metaState=0, flags=0x68, repeatCount=0, eventTime=67043718, downTime=67043530, deviceId=-1, source=0x101 }
02-04 18:21:57.354 27601 27601 W ViewRootImpl[WelComeActivity]: Dropping event due to no window focus: KeyEvent { action=ACTION_DOWN, keyCode=KEYCODE_BACK, scanCode=0, metaState=0, flags=0x48, repeatCount=0, eventTime=67043719, downTime=67043719, deviceId=-1, source=0x101 }
02-04 18:21:57.357 27601 27601 W ViewRootImpl[WelComeActivity]: Cancelling event due to no window focus: KeyEvent { action=ACTION_UP, keyCode=KEYCODE_BACK, scanCode=0, metaState=0, flags=0x68, repeatCount=0, eventTime=67044416, downTime=67043719, deviceId=-1, source=0x101 }
02-04 18:21:57.357 27601 27601 W ViewRootImpl[WelComeActivity]: Cancelling event due to no window focus: KeyEvent { action=ACTION_UP, keyCode=KEYCODE_BACK, scanCode=0, metaState=0, flags=0x68, repeatCount=0, eventTime=67044416, downTime=67043719, deviceId=-1, source=0x101 }
02-04 18:21:57.357 27601 27601 W ViewRootImpl[WelComeActivity]: Cancelling event due to no window focus: KeyEvent { action=ACTION_UP, keyCode=KEYCODE_BACK, scanCode=0, metaState=0, flags=0x68, repeatCount=0, eventTime=67044416, downTime=67043719, deviceId=-1, source=0x101 }
02-04 18:21:57.357 27601 27601 W ViewRootImpl[WelComeActivity]: Cancelling event due to no window focus: KeyEvent { action=ACTION_UP, keyCode=KEYCODE_BACK, scanCode=0, metaState=0, flags=0x68, repeatCount=0, eventTime=67044416, downTime=67043719, deviceId=-1, source=0x101 }
02-04 18:21:57.357 27601 27601 W ViewRootImpl[WelComeActivity]: Cancelling event due to no window focus: KeyEvent { action=ACTION_UP, keyCode=KEYCODE_BACK, scanCode=0, metaState=0, flags=0x68, repeatCount=0, eventTime=67044416, downTime=67043719, deviceId=-1, source=0x101 }
02-04 18:21:57.357 27601 27601 W ViewRootImpl[WelComeActivity]: Cancelling event due to no window focus: KeyEvent { action=ACTION_UP, keyCode=KEYCODE_BACK, scanCode=0, metaState=0, flags=0x68, repeatCount=0, eventTime=67044416, downTime=67043719, deviceId=-1, source=0x101 }
02-04 18:21:57.357 27601 27601 W ViewRootImpl[WelComeActivity]: Cancelling event due to no window focus: KeyEvent { action=ACTION_UP, keyCode=KEYCODE_BACK, scanCode=0, metaState=0, flags=0x68, repeatCount=0, eventTime=67044416, downTime=67043719, deviceId=-1, source=0x101 }
02-04 18:21:57.357 27601 27601 W ViewRootImpl[WelComeActivity]: Cancelling event due to no window focus: KeyEvent { action=ACTION_UP, keyCode=KEYCODE_BACK, scanCode=0, metaState=0, flags=0x68, repeatCount=0, eventTime=67044416, downTime=67043719, deviceId=-1, source=0x101 }
02-04 18:21:57.357 27601 27601 W ViewRootImpl[WelComeActivity]: Cancelling event due to no window focus: KeyEvent { action=ACTION_UP, keyCode=KEYCODE_BACK, scanCode=0, metaState=0, flags=0x68, repeatCount=0, eventTime=67044416, downTime=67043719, deviceId=-1, source=0x101 }
02-04 18:22:05.108 12123 12245 W FileUtils: Failed to chmod(/storage/emulated/0/netease/utils/wu.dat): android.system.ErrnoException: chmod failed: EPERM (Operation not permitted)
02-04 18:22:19.055   895  3184 I chatty  : uid=1000(system) InputReader expire 1 line
02-04 18:22:25.386   895   926 I chatty  : uid=1000(system) android.bg expire 3 lines
02-04 18:24:08.495   895 25690 I chatty  : uid=1000(system) Binder:895_13 expire 1 line
02-04 18:29:05.964   895  7041 I chatty  : uid=1000(system) Binder:895_1E expire 2 lines
02-04 18:40:11.193   895   927 I chatty  : uid=1000(system) ActivityManager expire 2 lines
02-04 18:43:03.120   895  3197 I chatty  : uid=1000(system) ConnectivitySer expire 10 lines
02-04 18:43:03.231   895   926 I chatty  : uid=1000(system) android.bg expire 8 lines
02-04 18:44:33.379   895   930 I chatty  : uid=1000(system) batterystats-sy expire 2 lines
02-04 18:45:10.815   895 25695 I chatty  : uid=1000(system) Binder:895_18 expire 8 lines
02-04 18:45:11.016   895 27717 I chatty  : uid=1000(system) Binder:895_1B expire 7 lines
02-04 18:45:11.385   895  4701 I chatty  : uid=1000(system) Binder:895_B expire 3 lines
02-04 18:45:12.564   895  4717 I chatty  : uid=1000(system) Binder:895_C expire 2 lines
02-04 18:45:12.591   895  3553 I chatty  : uid=1000(system) Binder:895_4 expire 3 lines
02-04 18:45:12.602   895  4634 I chatty  : uid=1000(system) Binder:895_6 expire 10 lines
02-04 18:45:12.641   895  4700 I chatty  : uid=1000(system) Binder:895_A expire 5 lines
02-04 18:45:48.737   895  4722 I chatty  : uid=1000(system) Binder:895_D expire 10 lines
02-04 18:47:23.289   895 23723 I chatty  : uid=1000(system) Binder:895_F expire 3 lines
02-04 18:48:15.844   895   927 I chatty  : uid=1000(system) ActivityManager expire 12 lines
02-04 18:48:15.875   895 25727 I chatty  : uid=1000(system) Binder:895_1A expire 5 lines
02-04 18:50:07.976   895 25688 I chatty  : uid=1000(system) Binder:895_11 expire 2 lines
02-04 18:50:53.953   895 25689 I chatty  : uid=1000(system) Binder:895_12 expire 3 lines
02-04 18:51:38.388   895 25692 I chatty  : uid=1000(system) Binder:895_15 expire 6 lines
02-04 18:51:53.731   895   913 I chatty  : uid=1000(system) Binder:895_1 expire 3 lines
02-04 18:51:53.732   895  7041 I chatty  : uid=1000(system) Binder:895_1E expire 2 lines
02-04 18:56:24.277   895  7079 I chatty  : uid=1000(system) Binder:895_E expire 4 lines
02-04 18:58:30.079   895 25693 I chatty  : uid=1000(system) Binder:895_16 expire 5 lines
02-04 18:59:10.594   895  4641 I chatty  : uid=1000(system) Binder:895_9 expire 3 lines
02-04 19:00:16.634   895 25690 I chatty  : uid=1000(system) Binder:895_13 expire 4 lines
02-04 19:00:16.815   895  3572 I chatty  : uid=1000(system) Binder:895_5 expire 2 lines
02-04 19:00:16.860   895 25694 I chatty  : uid=1000(system) Binder:895_17 expire 10 lines
02-04 19:00:56.369   895 25687 I chatty  : uid=1000(system) Binder:895_10 expire 3 lines
02-04 19:01:16.443   895  3293 I chatty  : uid=1000(system) Binder:895_3 expire 4 lines
02-04 19:09:58.876   895  7043 I chatty  : uid=1000(system) Binder:895_1F expire 2 lines
02-04 19:15:29.127   895  4637 I chatty  : uid=1000(system) Binder:895_7 expire 4 lines
02-04 19:15:47.928   895  7040 I chatty  : uid=1000(system) Binder:895_1D expire 3 lines
02-04 19:15:48.882   895 29227 I chatty  : uid=1000(system) Binder:895_1C expire 10 lines
02-04 19:19:15.468   895  7044 I chatty  : uid=1000(system) Binder:895_20 expire 9 lines
02-04 19:21:28.435   895  4639 I chatty  : uid=1000(system) Binder:895_8 expire 1 line
02-04 19:21:28.436   377   384 D VoldCryptCmdListener: cryptfs getpwtype
02-04 19:21:28.439   895  3187 I chatty  : uid=1000(system) CryptdConnector expire 1 line
02-04 19:21:28.496   895 25696 I chatty  : uid=1000(system) Binder:895_19 expire 2 lines
02-04 19:22:42.064   895   895 I chatty  : uid=1000 system_server expire 10 lines
02-04 19:34:24.047   895   936 I chatty  : uid=1000(system) PowerManagerSer expire 9 lines
02-04 19:34:24.049   895   934 I chatty  : uid=1000(system) android.display expire 4 lines
02-04 19:34:25.183   895   932 I chatty  : uid=1000(system) android.fg expire 3 lines
02-04 19:34:29.730 27601 27601 W ViewRootImpl[MainActivity]: Dropping event due to no window focus: KeyEvent { action=ACTION_DOWN, keyCode=KEYCODE_BACK, scanCode=0, metaState=0, flags=0x48, repeatCount=0, eventTime=70731350, downTime=70731350, deviceId=-1, source=0x101 }
02-04 19:34:32.443   895 25691 I chatty  : uid=1000(system) Binder:895_14 expire 3 lines
02-04 19:34:34.439 27601 27601 E ActivityThread: Failed to find providerName info for com.ximalaya.device.deviceContentProvider
02-04 19:34:34.581 27601 27601 E ActivityThread: Activity com.ximalaya.ting.android.activity.MainActivity has leaked ServiceConnection com.ximalaya.android.xchat.ar$1@7cea98d that was originally bound here
02-04 19:34:34.581 27601 27601 E ActivityThread: android.app.ServiceConnectionLeaked: Activity com.ximalaya.ting.android.activity.MainActivity has leaked ServiceConnection com.ximalaya.android.xchat.ar$1@7cea98d that was originally bound here
02-04 19:34:34.581 27601 27601 E ActivityThread: 	at android.app.LoadedApk$ServiceDispatcher.<init>(LoadedApk.java:1336)
02-04 19:34:34.581 27601 27601 E ActivityThread: 	at android.app.LoadedApk.getServiceDispatcher(LoadedApk.java:1231)
02-04 19:34:34.581 27601 27601 E ActivityThread: 	at android.app.ContextImpl.bindServiceCommon(ContextImpl.java:1450)
02-04 19:34:34.581 27601 27601 E ActivityThread: 	at android.app.ContextImpl.bindService(ContextImpl.java:1422)
02-04 19:34:34.581 27601 27601 E ActivityThread: 	at android.content.ContextWrapper.bindService(ContextWrapper.java:636)
02-04 19:34:34.581 27601 27601 E ActivityThread: 	at com.ximalaya.android.xchat.ar.b(XChatClient.java:156)
02-04 19:34:34.581 27601 27601 E ActivityThread: 	at com.ximalaya.android.xchat.ar.<init>(XChatClient.java:84)
02-04 19:34:34.581 27601 27601 E ActivityThread: 	at com.ximalaya.ting.android.manager.account.NoReadManage$1.a(NoReadManage.java:92)
02-04 19:34:34.581 27601 27601 E ActivityThread: 	at com.ximalaya.ting.android.manager.account.NoReadManage$1.onSuccess(NoReadManage.java:77)
02-04 19:34:34.581 27601 27601 E ActivityThread: 	at com.ximalaya.ting.android.data.request.ExecutorDeliveryM$ResponseDeliveryRunnable.run(ExecutorDeliveryM.java:90)
02-04 19:34:34.581 27601 27601 E ActivityThread: 	at android.os.Handler.handleCallback(Handler.java:751)
02-04 19:34:34.581 27601 27601 E ActivityThread: 	at android.os.Handler.dispatchMessage(Handler.java:95)
02-04 19:34:34.581 27601 27601 E ActivityThread: 	at android.os.Looper.loop(Looper.java:154)
02-04 19:34:34.581 27601 27601 E ActivityThread: 	at android.app.ActivityThread.main(ActivityThread.java:6119)
02-04 19:34:34.581 27601 27601 E ActivityThread: 	at java.lang.reflect.Method.invoke(Native Method)
02-04 19:34:34.581 27601 27601 E ActivityThread: 	at com.android.internal.os.ZygoteInit$MethodAndArgsCaller.run(ZygoteInit.java:886)
02-04 19:34:34.581 27601 27601 E ActivityThread: 	at com.android.internal.os.ZygoteInit.main(ZygoteInit.java:776)
02-04 19:34:38.248   895   927 I chatty  : uid=1000(system) ActivityManager expire 3 lines
02-04 19:34:38.487 14574 14574 E ActivityThread: Failed to find providerName info for com.tencent.mm.coolassist.debugprovider
02-04 19:34:48.672 14342 14455 W FileUtils: Failed to chmod(/storage/emulated/0/netease/utils/wu.dat): android.system.ErrnoException: chmod failed: EPERM (Operation not permitted)
02-04 19:36:24.392  3347  3347 V DeadZone: consuming errant click: (765.0,0.0)
02-04 19:36:41.554   895   914 I chatty  : uid=1000(system) Binder:895_2 expire 2 lines
02-04 19:37:59.093   895  3197 I chatty  : uid=1000(system) ConnectivitySer expire 2 lines
02-04 19:38:13.601   895  3184 I chatty  : uid=1000(system) InputReader expire 1 line
02-04 19:38:14.293   895   929 I chatty  : uid=1000(system) ActivityManager expire 1 line
02-04 19:38:15.244   895   933 I chatty  : uid=1000(system) android.io expire 43 lines
02-04 19:38:15.669   895  4701 I chatty  : uid=1000(system) Binder:895_B expire 4 lines
02-04 19:38:17.438   895  3166 I chatty  : uid=1000(system) AlarmManager expire 1 line
02-04 19:38:40.610   895  3184 I chatty  : uid=1000(system) InputReader expire 1 line
02-04 19:38:40.636   895   895 I chatty  : uid=1000 system_server expire 14 lines
02-04 19:38:41.235   895   934 I chatty  : uid=1000(system) android.display expire 5 lines
02-04 19:38:41.608   895   936 I chatty  : uid=1000(system) PowerManagerSer expire 7 lines
02-04 19:38:41.609   895   932 I chatty  : uid=1000(system) android.fg expire 2 lines
02-04 19:38:41.676   895 29227 I chatty  : uid=1000(system) Binder:895_1C expire 5 lines
02-04 19:38:45.047   895   927 I chatty  : uid=1000(system) ActivityManager expire 10 lines
02-04 19:38:55.241   895 25696 I chatty  : uid=1000(system) Binder:895_19 expire 4 lines
02-04 19:38:57.753   895 25693 I chatty  : uid=1000(system) Binder:895_16 expire 5 lines
02-04 19:38:57.756   895  4637 I chatty  : uid=1000(system) Binder:895_7 expire 3 lines
02-04 19:39:15.550   895  7041 I chatty  : uid=1000(system) Binder:895_1E expire 4 lines
02-04 19:39:29.886   895 25727 I chatty  : uid=1000(system) Binder:895_1A expire 10 lines
02-04 19:39:29.973   895  4639 I chatty  : uid=1000(system) Binder:895_8 expire 6 lines
02-04 19:39:29.973   895  3293 I chatty  : uid=1000(system) Binder:895_3 expire 4 lines
02-04 19:39:29.975   895  3197 I chatty  : uid=1000(system) ConnectivitySer expire 4 lines
02-04 19:39:30.125   895 23723 I chatty  : uid=1000(system) Binder:895_F expire 8 lines
02-04 19:39:30.639   895  4717 I chatty  : uid=1000(system) Binder:895_C expire 5 lines
02-04 19:39:30.751   895  3553 I chatty  : uid=1000(system) Binder:895_4 expire 5 lines
02-04 19:39:31.330   895  7043 I chatty  : uid=1000(system) Binder:895_1F expire 2 lines
02-04 19:39:31.335   895   929 I chatty  : uid=1000(system) ActivityManager expire 8 lines
02-04 19:39:36.846   895 25687 I chatty  : uid=1000(system) Binder:895_10 expire 4 lines
02-04 19:39:37.005   895 25688 I chatty  : uid=1000(system) Binder:895_11 expire 4 lines
02-04 19:42:28.409 15742 15774 E ActivityThread: Failed to find providerName info for com.motorola.ccc.cce.datausage
02-04 19:42:29.337   895   927 I chatty  : uid=1000(system) ActivityManager expire 4 lines
02-04 19:42:53.880 16307 16342 W FileUtils: Failed to chmod(/storage/emulated/0/netease/utils/wu.dat): android.system.ErrnoException: chmod failed: EPERM (Operation not permitted)
02-04 19:43:38.490   895 25694 I chatty  : uid=1000(system) Binder:895_17 expire 1 line
02-04 19:43:38.723   895 25691 I chatty  : uid=1000(system) Binder:895_14 expire 2 lines
02-04 19:43:39.120   895 25689 I chatty  : uid=1000(system) Binder:895_12 expire 1 line
02-04 19:43:39.522   895  3572 I chatty  : uid=1000(system) Binder:895_5 expire 1 line
02-04 19:43:44.687   895  4634 I chatty  : uid=1000(system) Binder:895_6 expire 1 line
02-04 19:44:01.452   895  7040 I chatty  : uid=1000(system) Binder:895_1D expire 4 lines
02-04 19:44:03.791   895 25690 I chatty  : uid=1000(system) Binder:895_13 expire 1 line
02-04 19:44:03.960   895  4722 I chatty  : uid=1000(system) Binder:895_D expire 1 line
02-04 19:44:03.990   895 27717 I chatty  : uid=1000(system) Binder:895_1B expire 1 line
02-04 19:44:04.473 16480 16644 W FileUtils: Failed to chmod(/storage/emulated/0/netease/utils/wu.dat): android.system.ErrnoException: chmod failed: EPERM (Operation not permitted)
02-04 19:44:04.507   895   933 I chatty  : uid=1000(system) android.io expire 11 lines
02-04 19:44:04.900 16755 16755 W ContextImpl: Calling a method in the system process without a qualified user: android.app.ContextImpl.startService:1357 android.content.ContextWrapper.startService:613 android.content.ContextWrapper.startService:613 com.android.settings.bluetooth.DockEventReceiver.beginStartingService:134 com.android.settings.bluetooth.DockEventReceiver.onReceive:115 
02-04 19:44:05.344   895 25727 I chatty  : uid=1000(system) Binder:895_1A expire 1 line
02-04 19:44:09.011   895   895 I chatty  : uid=1000 system_server expire 5 lines
02-04 19:44:13.262   895  3612 I chatty  : uid=1000(system) uteStateMachine expire 5 lines
02-04 19:44:23.254   895  4637 I chatty  : uid=1000(system) Binder:895_7 expire 4 lines
02-04 19:44:26.192   895  3183 I chatty  : uid=1000(system) InputDispatcher expire 1 line
02-04 19:44:26.861   895   895 I chatty  : uid=1000 system_server expire 1 line
02-04 19:44:40.363   895 25690 I chatty  : uid=1000(system) Binder:895_13 expire 11 lines
02-04 19:44:40.555   895 29227 I chatty  : uid=1000(system) Binder:895_1C expire 8 lines
02-04 19:44:43.410   895 25693 I chatty  : uid=1000(system) Binder:895_16 expire 6 lines
02-04 19:44:48.163   895 25695 I chatty  : uid=1000(system) Binder:895_18 expire 8 lines
02-04 19:44:57.246   895   914 I chatty  : uid=1000(system) Binder:895_2 expire 9 lines
02-04 19:44:57.250   895 25688 I chatty  : uid=1000(system) Binder:895_11 expire 7 lines
02-04 19:45:16.813   895 25689 I chatty  : uid=1000(system) Binder:895_12 expire 7 lines
02-04 19:45:17.121   895  4634 I chatty  : uid=1000(system) Binder:895_6 expire 10 lines
02-04 19:45:21.341   895  4701 I chatty  : uid=1000(system) Binder:895_B expire 5 lines
02-04 19:45:25.207   895  3553 I chatty  : uid=1000(system) Binder:895_4 expire 1 line
02-04 19:45:25.250   895 27717 I chatty  : uid=1000(system) Binder:895_1B expire 8 lines
02-04 19:47:00.539   895  4700 I chatty  : uid=1000(system) Binder:895_A expire 10 lines
02-04 19:47:22.111   895 25691 I chatty  : uid=1000(system) Binder:895_14 expire 2 lines
02-04 19:47:22.111   895  7043 I chatty  : uid=1000(system) Binder:895_1F expire 8 lines
02-04 19:47:22.113   895  3197 I chatty  : uid=1000(system) ConnectivitySer expire 4 lines
02-04 19:47:22.193   895  7044 I chatty  : uid=1000(system) Binder:895_20 expire 7 lines
02-04 19:47:23.988   895  3572 I chatty  : uid=1000(system) Binder:895_5 expire 6 lines
02-04 19:48:12.628   895  4717 I chatty  : uid=1000(system) Binder:895_C expire 7 lines
02-04 19:48:52.485   895  3189 I chatty  : uid=1000(system) NetworkStats expire 1 line
02-04 19:49:27.678   895   913 I chatty  : uid=1000(system) Binder:895_1 expire 2 lines
02-04 19:49:59.598   895  4722 I chatty  : uid=1000(system) Binder:895_D expire 7 lines
02-04 19:50:02.003   895  7041 I chatty  : uid=1000(system) Binder:895_1E expire 5 lines
02-04 19:53:58.171   895  4639 I chatty  : uid=1000(system) Binder:895_8 expire 8 lines
02-04 19:54:15.950   895   927 I chatty  : uid=1000(system) ActivityManager expire 3 lines
02-04 19:54:57.659 19297 19318 D ActivityThread: Loading providerName me.bluemail.mail.providerName;me.bluemail.mail.notifier: com.android.emaileas.providerName.EmailProvider
02-04 19:54:57.915   895 25692 I chatty  : uid=1000(system) Binder:895_15 expire 1 line
02-04 19:56:32.502   895   926 I chatty  : uid=1000(system) android.bg expire 4 lines
02-04 19:56:32.896   895 23723 I chatty  : uid=1000(system) Binder:895_F expire 10 lines
02-04 19:56:33.418   895  4641 I chatty  : uid=1000(system) Binder:895_9 expire 3 lines
02-04 19:59:16.301   895 25694 I chatty  : uid=1000(system) Binder:895_17 expire 3 lines
02-04 19:59:23.472   895  7040 I chatty  : uid=1000(system) Binder:895_1D expire 7 lines
02-04 19:59:26.023   895  3293 I chatty  : uid=1000(system) Binder:895_3 expire 6 lines
02-04 19:59:41.513   895   933 I chatty  : uid=1000(system) android.io expire 2 lines
02-04 19:59:42.675   895 25727 I chatty  : uid=1000(system) Binder:895_1A expire 4 lines
02-04 19:59:50.849   895 25687 I chatty  : uid=1000(system) Binder:895_10 expire 2 lines
02-04 19:59:57.046   895  7079 I chatty  : uid=1000(system) Binder:895_E expire 2 lines
02-04 20:00:03.177   895 25696 I chatty  : uid=1000(system) Binder:895_19 expire 18 lines
02-04 20:01:41.445   895  4722 I chatty  : uid=1000(system) Binder:895_D expire 9 lines
02-04 20:01:42.372   895 25688 I chatty  : uid=1000(system) Binder:895_11 expire 6 lines
02-04 20:01:42.649   895  3572 I chatty  : uid=1000(system) Binder:895_5 expire 10 lines
02-04 20:01:44.854   895  4701 I chatty  : uid=1000(system) Binder:895_B expire 8 lines
02-04 20:01:45.570   895  4641 I chatty  : uid=1000(system) Binder:895_9 expire 4 lines
02-04 20:01:47.040   895  4700 I chatty  : uid=1000(system) Binder:895_A expire 6 lines
02-04 20:01:49.239   895 25694 I chatty  : uid=1000(system) Binder:895_17 expire 8 lines
02-04 20:01:52.438   895 25690 I chatty  : uid=1000(system) Binder:895_13 expire 6 lines
02-04 20:01:54.058   895  4717 I chatty  : uid=1000(system) Binder:895_C expire 11 lines
02-04 20:01:55.045   895  7041 I chatty  : uid=1000(system) Binder:895_1E expire 6 lines
02-04 20:01:55.774   895 29227 I chatty  : uid=1000(system) Binder:895_1C expire 6 lines
02-04 20:01:56.794   895 25691 I chatty  : uid=1000(system) Binder:895_14 expire 5 lines
02-04 20:01:58.112   895 27717 I chatty  : uid=1000(system) Binder:895_1B expire 9 lines
02-04 20:01:59.270   895  7040 I chatty  : uid=1000(system) Binder:895_1D expire 12 lines
02-04 20:02:00.341   895 25727 I chatty  : uid=1000(system) Binder:895_1A expire 8 lines
02-04 20:02:04.554   895 23723 I chatty  : uid=1000(system) Binder:895_F expire 4 lines
02-04 20:02:07.365   895  7079 I chatty  : uid=1000(system) Binder:895_E expire 2 lines
02-04 20:02:08.034   895 25693 I chatty  : uid=1000(system) Binder:895_16 expire 6 lines
02-04 20:02:16.626   895  4637 I chatty  : uid=1000(system) Binder:895_7 expire 4 lines
02-04 20:02:18.382   895  7043 I chatty  : uid=1000(system) Binder:895_1F expire 7 lines
02-04 20:02:20.850   895   914 I chatty  : uid=1000(system) Binder:895_2 expire 4 lines
02-04 20:02:21.666   895  4634 I chatty  : uid=1000(system) Binder:895_6 expire 6 lines
02-04 20:02:22.316   895  4639 I chatty  : uid=1000(system) Binder:895_8 expire 8 lines
02-04 20:02:23.031   895 25689 I chatty  : uid=1000(system) Binder:895_12 expire 3 lines
02-04 20:02:25.859   895  3293 I chatty  : uid=1000(system) Binder:895_3 expire 4 lines
02-04 20:02:26.922   895  3553 I chatty  : uid=1000(system) Binder:895_4 expire 8 lines
02-04 20:02:32.345   895 25692 I chatty  : uid=1000(system) Binder:895_15 expire 4 lines
02-04 20:02:37.366   895 25687 I chatty  : uid=1000(system) Binder:895_10 expire 6 lines
02-04 20:02:42.808   895   927 I chatty  : uid=1000(system) ActivityManager expire 1 line
02-04 20:03:04.239   895   913 I chatty  : uid=1000(system) Binder:895_1 expire 6 lines
02-04 20:03:06.584   895 25695 I chatty  : uid=1000(system) Binder:895_18 expire 2 lines
02-04 20:03:13.252   895   930 I chatty  : uid=1000(system) batterystats-sy expire 1 line
02-04 20:03:37.659   895  7044 I chatty  : uid=1000(system) Binder:895_20 expire 8 lines
02-04 20:03:44.672   895 27717 I chatty  : uid=1000(system) Binder:895_1B expire 5 lines
02-04 20:03:45.240   895 23723 I chatty  : uid=1000(system) Binder:895_F expire 5 lines
02-04 20:03:45.560   895  7041 I chatty  : uid=1000(system) Binder:895_1E expire 2 lines
02-04 20:03:46.574   895  4634 I chatty  : uid=1000(system) Binder:895_6 expire 4 lines
02-04 20:04:02.092   895 25692 I chatty  : uid=1000(system) Binder:895_15 expire 7 lines
02-04 20:04:04.918   895  4701 I chatty  : uid=1000(system) Binder:895_B expire 9 lines
02-04 20:04:06.228   895  4637 I chatty  : uid=1000(system) Binder:895_7 expire 2 lines
02-04 20:04:06.273   895  3572 I chatty  : uid=1000(system) Binder:895_5 expire 6 lines
02-04 20:04:06.273   895  7040 I chatty  : uid=1000(system) Binder:895_1D expire 5 lines
02-04 20:04:06.273   895 25689 I chatty  : uid=1000(system) Binder:895_12 expire 4 lines
02-04 20:04:06.275   895  3197 I chatty  : uid=1000(system) ConnectivitySer expire 2 lines
02-04 20:04:06.296   895   929 I chatty  : uid=1000(system) ActivityManager expire 1 line
02-04 20:04:09.266   895  4717 I chatty  : uid=1000(system) Binder:895_C expire 2 lines
02-04 20:04:10.667   895  4700 I chatty  : uid=1000(system) Binder:895_A expire 4 lines
02-04 20:04:16.861   895 25687 I chatty  : uid=1000(system) Binder:895_10 expire 5 lines
02-04 20:04:19.008   895 25688 I chatty  : uid=1000(system) Binder:895_11 expire 6 lines
02-04 20:04:19.750   895  3293 I chatty  : uid=1000(system) Binder:895_3 expire 6 lines
02-04 20:04:23.284   895 25695 I chatty  : uid=1000(system) Binder:895_18 expire 4 lines
02-04 20:04:24.204   895 25693 I chatty  : uid=1000(system) Binder:895_16 expire 2 lines
02-04 20:04:26.248   895 25696 I chatty  : uid=1000(system) Binder:895_19 expire 4 lines
02-04 20:04:27.177   895 25691 I chatty  : uid=1000(system) Binder:895_14 expire 4 lines
02-04 20:04:33.544   895   927 I chatty  : uid=1000(system) ActivityManager expire 6 lines
02-04 20:04:33.571   895   930 I chatty  : uid=1000(system) batterystats-sy expire 5 lines
02-04 20:04:43.724   895   913 I chatty  : uid=1000(system) Binder:895_1 expire 7 lines
02-04 20:05:04.537   895  7079 I chatty  : uid=1000(system) Binder:895_E expire 3 lines
02-04 20:05:09.263   895  4722 I chatty  : uid=1000(system) Binder:895_D expire 3 lines
02-04 20:05:32.449   895  3553 I chatty  : uid=1000(system) Binder:895_4 expire 6 lines
02-04 20:06:39.138   895   914 I chatty  : uid=1000(system) Binder:895_2 expire 2 lines
02-04 20:06:43.206   895 29227 I chatty  : uid=1000(system) Binder:895_1C expire 2 lines
02-04 20:06:43.530   895 25694 I chatty  : uid=1000(system) Binder:895_17 expire 3 lines
02-04 20:06:43.604   895 25690 I chatty  : uid=1000(system) Binder:895_13 expire 1 line
02-04 20:06:47.269   895  7043 I chatty  : uid=1000(system) Binder:895_1F expire 2 lines
02-04 20:06:52.604   895   895 I chatty  : uid=1000 system_server expire 8 lines
02-04 20:06:52.612   895  3612 I chatty  : uid=1000(system) uteStateMachine expire 6 lines
02-04 20:06:55.204   895   933 I chatty  : uid=1000(system) android.io expire 35 lines
02-04 20:06:55.539 22466 22466 W ContextImpl: Calling a method in the system process without a qualified user: android.app.ContextImpl.startService:1357 android.content.ContextWrapper.startService:613 android.content.ContextWrapper.startService:613 com.android.settings.bluetooth.DockEventReceiver.beginStartingService:134 com.android.settings.bluetooth.DockEventReceiver.onReceive:115 
02-04 20:06:56.354 22482 22482 E ActivityThread: Failed to find providerName info for com.tencent.mm.coolassist.debugprovider
02-04 20:06:56.953   895 25727 I chatty  : uid=1000(system) Binder:895_1A expire 1 line
02-04 20:06:57.384 22466 22466 W ContextImpl: Calling a method in the system process without a qualified user: android.app.ContextImpl.startService:1357 android.content.ContextWrapper.startService:613 android.content.ContextWrapper.startService:613 com.android.settings.bluetooth.DockEventReceiver.beginStartingService:134 com.android.settings.bluetooth.DockEventReceiver.onReceive:115 
02-04 20:06:58.383   895  3184 I chatty  : uid=1000(system) InputReader expire 2 lines
02-04 20:06:59.005   895   934 I chatty  : uid=1000(system) android.display expire 5 lines
02-04 20:06:59.343   895   936 I chatty  : uid=1000(system) PowerManagerSer expire 12 lines
02-04 20:06:59.344   895   932 I chatty  : uid=1000(system) android.fg expire 5 lines
02-04 20:06:59.936   895  4641 I chatty  : uid=1000(system) Binder:895_9 expire 2 lines
02-04 20:07:03.644 22482 22482 E ActivityThread: Failed to find providerName info for com.huawei.android.launcher.settings
02-04 20:07:03.655 22482 22482 E ActivityThread: Failed to find providerName info for com.android.badge
02-04 20:07:29.898   895  4639 I chatty  : uid=1000(system) Binder:895_8 expire 1 line
02-04 20:07:57.915 22643 22711 W FileUtils: Failed to chmod(/storage/emulated/0/netease/utils/wu.dat): android.system.ErrnoException: chmod failed: EPERM (Operation not permitted)
02-04 20:09:56.136   895   926 I chatty  : uid=1000(system) android.bg expire 2 lines
02-04 20:09:57.404   895  4634 I chatty  : uid=1000(system) Binder:895_6 expire 3 lines
02-04 20:09:57.427   895  7041 I chatty  : uid=1000(system) Binder:895_1E expire 4 lines
02-04 20:09:57.475 23355 23355 E ActivityThread: Failed to find providerName info for oicq.wlogin_sdk.WloginProvider
02-04 20:09:58.087   895 29227 I chatty  : uid=1000(system) Binder:895_1C expire 3 lines
02-04 20:09:58.534   895   930 I chatty  : uid=1000(system) batterystats-sy expire 12 lines
02-04 20:09:58.534   895   895 I chatty  : uid=1000 system_server expire 11 lines
02-04 20:09:58.538   895  4516 I chatty  : uid=1000(system) backup expire 26 lines
02-04 20:09:58.643   895 25727 I chatty  : uid=1000(system) Binder:895_1A expire 9 lines
02-04 20:09:59.237   895 27717 I chatty  : uid=1000(system) Binder:895_1B expire 5 lines
02-04 20:09:59.687   895 25692 I chatty  : uid=1000(system) Binder:895_15 expire 2 lines
02-04 20:09:59.855   895  3553 I chatty  : uid=1000(system) Binder:895_4 expire 2 lines
02-04 20:10:00.229   895  4700 I chatty  : uid=1000(system) Binder:895_A expire 4 lines
02-04 20:10:00.236   377   384 D VoldCryptCmdListener: cryptfs getpwtype
02-04 20:10:00.241   895  3187 I chatty  : uid=1000(system) CryptdConnector expire 2 lines
02-04 20:10:05.915   895   936 I chatty  : uid=1000(system) PowerManagerSer expire 6 lines
02-04 20:10:06.496   895   934 I chatty  : uid=1000(system) android.display expire 3 lines
02-04 20:10:06.837   895   932 I chatty  : uid=1000(system) android.fg expire 2 lines
02-04 20:10:15.296   895   914 I chatty  : uid=1000(system) Binder:895_2 expire 7 lines
02-04 20:10:15.314   895  7044 I chatty  : uid=1000(system) Binder:895_20 expire 3 lines
02-04 20:10:25.497   895  3197 I chatty  : uid=1000(system) ConnectivitySer expire 3 lines
02-04 20:10:47.131   553 23680 W SocketClient: write error (Broken pipe)
02-04 20:10:58.554   895  4701 I chatty  : uid=1000(system) Binder:895_B expire 4 lines
02-04 20:11:04.659   895  7079 I chatty  : uid=1000(system) Binder:895_E expire 3 lines
02-04 20:11:04.661   895  7040 I chatty  : uid=1000(system) Binder:895_1D expire 1 line
02-04 20:12:35.063   895 25694 I chatty  : uid=1000(system) Binder:895_17 expire 6 lines
02-04 20:17:05.874   895 25696 I chatty  : uid=1000(system) Binder:895_19 expire 3 lines
02-04 20:17:05.875   895 25693 I chatty  : uid=1000(system) Binder:895_16 expire 2 lines
02-04 20:19:15.571   895   927 I chatty  : uid=1000(system) ActivityManager expire 7 lines
02-04 20:19:16.355   895   933 I chatty  : uid=1000(system) android.io expire 4 lines
02-04 20:21:34.658   895  4641 I chatty  : uid=1000(system) Binder:895_9 expire 3 lines
02-04 20:21:34.659   377   384 D VoldCryptCmdListener: cryptfs getpwtype
02-04 20:21:34.733   895 25695 I chatty  : uid=1000(system) Binder:895_18 expire 3 lines
02-04 20:21:47.988   895   930 I chatty  : uid=1000(system) batterystats-sy expire 10 lines
02-04 20:22:00.025   895  3166 I chatty  : uid=1000(system) AlarmManager expire 2 lines
02-04 20:26:48.976   895  4637 I chatty  : uid=1000(system) Binder:895_7 expire 6 lines
02-04 20:27:37.854   895  3572 I chatty  : uid=1000(system) Binder:895_5 expire 4 lines
02-04 20:32:50.163   895  3184 I chatty  : uid=1000(system) InputReader expire 1 line
02-04 20:32:50.208   895 25691 I chatty  : uid=1000(system) Binder:895_14 expire 8 lines
02-04 20:32:52.334   895 25688 I chatty  : uid=1000(system) Binder:895_11 expire 3 lines
02-04 20:32:53.029   895   913 I chatty  : uid=1000(system) Binder:895_1 expire 1 line
02-04 20:32:53.038   895 23723 I chatty  : uid=1000(system) Binder:895_F expire 2 lines
02-04 20:32:55.806   895  4639 I chatty  : uid=1000(system) Binder:895_8 expire 4 lines
02-04 20:32:56.676   895  3183 I chatty  : uid=1000(system) InputDispatcher expire 2 lines
02-04 20:32:56.680   895  4717 I chatty  : uid=1000(system) Binder:895_C expire 4 lines
02-04 20:33:00.510   895  3293 I chatty  : uid=1000(system) Binder:895_3 expire 3 lines
02-04 20:33:01.569   895   939 I chatty  : uid=1000(system) PackageManager expire 3 lines
02-04 20:33:24.523   895  7043 I chatty  : uid=1000(system) Binder:895_1F expire 1 line
02-04 20:33:26.132   895  4516 I chatty  : uid=1000(system) backup expire 4 lines
02-04 20:33:30.008   895 25687 I chatty  : uid=1000(system) Binder:895_10 expire 3 lines
02-04 20:33:30.724   895 25690 I chatty  : uid=1000(system) Binder:895_13 expire 1 line
02-04 20:33:32.579   895  4722 I chatty  : uid=1000(system) Binder:895_D expire 3 lines
02-04 20:33:32.879 25148 25148 E ActivityThread: Failed to find providerName info for oicq.wlogin_sdk.WloginProvider
02-04 20:33:35.600   895   929 I chatty  : uid=1000(system) ActivityManager expire 1 line
02-04 20:33:55.940   895   930 I chatty  : uid=1000(system) batterystats-sy expire 4 lines
02-04 20:37:00.096   895 25689 I chatty  : uid=1000(system) Binder:895_12 expire 2 lines
02-04 20:39:06.862   895   913 I chatty  : uid=1000(system) Binder:895_1 expire 8 lines
02-04 20:39:07.893   895   927 I chatty  : uid=1000(system) ActivityManager expire 9 lines
02-04 20:39:12.329   895  7040 I chatty  : uid=1000(system) Binder:895_1D expire 3 lines
02-04 20:39:15.487 26354 26354 E ActivityThread: Failed to find providerName info for com.tencent.mm.coolassist.debugprovider
02-04 20:39:15.857   895 29227 I chatty  : uid=1000(system) Binder:895_1C expire 6 lines
02-04 20:39:15.902   895  7079 I chatty  : uid=1000(system) Binder:895_E expire 4 lines
02-04 20:39:29.923   895 27717 I chatty  : uid=1000(system) Binder:895_1B expire 3 lines
02-04 20:39:49.973   895   932 I chatty  : uid=1000(system) android.fg expire 8 lines
02-04 20:39:49.982   895   930 I chatty  : uid=1000(system) batterystats-sy expire 5 lines
02-04 20:39:50.124   895 25690 I chatty  : uid=1000(system) Binder:895_13 expire 4 lines
02-04 20:39:50.821   895  4639 I chatty  : uid=1000(system) Binder:895_8 expire 5 lines
02-04 20:39:50.887   895 25694 I chatty  : uid=1000(system) Binder:895_17 expire 5 lines
02-04 20:39:51.363   895  4641 I chatty  : uid=1000(system) Binder:895_9 expire 2 lines
02-04 20:39:51.376   895 25691 I chatty  : uid=1000(system) Binder:895_14 expire 4 lines
02-04 20:39:51.380   895  3572 I chatty  : uid=1000(system) Binder:895_5 expire 2 lines
02-04 20:39:58.591   895   895 I chatty  : uid=1000 system_server expire 11 lines
02-04 20:39:58.693   895   926 I chatty  : uid=1000(system) android.bg expire 3 lines
02-04 20:40:00.841   895   933 I chatty  : uid=1000(system) android.io expire 2 lines
02-04 20:40:01.203   895  4717 I chatty  : uid=1000(system) Binder:895_C expire 6 lines
02-04 20:40:04.119   895  4701 I chatty  : uid=1000(system) Binder:895_B expire 9 lines
02-04 20:40:35.743   895 25727 I chatty  : uid=1000(system) Binder:895_1A expire 5 lines
02-04 20:40:39.727   895   939 I chatty  : uid=1000(system) PackageManager expire 6 lines
02-04 20:40:42.497 26791 26791 W ContextImpl: Calling a method in the system process without a qualified user: android.app.ContextImpl.startService:1357 android.content.ContextWrapper.startService:613 android.content.ContextWrapper.startService:613 com.android.keychain.KeyChainBroadcastReceiver.onReceive:12 android.app.ActivityThread.handleReceiver:3040 
02-04 20:40:42.539   895  3293 I chatty  : uid=1000(system) Binder:895_3 expire 4 lines
02-04 20:40:42.825   895 25688 I chatty  : uid=1000(system) Binder:895_11 expire 5 lines
02-04 20:40:44.778   895  7043 I chatty  : uid=1000(system) Binder:895_1F expire 3 lines
02-04 20:40:44.836   895 25696 I chatty  : uid=1000(system) Binder:895_19 expire 4 lines
02-04 20:40:44.876   895  7044 I chatty  : uid=1000(system) Binder:895_20 expire 3 lines
02-04 20:40:45.144   895 23723 I chatty  : uid=1000(system) Binder:895_F expire 3 lines
02-04 20:40:45.761   895 25693 I chatty  : uid=1000(system) Binder:895_16 expire 3 lines
02-04 20:40:45.817   895  3197 I chatty  : uid=1000(system) ConnectivitySer expire 3 lines
02-04 20:40:46.868   895   914 I chatty  : uid=1000(system) Binder:895_2 expire 3 lines
02-04 20:40:47.274   895  4637 I chatty  : uid=1000(system) Binder:895_7 expire 3 lines
02-04 20:40:47.340   895 25687 I chatty  : uid=1000(system) Binder:895_10 expire 3 lines
02-04 20:40:47.524   895  4722 I chatty  : uid=1000(system) Binder:895_D expire 5 lines
02-04 20:40:51.005   895 25692 I chatty  : uid=1000(system) Binder:895_15 expire 1 line
02-04 20:40:56.507   895  4700 I chatty  : uid=1000(system) Binder:895_A expire 1 line
02-04 20:42:53.542   895   936 I chatty  : uid=1000(system) PowerManagerSer expire 18 lines
02-04 20:42:54.149   895   934 I chatty  : uid=1000(system) android.display expire 8 lines
02-04 20:43:12.682   895  3184 I chatty  : uid=1000(system) InputReader expire 3 lines
02-04 20:43:14.308   895  4634 I chatty  : uid=1000(system) Binder:895_6 expire 1 line
02-04 20:43:17.303 27546 27594 W FileUtils: Failed to chmod(/storage/emulated/0/netease/utils/wu.dat): android.system.ErrnoException: chmod failed: EPERM (Operation not permitted)
02-04 20:44:14.169   895   895 I chatty  : uid=1000 system_server expire 16 lines
02-04 20:48:19.946   895  7041 I chatty  : uid=1000(system) Binder:895_1E expire 7 lines
02-04 20:48:21.420   895  3553 I chatty  : uid=1000(system) Binder:895_4 expire 3 lines
02-04 20:48:39.907   895 25695 I chatty  : uid=1000(system) Binder:895_18 expire 11 lines
02-04 20:54:13.570   895   927 I chatty  : uid=1000(system) ActivityManager expire 6 lines
02-04 20:54:13.573   895   895 I chatty  : uid=1000 system_server expire 15 lines
02-04 20:54:13.706   895   939 I chatty  : uid=1000(system) PackageManager expire 9 lines
02-04 20:54:14.614  2038  2038 W ContextImpl: Calling a method in the system process without a qualified user: android.app.ContextImpl.startService:1357 android.content.ContextWrapper.startService:613 android.content.ContextWrapper.startService:613 com.android.keychain.KeyChainBroadcastReceiver.onReceive:12 android.app.ActivityThread.handleReceiver:3040 
02-04 20:54:14.675   895 23723 I chatty  : uid=1000(system) Binder:895_F expire 2 lines
02-04 20:54:15.170   895  3293 I chatty  : uid=1000(system) Binder:895_3 expire 8 lines
02-04 20:54:16.194   895  7041 I chatty  : uid=1000(system) Binder:895_1E expire 5 lines
02-04 20:54:16.703   895  4722 I chatty  : uid=1000(system) Binder:895_D expire 1 line
02-04 20:54:16.849  2219  2219 E ActivityThread: Failed to find providerName info for oicq.wlogin_sdk.WloginProvider
02-04 20:54:17.320   895 25694 I chatty  : uid=1000(system) Binder:895_17 expire 9 lines
02-04 20:54:18.162   895 25692 I chatty  : uid=1000(system) Binder:895_15 expire 3 lines
02-04 20:54:18.207   895  3553 I chatty  : uid=1000(system) Binder:895_4 expire 6 lines
02-04 20:54:18.302   895  7040 I chatty  : uid=1000(system) Binder:895_1D expire 1 line
02-04 20:54:18.731   895  4637 I chatty  : uid=1000(system) Binder:895_7 expire 6 lines
02-04 20:54:18.773   895  4717 I chatty  : uid=1000(system) Binder:895_C expire 1 line
02-04 20:54:19.020   895  4634 I chatty  : uid=1000(system) Binder:895_6 expire 3 lines
02-04 20:54:19.186   895 25696 I chatty  : uid=1000(system) Binder:895_19 expire 2 lines
02-04 20:54:20.016   895   913 I chatty  : uid=1000(system) Binder:895_1 expire 2 lines
02-04 20:54:20.059   895   914 I chatty  : uid=1000(system) Binder:895_2 expire 4 lines
02-04 20:54:20.251   895 25727 I chatty  : uid=1000(system) Binder:895_1A expire 10 lines
02-04 20:54:23.523   895  7043 I chatty  : uid=1000(system) Binder:895_1F expire 4 lines
02-04 20:54:27.122   895 25688 I chatty  : uid=1000(system) Binder:895_11 expire 3 lines
02-04 20:54:34.009   895  4701 I chatty  : uid=1000(system) Binder:895_B expire 4 lines
02-04 20:55:08.358   895  7079 I chatty  : uid=1000(system) Binder:895_E expire 5 lines
02-04 20:55:21.308   895 29227 I chatty  : uid=1000(system) Binder:895_1C expire 3 lines
02-04 20:55:23.354   895   936 I chatty  : uid=1000(system) PowerManagerSer expire 12 lines
02-04 20:55:23.956   895   934 I chatty  : uid=1000(system) android.display expire 5 lines
02-04 20:55:24.275   895   932 I chatty  : uid=1000(system) android.fg expire 5 lines
02-04 20:55:25.565   895  3184 I chatty  : uid=1000(system) InputReader expire 2 lines
02-04 20:55:28.134   895 25690 I chatty  : uid=1000(system) Binder:895_13 expire 4 lines
02-04 20:55:34.048   895   926 I chatty  : uid=1000(system) android.bg expire 3 lines
02-04 20:55:35.648   895  4639 I chatty  : uid=1000(system) Binder:895_8 expire 3 lines
02-04 20:55:35.758   895  7044 I chatty  : uid=1000(system) Binder:895_20 expire 3 lines
02-04 20:55:44.046   895  3572 I chatty  : uid=1000(system) Binder:895_5 expire 3 lines
02-04 20:55:45.496  3701  3765 W FileUtils: Failed to chmod(/storage/emulated/0/netease/utils/wu.dat): android.system.ErrnoException: chmod failed: EPERM (Operation not permitted)
02-04 20:55:47.868   895  4641 I chatty  : uid=1000(system) Binder:895_9 expire 6 lines
02-04 20:55:54.882   895   895 I chatty  : uid=1000 system_server expire 13 lines
02-04 20:56:28.474   895 27717 I chatty  : uid=1000(system) Binder:895_1B expire 3 lines
02-04 20:56:28.507   895 25693 I chatty  : uid=1000(system) Binder:895_16 expire 1 line
02-04 20:56:28.696   895  4700 I chatty  : uid=1000(system) Binder:895_A expire 3 lines
02-04 20:56:29.318   895 25691 I chatty  : uid=1000(system) Binder:895_14 expire 2 lines
02-04 20:57:01.582  5112  5112 W ContextImpl: Calling a method in the system process without a qualified user: android.app.ContextImpl.startService:1357 android.content.ContextWrapper.startService:613 android.content.ContextWrapper.startService:613 com.android.keychain.KeyChainBroadcastReceiver.onReceive:12 android.app.ActivityThread.handleReceiver:3040 
02-04 20:57:03.910   895 25689 I chatty  : uid=1000(system) Binder:895_12 expire 5 lines
02-04 20:57:04.080  5240  5240 E ActivityThread: Failed to find providerName info for oicq.wlogin_sdk.WloginProvider
02-04 20:57:06.004   895  3197 I chatty  : uid=1000(system) ConnectivitySer expire 1 line
02-04 20:57:06.611   895  3186 I chatty  : uid=1000(system) VoldConnector expire 1 line
02-04 20:58:04.604   895   936 I chatty  : uid=1000(system) PowerManagerSer expire 3 lines
02-04 20:58:19.443   895  4516 I chatty  : uid=1000(system) backup expire 4 lines
02-04 20:58:21.652   895  4700 I chatty  : uid=1000(system) Binder:895_A expire 2 lines
02-04 20:58:22.191   895   927 I chatty  : uid=1000(system) ActivityManager expire 8 lines
02-04 20:58:25.494   895  3184 I chatty  : uid=1000(system) InputReader expire 4 lines
02-04 20:58:25.502   895   936 I chatty  : uid=1000(system) PowerManagerSer expire 14 lines
02-04 20:58:25.525   895   895 I chatty  : uid=1000 system_server expire 14 lines
02-04 20:58:25.527   895   934 I chatty  : uid=1000(system) android.display expire 6 lines
02-04 20:58:25.844   895 25689 I chatty  : uid=1000(system) Binder:895_12 expire 5 lines
02-04 20:58:25.844   895   932 I chatty  : uid=1000(system) android.fg expire 6 lines
02-04 20:58:26.487  5482  5524 W FileUtils: Failed to chmod(/storage/emulated/0/netease/utils/wu.dat): android.system.ErrnoException: chmod failed: EPERM (Operation not permitted)
02-04 20:58:40.363   895 25696 I chatty  : uid=1000(system) Binder:895_19 expire 7 lines
02-04 20:58:40.364   895   929 I chatty  : uid=1000(system) ActivityManager expire 8 lines
02-04 20:58:40.428   895  4717 I chatty  : uid=1000(system) Binder:895_C expire 1 line
02-04 20:58:40.479   895 25692 I chatty  : uid=1000(system) Binder:895_15 expire 3 lines
02-04 20:58:40.483   895   913 I chatty  : uid=1000(system) Binder:895_1 expire 5 lines
02-04 20:58:44.628   895 25690 I chatty  : uid=1000(system) Binder:895_13 expire 5 lines
02-04 20:58:46.620   895  4722 I chatty  : uid=1000(system) Binder:895_D expire 6 lines
02-04 20:58:46.654   895 29227 I chatty  : uid=1000(system) Binder:895_1C expire 4 lines
02-04 20:58:48.797   895  7079 I chatty  : uid=1000(system) Binder:895_E expire 7 lines
02-04 20:58:49.049   895 25694 I chatty  : uid=1000(system) Binder:895_17 expire 2 lines
02-04 20:58:49.101   895  3185 I chatty  : uid=1000(system) MountService expire 1 line
02-04 20:58:49.102   895  4634 I chatty  : uid=1000(system) Binder:895_6 expire 10 lines
02-04 20:58:49.131   377   383 E vold    : Failed to open /proc/5388: No such file or directory
02-04 20:58:49.132   895  3186 I chatty  : uid=1000(system) VoldConnector expire 3 lines
02-04 20:58:49.814   895  7044 I chatty  : uid=1000(system) Binder:895_20 expire 4 lines
02-04 20:58:51.191   895  7040 I chatty  : uid=1000(system) Binder:895_1D expire 3 lines
02-04 20:58:51.193   377   383 D vold    : Remounting 10150 as mode read
02-04 20:58:51.207   377   383 D vold    : Found matching PID 6507
02-04 20:58:51.221   377   383 D vold    : Remounting 10150 as mode write
02-04 20:58:51.232   377   383 D vold    : Found matching PID 6507
02-04 20:58:55.583   895 25727 I chatty  : uid=1000(system) Binder:895_1A expire 2 lines
02-04 20:58:59.372   895   926 I chatty  : uid=1000(system) android.bg expire 5 lines
02-04 20:59:00.436   895 25695 I chatty  : uid=1000(system) Binder:895_18 expire 9 lines
02-04 20:59:04.479   895  3553 I chatty  : uid=1000(system) Binder:895_4 expire 7 lines
02-04 20:59:04.519   895  4641 I chatty  : uid=1000(system) Binder:895_9 expire 3 lines
02-04 20:59:07.086   895   930 I chatty  : uid=1000(system) batterystats-sy expire 3 lines
02-04 20:59:07.293   895 27717 I chatty  : uid=1000(system) Binder:895_1B expire 3 lines
02-04 20:59:07.975   895  3572 I chatty  : uid=1000(system) Binder:895_5 expire 3 lines
02-04 20:59:08.173   895  4639 I chatty  : uid=1000(system) Binder:895_8 expire 5 lines
02-04 20:59:08.187   895 25691 I chatty  : uid=1000(system) Binder:895_14 expire 3 lines
02-04 20:59:08.577   895   914 I chatty  : uid=1000(system) Binder:895_2 expire 1 line
02-04 20:59:25.212   895 25688 I chatty  : uid=1000(system) Binder:895_11 expire 3 lines
02-04 20:59:26.851   895   933 I chatty  : uid=1000(system) android.io expire 2 lines
02-04 20:59:30.195   895  7043 I chatty  : uid=1000(system) Binder:895_1F expire 9 lines
02-04 21:05:10.781   895  3293 I chatty  : uid=1000(system) Binder:895_3 expire 3 lines
02-04 21:05:23.368   895  3197 I chatty  : uid=1000(system) ConnectivitySer expire 10 lines
02-04 21:05:24.254   895  4701 I chatty  : uid=1000(system) Binder:895_B expire 1 line
02-04 21:05:24.382   895 23723 I chatty  : uid=1000(system) Binder:895_F expire 2 lines
02-04 21:05:26.606   895 25693 I chatty  : uid=1000(system) Binder:895_16 expire 1 line
02-04 21:05:30.517   895 25687 I chatty  : uid=1000(system) Binder:895_10 expire 3 lines
02-04 21:05:37.615  4733  4733 W ViewRootImpl[GEL]: Cancelling event due to no window focus: KeyEvent { action=ACTION_UP, keyCode=KEYCODE_BACK, scanCode=0, metaState=0, flags=0x68, repeatCount=0, eventTime=75663584, downTime=75663513, deviceId=-1, source=0x101 }
