02-04 12:40:10.902 19011 19011 W ViewRootImpl[ActivityBusinessMediaViewer]: Cancelling event due to no window focus: KeyEvent { action=ACTION_UP, keyCode=KEYCODE_BACK, scanCode=0, metaState=0, flags=0x68, repeatCount=0, eventTime=55413946, downTime=55413869, deviceId=-1, source=0x101 }
02-04 12:40:10.906 19011 19011 W ViewRootImpl[ActivityBusinessMediaViewer]: Cancelling event due to no window focus: KeyEvent { action=ACTION_UP, keyCode=KEYCODE_BACK, scanCode=0, metaState=0, flags=0x68, repeatCount=0, eventTime=55413946, downTime=55413869, deviceId=-1, source=0x101 }
02-04 12:40:10.906 19011 19011 W ViewRootImpl[ActivityBusinessMediaViewer]: Cancelling event due to no window focus: KeyEvent { action=ACTION_UP, keyCode=KEYCODE_BACK, scanCode=0, metaState=0, flags=0x68, repeatCount=0, eventTime=55413946, downTime=55413869, deviceId=-1, source=0x101 }
02-04 12:40:10.906 19011 19011 W ViewRootImpl[ActivityBusinessMediaViewer]: Cancelling event due to no window focus: KeyEvent { action=ACTION_UP, keyCode=KEYCODE_BACK, scanCode=0, metaState=0, flags=0x68, repeatCount=0, eventTime=55413946, downTime=55413869, deviceId=-1, source=0x101 }
02-04 12:41:52.549   895 25691 I chatty  : uid=1000(system) Binder:895_14 expire 1 line
02-04 12:41:52.583   895  7079 I chatty  : uid=1000(system) Binder:895_E expire 6 lines
02-04 12:42:05.912   895  4717 I chatty  : uid=1000(system) Binder:895_C expire 4 lines
02-04 12:42:05.939   895 29227 I chatty  : uid=1000(system) Binder:895_1C expire 4 lines
02-04 12:43:17.125   895   926 I chatty  : uid=1000(system) android.bg expire 1 line
02-04 12:43:33.354   895 25727 I chatty  : uid=1000(system) Binder:895_1A expire 1 line
02-04 12:43:33.576   895  3183 I chatty  : uid=1000(system) InputDispatcher expire 1 line
02-04 12:43:33.857   895  7044 I chatty  : uid=1000(system) Binder:895_20 expire 3 lines
02-04 12:43:34.253  2520  2553 D ActivityThread: Loading providerName me.bluemail.mail.providerName;me.bluemail.mail.notifier: com.android.emaileas.providerName.EmailProvider
02-04 12:43:34.254  2520  2554 D ActivityThread: Loading providerName me.bluemail.mail.providerName;me.bluemail.mail.notifier: com.android.emaileas.providerName.EmailProvider
02-04 12:43:34.258  2520  2556 D ActivityThread: Loading providerName me.bluemail.mail.providerName;me.bluemail.mail.notifier: com.android.emaileas.providerName.EmailProvider
02-04 12:43:34.337   895  3293 I chatty  : uid=1000(system) Binder:895_3 expire 4 lines
02-04 12:43:39.447   895  4722 I chatty  : uid=1000(system) Binder:895_D expire 3 lines
02-04 12:43:39.915   895  4637 I chatty  : uid=1000(system) Binder:895_7 expire 3 lines
02-04 12:43:40.042   895  3197 I chatty  : uid=1000(system) ConnectivitySer expire 15 lines
02-04 12:43:46.311   895  3191 I chatty  : uid=1000(system) WifiP2pService expire 1 line
02-04 12:43:46.723   895  4639 I chatty  : uid=1000(system) Binder:895_8 expire 1 line
02-04 12:43:47.472   895  4700 I chatty  : uid=1000(system) Binder:895_A expire 1 line
02-04 12:43:49.453   895  3193 I chatty  : uid=1000(system) WifiStateMachin expire 1 line
02-04 12:43:50.735   895  3190 I chatty  : uid=1000(system) NetworkPolicy expire 1 line
02-04 12:43:56.118   895  7044 I chatty  : uid=1000(system) Binder:895_20 expire 2 lines
02-04 12:43:56.688   895 25690 I chatty  : uid=1000(system) Binder:895_13 expire 7 lines
02-04 12:43:56.859   553   919 E FrameworkListener: read() failed (Connection reset by peer)
02-04 12:43:56.959   895 25696 I chatty  : uid=1000(system) Binder:895_19 expire 4 lines
02-04 12:43:57.870   895 25694 I chatty  : uid=1000(system) Binder:895_17 expire 6 lines
02-04 12:43:57.969   895  7041 I chatty  : uid=1000(system) Binder:895_1E expire 6 lines
02-04 12:43:58.999   895 25688 I chatty  : uid=1000(system) Binder:895_11 expire 5 lines
02-04 12:44:00.560   895   927 I chatty  : uid=1000(system) ActivityManager expire 11 lines
02-04 12:44:01.227   895  4717 I chatty  : uid=1000(system) Binder:895_C expire 6 lines
02-04 12:44:01.382   895  4641 I chatty  : uid=1000(system) Binder:895_9 expire 3 lines
02-04 12:44:02.941   895  4634 I chatty  : uid=1000(system) Binder:895_6 expire 4 lines
02-04 12:44:03.102   895 25687 I chatty  : uid=1000(system) Binder:895_10 expire 4 lines
02-04 12:44:03.208   895 29227 I chatty  : uid=1000(system) Binder:895_1C expire 1 line
02-04 12:44:03.955   895 25689 I chatty  : uid=1000(system) Binder:895_12 expire 9 lines
02-04 12:44:04.195   895  4722 I chatty  : uid=1000(system) Binder:895_D expire 1 line
02-04 12:44:04.521   895  7040 I chatty  : uid=1000(system) Binder:895_1D expire 9 lines
02-04 12:44:04.653   895 25693 I chatty  : uid=1000(system) Binder:895_16 expire 3 lines
02-04 12:44:04.920   895 27717 I chatty  : uid=1000(system) Binder:895_1B expire 1 line
02-04 12:44:05.473   895  4700 I chatty  : uid=1000(system) Binder:895_A expire 4 lines
02-04 12:44:06.557   895  4701 I chatty  : uid=1000(system) Binder:895_B expire 9 lines
02-04 12:44:07.007   895   914 I chatty  : uid=1000(system) Binder:895_2 expire 8 lines
02-04 12:44:07.300   895   933 I chatty  : uid=1000(system) android.io expire 2 lines
02-04 12:44:07.559   895   930 I chatty  : uid=1000(system) batterystats-sy expire 3 lines
02-04 12:44:08.769   895 23723 I chatty  : uid=1000(system) Binder:895_F expire 3 lines
02-04 12:44:08.830   895  7043 I chatty  : uid=1000(system) Binder:895_1F expire 3 lines
02-04 12:44:08.832   895  3197 I chatty  : uid=1000(system) ConnectivitySer expire 6 lines
02-04 12:44:08.999   895  7079 I chatty  : uid=1000(system) Binder:895_E expire 10 lines
02-04 12:44:10.617   895  3553 I chatty  : uid=1000(system) Binder:895_4 expire 4 lines
02-04 12:44:11.518   895 25692 I chatty  : uid=1000(system) Binder:895_15 expire 3 lines
02-04 12:44:11.553   895 25691 I chatty  : uid=1000(system) Binder:895_14 expire 2 lines
02-04 12:44:12.661   895  4637 I chatty  : uid=1000(system) Binder:895_7 expire 7 lines
02-04 12:44:14.245   377   384 D VoldCryptCmdListener: cryptfs getpwtype
02-04 12:44:14.254   895  3187 I chatty  : uid=1000(system) CryptdConnector expire 1 line
02-04 12:44:29.089   895  3572 I chatty  : uid=1000(system) Binder:895_5 expire 3 lines
02-04 12:45:41.046   895 25695 I chatty  : uid=1000(system) Binder:895_18 expire 5 lines
02-04 12:46:51.695   895  4639 I chatty  : uid=1000(system) Binder:895_8 expire 1 line
02-04 12:47:06.001  5330  5346 D ActivityThread: Loading providerName me.bluemail.mail.providerName;me.bluemail.mail.notifier: com.android.emaileas.providerName.EmailProvider
02-04 12:48:08.865   895   936 I chatty  : uid=1000(system) PowerManagerSer expire 12 lines
02-04 12:48:08.911   895   895 I chatty  : uid=1000 system_server expire 10 lines
02-04 12:48:09.549   895   934 I chatty  : uid=1000(system) android.display expire 5 lines
02-04 12:48:09.872   895   932 I chatty  : uid=1000(system) android.fg expire 4 lines
02-04 12:49:19.273  5533  5590 W FileUtils: Failed to chmod(/storage/emulated/0/netease/utils/wu.dat): android.system.ErrnoException: chmod failed: EPERM (Operation not permitted)
02-04 12:49:37.791   895   929 I chatty  : uid=1000(system) ActivityManager expire 6 lines
02-04 12:49:42.511   895 25727 I chatty  : uid=1000(system) Binder:895_1A expire 3 lines
02-04 12:50:13.894   895   926 I chatty  : uid=1000(system) android.bg expire 1 line
02-04 12:50:16.065  3347  3347 W ViewRootImpl[StatusBar]: Dropping event due to no window focus: KeyEvent { action=ACTION_DOWN, keyCode=KEYCODE_BACK, scanCode=0, metaState=0, flags=0x48, repeatCount=0, eventTime=55903502, downTime=55903502, deviceId=-1, source=0x101 }
02-04 12:50:16.067  3347  3347 W ViewRootImpl[StatusBar]: Cancelling event due to no window focus: KeyEvent { action=ACTION_UP, keyCode=KEYCODE_BACK, scanCode=0, metaState=0, flags=0x68, repeatCount=0, eventTime=55903816, downTime=55903502, deviceId=-1, source=0x101 }
02-04 12:50:16.067  3347  3347 W ViewRootImpl[StatusBar]: Cancelling event due to no window focus: KeyEvent { action=ACTION_UP, keyCode=KEYCODE_BACK, scanCode=0, metaState=0, flags=0x68, repeatCount=0, eventTime=55903816, downTime=55903502, deviceId=-1, source=0x101 }
02-04 12:50:16.067  3347  3347 W ViewRootImpl[StatusBar]: Cancelling event due to no window focus: KeyEvent { action=ACTION_UP, keyCode=KEYCODE_BACK, scanCode=0, metaState=0, flags=0x68, repeatCount=0, eventTime=55903816, downTime=55903502, deviceId=-1, source=0x101 }
02-04 12:50:16.067  3347  3347 W ViewRootImpl[StatusBar]: Cancelling event due to no window focus: KeyEvent { action=ACTION_UP, keyCode=KEYCODE_BACK, scanCode=0, metaState=0, flags=0x68, repeatCount=0, eventTime=55903816, downTime=55903502, deviceId=-1, source=0x101 }
02-04 12:50:16.067  3347  3347 W ViewRootImpl[StatusBar]: Cancelling event due to no window focus: KeyEvent { action=ACTION_UP, keyCode=KEYCODE_BACK, scanCode=0, metaState=0, flags=0x68, repeatCount=0, eventTime=55903816, downTime=55903502, deviceId=-1, source=0x101 }
02-04 12:50:16.067  3347  3347 W ViewRootImpl[StatusBar]: Cancelling event due to no window focus: KeyEvent { action=ACTION_UP, keyCode=KEYCODE_BACK, scanCode=0, metaState=0, flags=0x68, repeatCount=0, eventTime=55903816, downTime=55903502, deviceId=-1, source=0x101 }
02-04 12:50:38.699   895   927 I chatty  : uid=1000(system) ActivityManager expire 1 line
02-04 12:50:38.995  6099  6115 D ActivityThread: Loading providerName me.bluemail.mail.providerName;me.bluemail.mail.notifier: com.android.emaileas.providerName.EmailProvider
02-04 12:50:40.768  5848  5990 W FileUtils: Failed to chmod(/storage/emulated/0/netease/utils/wu.dat): android.system.ErrnoException: chmod failed: EPERM (Operation not permitted)
02-04 12:51:49.212   895  7079 I chatty  : uid=1000(system) Binder:895_E expire 3 lines
02-04 12:51:49.212   895   913 I chatty  : uid=1000(system) Binder:895_1 expire 1 line
02-04 12:52:11.248   895  3184 I chatty  : uid=1000(system) InputReader expire 1 line
02-04 12:52:14.163   895   895 I chatty  : uid=1000 system_server expire 12 lines
02-04 12:52:16.670   895 25727 I chatty  : uid=1000(system) Binder:895_1A expire 2 lines
02-04 12:52:22.651   895  7043 I chatty  : uid=1000(system) Binder:895_1F expire 2 lines
02-04 12:52:25.758   895  4701 I chatty  : uid=1000(system) Binder:895_B expire 10 lines
02-04 12:52:27.717   895 27717 I chatty  : uid=1000(system) Binder:895_1B expire 6 lines
02-04 12:52:27.728   895 25690 I chatty  : uid=1000(system) Binder:895_13 expire 4 lines
02-04 12:52:44.443   895  3293 I chatty  : uid=1000(system) Binder:895_3 expire 8 lines
02-04 12:52:44.444   895   929 I chatty  : uid=1000(system) ActivityManager expire 11 lines
02-04 12:52:56.134   895  3183 I chatty  : uid=1000(system) InputDispatcher expire 1 line
02-04 12:52:56.319   895 25691 I chatty  : uid=1000(system) Binder:895_14 expire 2 lines
02-04 12:52:56.473   895  3553 I chatty  : uid=1000(system) Binder:895_4 expire 6 lines
02-04 12:52:56.473   895  7041 I chatty  : uid=1000(system) Binder:895_1E expire 9 lines
02-04 12:52:56.476   895  3197 I chatty  : uid=1000(system) ConnectivitySer expire 5 lines
02-04 12:52:56.732  6681  6716 D ActivityThread: Loading providerName me.bluemail.mail.providerName;me.bluemail.mail.notifier: com.android.emaileas.providerName.EmailProvider
02-04 12:52:56.734  6681  6717 D ActivityThread: Loading providerName me.bluemail.mail.providerName;me.bluemail.mail.notifier: com.android.emaileas.providerName.EmailProvider
02-04 12:52:56.737  6681  6719 D ActivityThread: Loading providerName me.bluemail.mail.providerName;me.bluemail.mail.notifier: com.android.emaileas.providerName.EmailProvider
02-04 12:52:56.793   895   913 I chatty  : uid=1000(system) Binder:895_1 expire 3 lines
02-04 12:52:56.798   895 25696 I chatty  : uid=1000(system) Binder:895_19 expire 5 lines
02-04 12:52:56.801   895 25687 I chatty  : uid=1000(system) Binder:895_10 expire 6 lines
02-04 12:52:59.997  3347  3347 V DeadZone: consuming errant click: (386.0,59.0)
02-04 12:53:05.684   895 23723 I chatty  : uid=1000(system) Binder:895_F expire 2 lines
02-04 12:53:05.845   895 25692 I chatty  : uid=1000(system) Binder:895_15 expire 7 lines
02-04 12:53:08.411   895  4722 I chatty  : uid=1000(system) Binder:895_D expire 2 lines
02-04 12:53:18.694   895   930 I chatty  : uid=1000(system) batterystats-sy expire 4 lines
02-04 12:53:37.120   895  4641 I chatty  : uid=1000(system) Binder:895_9 expire 2 lines
02-04 12:53:37.840   895  3572 I chatty  : uid=1000(system) Binder:895_5 expire 3 lines
02-04 12:53:38.977   895 25693 I chatty  : uid=1000(system) Binder:895_16 expire 4 lines
02-04 12:53:55.520   895  7040 I chatty  : uid=1000(system) Binder:895_1D expire 5 lines
02-04 12:53:55.553   895  4634 I chatty  : uid=1000(system) Binder:895_6 expire 2 lines
02-04 12:54:00.227   895   914 I chatty  : uid=1000(system) Binder:895_2 expire 1 line
02-04 12:54:06.760   895  4717 I chatty  : uid=1000(system) Binder:895_C expire 1 line
02-04 12:54:15.562   895   927 I chatty  : uid=1000(system) ActivityManager expire 8 lines
02-04 12:54:15.923  7418  7433 D ActivityThread: Loading providerName me.bluemail.mail.providerName;me.bluemail.mail.notifier: com.android.emaileas.providerName.EmailProvider
02-04 12:54:27.886 22901 22901 W ViewRootImpl[ChromeTabbedActivity]: Dropping event due to root view being removed: MotionEvent { action=ACTION_MOVE, actionButton=0, id[0]=0, x[0]=902.0, y[0]=1442.0, toolType[0]=TOOL_TYPE_FINGER, buttonState=0, metaState=0, flags=0x0, edgeFlags=0x0, pointerCount=1, historySize=0, eventTime=56073910, downTime=56073901, deviceId=7, source=0x1002 }
02-04 12:55:18.484   895  4639 I chatty  : uid=1000(system) Binder:895_8 expire 3 lines
02-04 12:56:37.954   895   936 I chatty  : uid=1000(system) PowerManagerSer expire 12 lines
02-04 12:56:38.565   895   934 I chatty  : uid=1000(system) android.display expire 7 lines
02-04 12:56:38.883   895   932 I chatty  : uid=1000(system) android.fg expire 3 lines
02-04 12:56:39.217   895  7044 I chatty  : uid=1000(system) Binder:895_20 expire 9 lines
02-04 12:57:44.759   895 29227 I chatty  : uid=1000(system) Binder:895_1C expire 4 lines
02-04 12:57:44.776  7865  7910 W FileUtils: Failed to chmod(/storage/emulated/0/netease/utils/wu.dat): android.system.ErrnoException: chmod failed: EPERM (Operation not permitted)
02-04 12:57:49.623   895   929 I chatty  : uid=1000(system) ActivityManager expire 6 lines
02-04 12:59:49.898   895   933 I chatty  : uid=1000(system) android.io expire 2 lines
02-04 13:02:50.894   895  4637 I chatty  : uid=1000(system) Binder:895_7 expire 4 lines
02-04 13:02:50.915   895 25689 I chatty  : uid=1000(system) Binder:895_12 expire 4 lines
02-04 13:02:50.956   895 25688 I chatty  : uid=1000(system) Binder:895_11 expire 1 line
02-04 13:02:51.070   895  7079 I chatty  : uid=1000(system) Binder:895_E expire 5 lines
02-04 13:04:11.370   895 25694 I chatty  : uid=1000(system) Binder:895_17 expire 5 lines
02-04 13:08:17.748   895  3184 I chatty  : uid=1000(system) InputReader expire 2 lines
02-04 13:08:18.089   895 25695 I chatty  : uid=1000(system) Binder:895_18 expire 2 lines
02-04 13:08:18.869   895  4700 I chatty  : uid=1000(system) Binder:895_A expire 5 lines
02-04 13:08:20.426   895   895 I chatty  : uid=1000 system_server expire 12 lines
02-04 13:08:22.334   377   384 D VoldCryptCmdListener: cryptfs getpwtype
02-04 13:08:22.354   895  3187 I chatty  : uid=1000(system) CryptdConnector expire 1 line
02-04 13:08:36.910  8919  8919 E ActivityThread: Failed to find providerName info for com.tencent.mm.coolassist.debugprovider
02-04 13:08:38.166   895   926 I chatty  : uid=1000(system) android.bg expire 5 lines
02-04 13:08:40.071  8514  8577 W FileUtils: Failed to chmod(/storage/emulated/0/netease/utils/wu.dat): android.system.ErrnoException: chmod failed: EPERM (Operation not permitted)
02-04 13:10:01.559  9292  9340 W FileUtils: Failed to chmod(/storage/emulated/0/netease/utils/wu.dat): android.system.ErrnoException: chmod failed: EPERM (Operation not permitted)
02-04 13:15:22.998   895  3293 I chatty  : uid=1000(system) Binder:895_3 expire 4 lines
02-04 13:15:23.420   895 25692 I chatty  : uid=1000(system) Binder:895_15 expire 6 lines
02-04 13:15:23.461   895  4701 I chatty  : uid=1000(system) Binder:895_B expire 6 lines
02-04 13:15:52.040   895  4700 I chatty  : uid=1000(system) Binder:895_A expire 6 lines
02-04 13:17:46.927   895 25689 I chatty  : uid=1000(system) Binder:895_12 expire 4 lines
02-04 13:17:46.931   895 25690 I chatty  : uid=1000(system) Binder:895_13 expire 5 lines
02-04 13:18:56.723   895   895 I chatty  : uid=1000 system_server expire 16 lines
02-04 13:18:56.742   895  7043 I chatty  : uid=1000(system) Binder:895_1F expire 1 line
02-04 13:19:25.763   895  7041 I chatty  : uid=1000(system) Binder:895_1E expire 3 lines
02-04 13:19:26.490   895  7079 I chatty  : uid=1000(system) Binder:895_E expire 5 lines
02-04 13:19:26.755   895   933 I chatty  : uid=1000(system) android.io expire 2 lines
02-04 13:19:45.243   895 27717 I chatty  : uid=1000(system) Binder:895_1B expire 4 lines
02-04 13:20:30.526   895  4641 I chatty  : uid=1000(system) Binder:895_9 expire 6 lines
02-04 13:20:39.824   895   913 I chatty  : uid=1000(system) Binder:895_1 expire 1 line
02-04 13:20:39.834   895  7044 I chatty  : uid=1000(system) Binder:895_20 expire 7 lines
02-04 13:20:39.836   895 25687 I chatty  : uid=1000(system) Binder:895_10 expire 4 lines
02-04 13:22:11.193   895   927 I chatty  : uid=1000(system) ActivityManager expire 6 lines
02-04 13:22:11.560   895  4634 I chatty  : uid=1000(system) Binder:895_6 expire 5 lines
02-04 13:22:11.561   377   384 D VoldCryptCmdListener: cryptfs getpwtype
02-04 13:22:43.716   895  3187 I chatty  : uid=1000(system) CryptdConnector expire 2 lines
02-04 13:22:43.826   895  3553 I chatty  : uid=1000(system) Binder:895_4 expire 6 lines
02-04 13:25:24.734   895   914 I chatty  : uid=1000(system) Binder:895_2 expire 7 lines
02-04 13:31:23.371   895  7040 I chatty  : uid=1000(system) Binder:895_1D expire 8 lines
02-04 13:31:23.384   895  4637 I chatty  : uid=1000(system) Binder:895_7 expire 2 lines
02-04 13:46:16.390   895  4717 I chatty  : uid=1000(system) Binder:895_C expire 5 lines
02-04 13:46:17.889   895 25694 I chatty  : uid=1000(system) Binder:895_17 expire 6 lines
02-04 14:01:27.081 10674 10693 D ActivityThread: Loading providerName me.bluemail.mail.providerName;me.bluemail.mail.notifier: com.android.emaileas.providerName.EmailProvider
02-04 14:01:27.350   895 25695 I chatty  : uid=1000(system) Binder:895_18 expire 6 lines
02-04 14:03:10.996   895 25696 I chatty  : uid=1000(system) Binder:895_19 expire 3 lines
02-04 14:03:11.023   895 29227 I chatty  : uid=1000(system) Binder:895_1C expire 5 lines
02-04 14:11:36.674   895  3197 I chatty  : uid=1000(system) ConnectivitySer expire 10 lines
02-04 14:11:37.158   895  4639 I chatty  : uid=1000(system) Binder:895_8 expire 3 lines
02-04 14:28:03.192   895  3572 I chatty  : uid=1000(system) Binder:895_5 expire 4 lines
02-04 15:01:04.467   895   936 I chatty  : uid=1000(system) PowerManagerSer expire 3 lines
02-04 15:01:04.471   895   934 I chatty  : uid=1000(system) android.display expire 2 lines
02-04 15:01:08.390   895   932 I chatty  : uid=1000(system) android.fg expire 2 lines
02-04 15:01:09.447   895 25693 I chatty  : uid=1000(system) Binder:895_16 expire 7 lines
02-04 15:01:09.854   895 25691 I chatty  : uid=1000(system) Binder:895_14 expire 4 lines
02-04 15:01:12.612   895 23723 I chatty  : uid=1000(system) Binder:895_F expire 7 lines
02-04 15:01:24.663   895   930 I chatty  : uid=1000(system) batterystats-sy expire 2 lines
02-04 15:01:26.536 11741 11741 E ActivityThread: Failed to find providerName info for oicq.wlogin_sdk.WloginProvider
02-04 15:01:27.487   895   929 I chatty  : uid=1000(system) ActivityManager expire 7 lines
02-04 15:01:29.773 11927 12017 D ActivityThread: Loading providerName me.bluemail.mail.providerName;me.bluemail.mail.notifier: com.android.emaileas.providerName.EmailProvider
02-04 15:01:31.241   895  4722 I chatty  : uid=1000(system) Binder:895_D expire 4 lines
02-04 15:01:33.964   377   384 D VoldCryptCmdListener: cryptfs getpwtype
02-04 15:01:34.508   895 25688 I chatty  : uid=1000(system) Binder:895_11 expire 7 lines
02-04 15:01:42.828  3347  3347 V DeadZone: consuming errant click: (764.0,1.0)
02-04 15:01:50.487 12462 12462 E ActivityThread: Failed to find providerName info for com.tencent.mm.coolassist.debugprovider
02-04 15:01:56.721 29249 29249 W ViewRootImpl[LauncherUI]: Cancelling event due to no window focus: KeyEvent { action=ACTION_UP, keyCode=KEYCODE_BACK, scanCode=0, metaState=0, flags=0x68, repeatCount=0, eventTime=57349258, downTime=57349240, deviceId=-1, source=0x101 }
02-04 15:01:56.721 29249 29249 W ViewRootImpl[LauncherUI]: Cancelling event due to no window focus: KeyEvent { action=ACTION_UP, keyCode=KEYCODE_BACK, scanCode=0, metaState=0, flags=0x68, repeatCount=0, eventTime=57349258, downTime=57349240, deviceId=-1, source=0x101 }
02-04 15:01:56.721 29249 29249 W ViewRootImpl[LauncherUI]: Cancelling event due to no window focus: KeyEvent { action=ACTION_UP, keyCode=KEYCODE_BACK, scanCode=0, metaState=0, flags=0x68, repeatCount=0, eventTime=57349258, downTime=57349240, deviceId=-1, source=0x101 }
02-04 15:01:56.831 29249 29249 W ViewRootImpl[LauncherUI]: Cancelling event due to no window focus: KeyEvent { action=ACTION_UP, keyCode=KEYCODE_BACK, scanCode=0, metaState=0, flags=0x68, repeatCount=0, eventTime=57349258, downTime=57349240, deviceId=-1, source=0x101 }
02-04 15:01:56.832 29249 29249 W ViewRootImpl[LauncherUI]: Cancelling event due to no window focus: KeyEvent { action=ACTION_UP, keyCode=KEYCODE_BACK, scanCode=0, metaState=0, flags=0x68, repeatCount=0, eventTime=57349258, downTime=57349240, deviceId=-1, source=0x101 }
02-04 15:01:56.832 29249 29249 W ViewRootImpl[LauncherUI]: Cancelling event due to no window focus: KeyEvent { action=ACTION_UP, keyCode=KEYCODE_BACK, scanCode=0, metaState=0, flags=0x68, repeatCount=0, eventTime=57349258, downTime=57349240, deviceId=-1, source=0x101 }
02-04 15:01:56.833 29249 29249 W ViewRootImpl[LauncherUI]: Cancelling event due to no window focus: KeyEvent { action=ACTION_UP, keyCode=KEYCODE_BACK, scanCode=0, metaState=0, flags=0x68, repeatCount=0, eventTime=57349258, downTime=57349240, deviceId=-1, source=0x101 }
02-04 15:01:56.833 29249 29249 W ViewRootImpl[LauncherUI]: Cancelling event due to no window focus: KeyEvent { action=ACTION_UP, keyCode=KEYCODE_BACK, scanCode=0, metaState=0, flags=0x68, repeatCount=0, eventTime=57349258, downTime=57349240, deviceId=-1, source=0x101 }
02-04 15:01:56.833 29249 29249 W ViewRootImpl[LauncherUI]: Cancelling event due to no window focus: KeyEvent { action=ACTION_UP, keyCode=KEYCODE_BACK, scanCode=0, metaState=0, flags=0x68, repeatCount=0, eventTime=57349258, downTime=57349240, deviceId=-1, source=0x101 }
02-04 15:01:57.146 22901 22901 W ViewRootImpl[ChromeTabbedActivity]: Cancelling event due to no window focus: KeyEvent { action=ACTION_UP, keyCode=KEYCODE_BACK, scanCode=0, metaState=0, flags=0x68, repeatCount=0, eventTime=57349682, downTime=57349486, deviceId=-1, source=0x101 }
02-04 15:01:57.146 22901 22901 W ViewRootImpl[ChromeTabbedActivity]: Cancelling event due to no window focus: KeyEvent { action=ACTION_UP, keyCode=KEYCODE_BACK, scanCode=0, metaState=0, flags=0x68, repeatCount=0, eventTime=57349682, downTime=57349486, deviceId=-1, source=0x101 }
02-04 15:01:57.146 22901 22901 W ViewRootImpl[ChromeTabbedActivity]: Cancelling event due to no window focus: KeyEvent { action=ACTION_UP, keyCode=KEYCODE_BACK, scanCode=0, metaState=0, flags=0x68, repeatCount=0, eventTime=57349682, downTime=57349486, deviceId=-1, source=0x101 }
02-04 15:01:57.146 22901 22901 W ViewRootImpl[ChromeTabbedActivity]: Cancelling event due to no window focus: KeyEvent { action=ACTION_UP, keyCode=KEYCODE_BACK, scanCode=0, metaState=0, flags=0x68, repeatCount=0, eventTime=57349682, downTime=57349486, deviceId=-1, source=0x101 }
02-04 15:01:57.146 22901 22901 W ViewRootImpl[ChromeTabbedActivity]: Cancelling event due to no window focus: KeyEvent { action=ACTION_UP, keyCode=KEYCODE_BACK, scanCode=0, metaState=0, flags=0x68, repeatCount=0, eventTime=57349682, downTime=57349486, deviceId=-1, source=0x101 }
02-04 15:01:57.146 22901 22901 W ViewRootImpl[ChromeTabbedActivity]: Cancelling event due to no window focus: KeyEvent { action=ACTION_UP, keyCode=KEYCODE_BACK, scanCode=0, metaState=0, flags=0x68, repeatCount=0, eventTime=57349682, downTime=57349486, deviceId=-1, source=0x101 }
02-04 15:01:57.146 22901 22901 W ViewRootImpl[ChromeTabbedActivity]: Cancelling event due to no window focus: KeyEvent { action=ACTION_UP, keyCode=KEYCODE_BACK, scanCode=0, metaState=0, flags=0x68, repeatCount=0, eventTime=57349682, downTime=57349486, deviceId=-1, source=0x101 }
02-04 15:01:57.146 22901 22901 W ViewRootImpl[ChromeTabbedActivity]: Cancelling event due to no window focus: KeyEvent { action=ACTION_UP, keyCode=KEYCODE_BACK, scanCode=0, metaState=0, flags=0x68, repeatCount=0, eventTime=57349682, downTime=57349486, deviceId=-1, source=0x101 }
02-04 15:01:57.146 22901 22901 W ViewRootImpl[ChromeTabbedActivity]: Cancelling event due to no window focus: KeyEvent { action=ACTION_UP, keyCode=KEYCODE_BACK, scanCode=0, metaState=0, flags=0x68, repeatCount=0, eventTime=57349682, downTime=57349486, deviceId=-1, source=0x101 }
02-04 15:01:57.154 22901 22901 W ViewRootImpl[ChromeTabbedActivity]: Dropping event due to no window focus: KeyEvent { action=ACTION_DOWN, keyCode=KEYCODE_BACK, scanCode=0, metaState=0, flags=0x48, repeatCount=0, eventTime=57349682, downTime=57349682, deviceId=-1, source=0x101 }
02-04 15:01:57.260 22901 22901 W ViewRootImpl[ChromeTabbedActivity]: Cancelling event due to no window focus: KeyEvent { action=ACTION_UP, keyCode=KEYCODE_BACK, scanCode=0, metaState=0, flags=0x68, repeatCount=0, eventTime=57349764, downTime=57349682, deviceId=-1, source=0x101 }
02-04 15:01:57.260 22901 22901 W ViewRootImpl[ChromeTabbedActivity]: Cancelling event due to no window focus: KeyEvent { action=ACTION_UP, keyCode=KEYCODE_BACK, scanCode=0, metaState=0, flags=0x68, repeatCount=0, eventTime=57349764, downTime=57349682, deviceId=-1, source=0x101 }
02-04 15:01:57.260 22901 22901 W ViewRootImpl[ChromeTabbedActivity]: Cancelling event due to no window focus: KeyEvent { action=ACTION_UP, keyCode=KEYCODE_BACK, scanCode=0, metaState=0, flags=0x68, repeatCount=0, eventTime=57349764, downTime=57349682, deviceId=-1, source=0x101 }
02-04 15:01:57.260 22901 22901 W ViewRootImpl[ChromeTabbedActivity]: Cancelling event due to no window focus: KeyEvent { action=ACTION_UP, keyCode=KEYCODE_BACK, scanCode=0, metaState=0, flags=0x68, repeatCount=0, eventTime=57349764, downTime=57349682, deviceId=-1, source=0x101 }
02-04 15:01:57.260 22901 22901 W ViewRootImpl[ChromeTabbedActivity]: Cancelling event due to no window focus: KeyEvent { action=ACTION_UP, keyCode=KEYCODE_BACK, scanCode=0, metaState=0, flags=0x68, repeatCount=0, eventTime=57349764, downTime=57349682, deviceId=-1, source=0x101 }
02-04 15:01:57.260 22901 22901 W ViewRootImpl[ChromeTabbedActivity]: Cancelling event due to no window focus: KeyEvent { action=ACTION_UP, keyCode=KEYCODE_BACK, scanCode=0, metaState=0, flags=0x68, repeatCount=0, eventTime=57349764, downTime=57349682, deviceId=-1, source=0x101 }
02-04 15:01:57.261 22901 22901 W ViewRootImpl[ChromeTabbedActivity]: Cancelling event due to no window focus: KeyEvent { action=ACTION_UP, keyCode=KEYCODE_BACK, scanCode=0, metaState=0, flags=0x68, repeatCount=0, eventTime=57349764, downTime=57349682, deviceId=-1, source=0x101 }
02-04 15:01:57.261 22901 22901 W ViewRootImpl[ChromeTabbedActivity]: Cancelling event due to no window focus: KeyEvent { action=ACTION_UP, keyCode=KEYCODE_BACK, scanCode=0, metaState=0, flags=0x68, repeatCount=0, eventTime=57349764, downTime=57349682, deviceId=-1, source=0x101 }
02-04 15:01:57.261 22901 22901 W ViewRootImpl[ChromeTabbedActivity]: Cancelling event due to no window focus: KeyEvent { action=ACTION_UP, keyCode=KEYCODE_BACK, scanCode=0, metaState=0, flags=0x68, repeatCount=0, eventTime=57349764, downTime=57349682, deviceId=-1, source=0x101 }
02-04 15:01:59.514   895  3166 I chatty  : uid=1000(system) AlarmManager expire 1 line
02-04 15:01:59.555   895 25692 I chatty  : uid=1000(system) Binder:895_15 expire 2 lines
02-04 15:02:00.666   895 25727 I chatty  : uid=1000(system) Binder:895_1A expire 5 lines
02-04 15:02:00.666   895  7079 I chatty  : uid=1000(system) Binder:895_E expire 2 lines
02-04 15:02:00.668   895  3197 I chatty  : uid=1000(system) ConnectivitySer expire 1 line
02-04 15:02:00.796   895  7043 I chatty  : uid=1000(system) Binder:895_1F expire 1 line
02-04 15:02:00.830   895  4722 I chatty  : uid=1000(system) Binder:895_D expire 9 lines
02-04 15:02:03.518   895 29227 I chatty  : uid=1000(system) Binder:895_1C expire 3 lines
02-04 15:02:04.329   895 27717 I chatty  : uid=1000(system) Binder:895_1B expire 6 lines
02-04 15:02:04.927   895  4634 I chatty  : uid=1000(system) Binder:895_6 expire 6 lines
02-04 15:02:04.942   895 25690 I chatty  : uid=1000(system) Binder:895_13 expire 3 lines
02-04 15:02:05.107   895  7040 I chatty  : uid=1000(system) Binder:895_1D expire 4 lines
02-04 15:02:05.462   895  3183 I chatty  : uid=1000(system) InputDispatcher expire 1 line
02-04 15:02:05.650   895 25689 I chatty  : uid=1000(system) Binder:895_12 expire 4 lines
02-04 15:02:05.887 13017 13034 D ActivityThread: Loading providerName me.bluemail.mail.providerName;me.bluemail.mail.notifier: com.android.emaileas.providerName.EmailProvider
02-04 15:02:05.887 13017 13035 D ActivityThread: Loading providerName me.bluemail.mail.providerName;me.bluemail.mail.notifier: com.android.emaileas.providerName.EmailProvider
02-04 15:02:05.970   895  3293 I chatty  : uid=1000(system) Binder:895_3 expire 6 lines
02-04 15:02:05.971   895  4701 I chatty  : uid=1000(system) Binder:895_B expire 3 lines
02-04 15:02:05.979   895 25695 I chatty  : uid=1000(system) Binder:895_18 expire 6 lines
02-04 15:02:07.748   895  3572 I chatty  : uid=1000(system) Binder:895_5 expire 4 lines
02-04 15:02:09.017   895   913 I chatty  : uid=1000(system) Binder:895_1 expire 5 lines
02-04 15:02:09.155   895 25691 I chatty  : uid=1000(system) Binder:895_14 expire 6 lines
02-04 15:02:11.539 12256 12579 W FileUtils: Failed to chmod(/storage/emulated/0/netease/utils/wu.dat): android.system.ErrnoException: chmod failed: EPERM (Operation not permitted)
02-04 15:02:12.142   895   930 I chatty  : uid=1000(system) batterystats-sy expire 5 lines
02-04 15:02:12.160   895   895 I chatty  : uid=1000 system_server expire 36 lines
02-04 15:02:12.196   895  4516 I chatty  : uid=1000(system) backup expire 21 lines
02-04 15:02:13.074   895  7044 I chatty  : uid=1000(system) Binder:895_20 expire 1 line
02-04 15:02:22.504   895   929 I chatty  : uid=1000(system) ActivityManager expire 4 lines
02-04 15:02:22.697   895 25687 I chatty  : uid=1000(system) Binder:895_10 expire 6 lines
02-04 15:02:26.002   895  4637 I chatty  : uid=1000(system) Binder:895_7 expire 1 line
02-04 15:02:26.398   895  7041 I chatty  : uid=1000(system) Binder:895_1E expire 6 lines
02-04 15:02:26.530   895   914 I chatty  : uid=1000(system) Binder:895_2 expire 7 lines
02-04 15:02:26.774   377   384 D VoldCryptCmdListener: cryptfs getpwtype
02-04 15:02:26.787   895  3187 I chatty  : uid=1000(system) CryptdConnector expire 2 lines
02-04 15:02:28.236   895   927 I chatty  : uid=1000(system) ActivityManager expire 6 lines
02-04 15:02:29.189   895  4516 I chatty  : uid=1000(system) backup expire 1 line
02-04 15:02:31.668   895   939 I chatty  : uid=1000(system) PackageManager expire 1 line
02-04 15:02:36.443   895  4641 I chatty  : uid=1000(system) Binder:895_9 expire 3 lines
02-04 15:02:37.037   895  4717 I chatty  : uid=1000(system) Binder:895_C expire 5 lines
02-04 15:02:41.906   895  3553 I chatty  : uid=1000(system) Binder:895_4 expire 2 lines
02-04 15:02:51.634   895  4700 I chatty  : uid=1000(system) Binder:895_A expire 4 lines
02-04 15:04:06.191   895 25693 I chatty  : uid=1000(system) Binder:895_16 expire 1 line
02-04 15:04:13.897   895 25696 I chatty  : uid=1000(system) Binder:895_19 expire 2 lines
02-04 15:04:14.525   377   384 D VoldCryptCmdListener: cryptfs getpwtype
02-04 15:05:25.197 14607 14622 D ActivityThread: Loading providerName me.bluemail.mail.providerName;me.bluemail.mail.notifier: com.android.emaileas.providerName.EmailProvider
02-04 15:05:25.606   895 25694 I chatty  : uid=1000(system) Binder:895_17 expire 1 line
02-04 15:05:35.244   895  3612 I chatty  : uid=1000(system) uteStateMachine expire 9 lines
02-04 15:05:35.246   895  3616 I chatty  : uid=1000(system) CallAudioModeSt expire 11 lines
02-04 15:05:35.952   895  4717 I chatty  : uid=1000(system) Binder:895_C expire 18 lines
02-04 15:05:35.969   895   927 I chatty  : uid=1000(system) ActivityManager expire 13 lines
02-04 15:05:35.973   895  3612 I chatty  : uid=1000(system) uteStateMachine expire 13 lines
02-04 15:05:36.126   895  7041 I chatty  : uid=1000(system) Binder:895_1E expire 4 lines
02-04 15:05:36.272   895   895 I chatty  : uid=1000 system_server expire 10 lines
02-04 15:05:36.311   895 25692 I chatty  : uid=1000(system) Binder:895_15 expire 2 lines
02-04 15:05:36.681   895  7043 I chatty  : uid=1000(system) Binder:895_1F expire 2 lines
02-04 15:05:36.856   895  3553 I chatty  : uid=1000(system) Binder:895_4 expire 22 lines
02-04 15:05:37.237   895 25693 I chatty  : uid=1000(system) Binder:895_16 expire 4 lines
02-04 15:05:37.666   895  7040 I chatty  : uid=1000(system) Binder:895_1D expire 4 lines
02-04 15:05:37.670   895  4634 I chatty  : uid=1000(system) Binder:895_6 expire 5 lines
02-04 15:05:37.714   895 25687 I chatty  : uid=1000(system) Binder:895_10 expire 3 lines
02-04 15:05:48.506   895 25691 I chatty  : uid=1000(system) Binder:895_14 expire 7 lines
02-04 15:05:48.528   895 29227 I chatty  : uid=1000(system) Binder:895_1C expire 4 lines
02-04 15:05:48.547   895  4637 I chatty  : uid=1000(system) Binder:895_7 expire 5 lines
02-04 15:05:50.316   895  7044 I chatty  : uid=1000(system) Binder:895_20 expire 1 line
02-04 15:06:02.069   895  3203 I chatty  : uid=1000(system) onProviders.ECP expire 1 line
02-04 15:06:02.562   895 25727 I chatty  : uid=1000(system) Binder:895_1A expire 1 line
02-04 15:06:02.563   377   384 D VoldCryptCmdListener: cryptfs getpwtype
02-04 15:06:02.566   895  3187 I chatty  : uid=1000(system) CryptdConnector expire 1 line
02-04 15:06:02.649   895 23723 I chatty  : uid=1000(system) Binder:895_F expire 4 lines
02-04 15:06:02.750   895 25695 I chatty  : uid=1000(system) Binder:895_18 expire 1 line
02-04 15:06:03.617   895  4722 I chatty  : uid=1000(system) Binder:895_D expire 3 lines
02-04 15:06:03.716   895  4639 I chatty  : uid=1000(system) Binder:895_8 expire 2 lines
02-04 15:06:04.022   895  4700 I chatty  : uid=1000(system) Binder:895_A expire 3 lines
02-04 15:06:05.084   895  3553 I chatty  : uid=1000(system) Binder:895_4 expire 2 lines
02-04 15:06:05.243   895   914 I chatty  : uid=1000(system) Binder:895_2 expire 4 lines
02-04 15:06:06.163   895   930 I chatty  : uid=1000(system) batterystats-sy expire 3 lines
02-04 15:06:07.037   895 25696 I chatty  : uid=1000(system) Binder:895_19 expire 1 line
02-04 15:06:07.232 15481 15481 E ActivityThread: Failed to find providerName info for oicq.wlogin_sdk.WloginProvider
02-04 15:06:08.930 15032 15067 W FileUtils: Failed to chmod(/storage/emulated/0/netease/utils/wu.dat): android.system.ErrnoException: chmod failed: EPERM (Operation not permitted)
02-04 15:06:09.581   895  3293 I chatty  : uid=1000(system) Binder:895_3 expire 5 lines
02-04 15:06:10.597   895   927 I chatty  : uid=1000(system) ActivityManager expire 2 lines
02-04 15:06:10.897   895  4701 I chatty  : uid=1000(system) Binder:895_B expire 2 lines
02-04 15:06:34.816   895   936 I chatty  : uid=1000(system) PowerManagerSer expire 6 lines
02-04 15:06:35.398   895   934 I chatty  : uid=1000(system) android.display expire 2 lines
02-04 15:06:35.723   895   932 I chatty  : uid=1000(system) android.fg expire 2 lines
02-04 15:06:36.053   895   926 I chatty  : uid=1000(system) android.bg expire 3 lines
02-04 15:06:36.476   895  3197 I chatty  : uid=1000(system) ConnectivitySer expire 10 lines
02-04 15:06:45.778   895 25688 I chatty  : uid=1000(system) Binder:895_11 expire 1 line
02-04 15:06:48.710   895 25694 I chatty  : uid=1000(system) Binder:895_17 expire 1 line
02-04 15:06:49.868   895  3572 I chatty  : uid=1000(system) Binder:895_5 expire 3 lines
02-04 15:06:58.574 15857 16100 W FileUtils: Failed to chmod(/storage/emulated/0/netease/utils/wu.dat): android.system.ErrnoException: chmod failed: EPERM (Operation not permitted)
02-04 15:07:11.818   895  3184 I chatty  : uid=1000(system) InputReader expire 1 line
02-04 15:07:11.838   895   895 I chatty  : uid=1000 system_server expire 15 lines
02-04 15:07:37.788   895  3612 I chatty  : uid=1000(system) uteStateMachine expire 2 lines
02-04 15:07:37.808   895  4717 I chatty  : uid=1000(system) Binder:895_C expire 1 line
02-04 15:07:37.817   895  3612 I chatty  : uid=1000(system) uteStateMachine expire 19 lines
02-04 15:07:37.818   895   895 I chatty  : uid=1000 system_server expire 24 lines
02-04 15:07:37.891   895   930 I chatty  : uid=1000(system) batterystats-sy expire 18 lines
02-04 15:07:37.962   895   927 I chatty  : uid=1000(system) ActivityManager expire 11 lines
02-04 15:07:38.000   895  7079 I chatty  : uid=1000(system) Binder:895_E expire 1 line
02-04 15:07:38.046   895  4637 I chatty  : uid=1000(system) Binder:895_7 expire 2 lines
02-04 15:07:38.163   895 25727 I chatty  : uid=1000(system) Binder:895_1A expire 21 lines
02-04 15:07:38.177   895  3616 I chatty  : uid=1000(system) CallAudioModeSt expire 8 lines
02-04 15:07:38.301   895   913 I chatty  : uid=1000(system) Binder:895_1 expire 4 lines
02-04 15:07:38.469   895  3553 I chatty  : uid=1000(system) Binder:895_4 expire 6 lines
02-04 15:07:38.741   895   914 I chatty  : uid=1000(system) Binder:895_2 expire 4 lines
02-04 15:07:42.156   895 27717 I chatty  : uid=1000(system) Binder:895_1B expire 4 lines
02-04 15:07:45.698   895   934 I chatty  : uid=1000(system) android.display expire 3 lines
02-04 15:07:53.772   895  4700 I chatty  : uid=1000(system) Binder:895_A expire 16 lines
02-04 15:09:06.152 16921 16937 D ActivityThread: Loading providerName me.bluemail.mail.providerName;me.bluemail.mail.notifier: com.android.emaileas.providerName.EmailProvider
02-04 15:09:06.398   895 25690 I chatty  : uid=1000(system) Binder:895_13 expire 1 line
02-04 15:09:06.419   895 25691 I chatty  : uid=1000(system) Binder:895_14 expire 1 line
02-04 15:09:11.302   895   895 I chatty  : uid=1000 system_server expire 5 lines
02-04 15:09:22.306   895  7040 I chatty  : uid=1000(system) Binder:895_1D expire 21 lines
02-04 15:09:24.134 19011 19011 W ViewRootImpl[ActivityMoreInfoPage]: Dropping event due to no window focus: KeyEvent { action=ACTION_DOWN, keyCode=KEYCODE_BACK, scanCode=0, metaState=0, flags=0x48, repeatCount=0, eventTime=57798193, downTime=57798193, deviceId=-1, source=0x101 }
02-04 15:09:25.190   895  3184 I chatty  : uid=1000(system) InputReader expire 1 line
02-04 15:09:26.064   895   936 I chatty  : uid=1000(system) PowerManagerSer expire 2 lines
02-04 15:09:26.067   895   932 I chatty  : uid=1000(system) android.fg expire 1 line
02-04 15:09:26.153   895  4700 I chatty  : uid=1000(system) Binder:895_A expire 3 lines
02-04 15:09:26.744   895 25688 I chatty  : uid=1000(system) Binder:895_11 expire 2 lines
02-04 15:09:26.745   895  3197 I chatty  : uid=1000(system) ConnectivitySer expire 1 line
02-04 15:12:36.563   895   927 I chatty  : uid=1000(system) ActivityManager expire 3 lines
02-04 15:15:05.588   895   926 I chatty  : uid=1000(system) android.bg expire 1 line
02-04 15:18:37.865   895  4701 I chatty  : uid=1000(system) Binder:895_B expire 2 lines
02-04 15:18:37.867   895  4641 I chatty  : uid=1000(system) Binder:895_9 expire 1 line
02-04 15:20:10.102   895   933 I chatty  : uid=1000(system) android.io expire 2 lines
02-04 15:21:38.001   895  4722 I chatty  : uid=1000(system) Binder:895_D expire 1 line
02-04 15:21:39.594   895  7044 I chatty  : uid=1000(system) Binder:895_20 expire 2 lines
02-04 15:21:39.595   377   384 D VoldCryptCmdListener: cryptfs getpwtype
02-04 15:21:39.598   895  3187 I chatty  : uid=1000(system) CryptdConnector expire 1 line
02-04 15:21:39.655   895 25693 I chatty  : uid=1000(system) Binder:895_16 expire 1 line
02-04 15:21:39.656   895 29227 I chatty  : uid=1000(system) Binder:895_1C expire 1 line
02-04 15:22:17.101   895   930 I chatty  : uid=1000(system) batterystats-sy expire 12 lines
02-04 15:22:53.784   895  7040 I chatty  : uid=1000(system) Binder:895_1D expire 2 lines
02-04 15:23:09.019   895  3293 I chatty  : uid=1000(system) Binder:895_3 expire 1 line
02-04 15:23:09.022   895  4634 I chatty  : uid=1000(system) Binder:895_6 expire 1 line
02-04 15:30:38.012   895  7043 I chatty  : uid=1000(system) Binder:895_1F expire 1 line
02-04 15:30:38.927   895 23723 I chatty  : uid=1000(system) Binder:895_F expire 4 lines
02-04 15:31:25.860   895  7041 I chatty  : uid=1000(system) Binder:895_1E expire 6 lines
02-04 15:31:29.983   895  4641 I chatty  : uid=1000(system) Binder:895_9 expire 4 lines
02-04 15:31:56.939   895   930 I chatty  : uid=1000(system) batterystats-sy expire 10 lines
02-04 15:32:10.030   895 25687 I chatty  : uid=1000(system) Binder:895_10 expire 9 lines
02-04 15:32:10.032   895  3572 I chatty  : uid=1000(system) Binder:895_5 expire 4 lines
02-04 15:32:37.826   895 25691 I chatty  : uid=1000(system) Binder:895_14 expire 10 lines
02-04 15:33:06.926   895  4722 I chatty  : uid=1000(system) Binder:895_D expire 4 lines
02-04 15:33:47.048   895 25727 I chatty  : uid=1000(system) Binder:895_1A expire 4 lines
02-04 15:33:47.931   895   936 I chatty  : uid=1000(system) PowerManagerSer expire 13 lines
02-04 15:33:47.933   895   934 I chatty  : uid=1000(system) android.display expire 6 lines
02-04 15:34:14.974   895   927 I chatty  : uid=1000(system) ActivityManager expire 10 lines
02-04 15:34:15.051   895 25692 I chatty  : uid=1000(system) Binder:895_15 expire 4 lines
02-04 15:34:50.108   895  3184 I chatty  : uid=1000(system) InputReader expire 3 lines
02-04 15:34:50.488   895  4700 I chatty  : uid=1000(system) Binder:895_A expire 5 lines
02-04 15:34:50.488   895   932 I chatty  : uid=1000(system) android.fg expire 4 lines
02-04 15:34:53.297   895   895 I chatty  : uid=1000 system_server expire 12 lines
02-04 15:34:53.967   895  3553 I chatty  : uid=1000(system) Binder:895_4 expire 2 lines
02-04 15:34:53.990   895  7043 I chatty  : uid=1000(system) Binder:895_1F expire 6 lines
02-04 15:34:54.052   895 27717 I chatty  : uid=1000(system) Binder:895_1B expire 4 lines
02-04 15:34:54.118   895  4701 I chatty  : uid=1000(system) Binder:895_B expire 1 line
02-04 15:35:56.081   895  3293 I chatty  : uid=1000(system) Binder:895_3 expire 3 lines
02-04 15:35:56.081   895  4639 I chatty  : uid=1000(system) Binder:895_8 expire 2 lines
02-04 15:35:56.082   895 29227 I chatty  : uid=1000(system) Binder:895_1C expire 1 line
02-04 15:35:56.084   895  3197 I chatty  : uid=1000(system) ConnectivitySer expire 4 lines
02-04 15:35:56.491   895 25695 I chatty  : uid=1000(system) Binder:895_18 expire 6 lines
02-04 15:35:56.771   895 25689 I chatty  : uid=1000(system) Binder:895_12 expire 6 lines
02-04 15:35:57.147   895 25696 I chatty  : uid=1000(system) Binder:895_19 expire 6 lines
02-04 15:35:59.821   895   913 I chatty  : uid=1000(system) Binder:895_1 expire 4 lines
02-04 15:35:59.834   895   914 I chatty  : uid=1000(system) Binder:895_2 expire 2 lines
02-04 15:36:11.517   895 25688 I chatty  : uid=1000(system) Binder:895_11 expire 6 lines
02-04 15:36:11.710   895 25694 I chatty  : uid=1000(system) Binder:895_17 expire 10 lines
02-04 15:36:14.742   895  7079 I chatty  : uid=1000(system) Binder:895_E expire 5 lines
02-04 15:36:15.287   895 25693 I chatty  : uid=1000(system) Binder:895_16 expire 4 lines
02-04 15:36:16.143   895  7040 I chatty  : uid=1000(system) Binder:895_1D expire 4 lines
02-04 15:36:16.292   895   933 I chatty  : uid=1000(system) android.io expire 6 lines
02-04 15:36:37.691   895  3166 I chatty  : uid=1000(system) AlarmManager expire 1 line
02-04 15:37:07.791 19004 19056 W FileUtils: Failed to chmod(/storage/emulated/0/netease/utils/wu.dat): android.system.ErrnoException: chmod failed: EPERM (Operation not permitted)
02-04 15:37:13.243   895   927 I chatty  : uid=1000(system) ActivityManager expire 7 lines
02-04 15:37:15.182   895  4637 I chatty  : uid=1000(system) Binder:895_7 expire 3 lines
02-04 15:37:30.787   895  7044 I chatty  : uid=1000(system) Binder:895_20 expire 2 lines
02-04 15:38:01.183 19394 19448 W FileUtils: Failed to chmod(/storage/emulated/0/netease/utils/wu.dat): android.system.ErrnoException: chmod failed: EPERM (Operation not permitted)
02-04 15:38:16.996 18775 18803 E ActivityThread: Failed to find providerName info for com.motorola.ccc.cce.datausage
02-04 15:39:23.922   895   930 I chatty  : uid=1000(system) batterystats-sy expire 16 lines
02-04 15:40:48.263 20050 20066 D ActivityThread: Loading providerName me.bluemail.mail.providerName;me.bluemail.mail.notifier: com.android.emaileas.providerName.EmailProvider
02-04 15:51:26.052   895   926 I chatty  : uid=1000(system) android.bg expire 8 lines
02-04 15:55:56.947   895 25691 I chatty  : uid=1000(system) Binder:895_14 expire 2 lines
02-04 15:56:09.557   895 23723 I chatty  : uid=1000(system) Binder:895_F expire 1 line
02-04 15:56:09.562   895   914 I chatty  : uid=1000(system) Binder:895_2 expire 8 lines
02-04 15:56:09.565   895  3572 I chatty  : uid=1000(system) Binder:895_5 expire 3 lines
02-04 15:56:13.760   895 25694 I chatty  : uid=1000(system) Binder:895_17 expire 2 lines
02-04 15:56:54.060   895   930 I chatty  : uid=1000(system) batterystats-sy expire 10 lines
02-04 16:00:27.592   895  7043 I chatty  : uid=1000(system) Binder:895_1F expire 1 line
02-04 16:00:27.594   895 25696 I chatty  : uid=1000(system) Binder:895_19 expire 4 lines
02-04 16:01:50.556   895  3293 I chatty  : uid=1000(system) Binder:895_3 expire 5 lines
02-04 16:02:21.974   895  4641 I chatty  : uid=1000(system) Binder:895_9 expire 2 lines
02-04 16:02:22.657   377   384 D VoldCryptCmdListener: cryptfs getpwtype
02-04 16:02:22.662   895  3187 I chatty  : uid=1000(system) CryptdConnector expire 1 line
02-04 16:02:37.643   895 27717 I chatty  : uid=1000(system) Binder:895_1B expire 7 lines
02-04 16:02:37.662   895 25688 I chatty  : uid=1000(system) Binder:895_11 expire 3 lines
02-04 16:04:58.923   895 29227 I chatty  : uid=1000(system) Binder:895_1C expire 4 lines
02-04 16:07:03.843   895  4701 I chatty  : uid=1000(system) Binder:895_B expire 7 lines
02-04 16:08:23.294   895  7040 I chatty  : uid=1000(system) Binder:895_1D expire 4 lines
02-04 16:08:23.298   895 25689 I chatty  : uid=1000(system) Binder:895_12 expire 2 lines
02-04 16:08:23.299   895  3197 I chatty  : uid=1000(system) ConnectivitySer expire 12 lines
02-04 16:09:16.726   895   927 I chatty  : uid=1000(system) ActivityManager expire 12 lines
02-04 16:09:30.417   895  7044 I chatty  : uid=1000(system) Binder:895_20 expire 5 lines
02-04 16:09:30.420   895 25687 I chatty  : uid=1000(system) Binder:895_10 expire 11 lines
02-04 16:10:46.958   895  4700 I chatty  : uid=1000(system) Binder:895_A expire 4 lines
02-04 16:10:47.002   895 25690 I chatty  : uid=1000(system) Binder:895_13 expire 5 lines
02-04 16:10:47.319   895 25695 I chatty  : uid=1000(system) Binder:895_18 expire 6 lines
02-04 16:10:47.603   895  4637 I chatty  : uid=1000(system) Binder:895_7 expire 2 lines
02-04 16:10:47.714   895  4722 I chatty  : uid=1000(system) Binder:895_D expire 12 lines
02-04 16:10:47.777   895   929 I chatty  : uid=1000(system) ActivityManager expire 10 lines
02-04 16:10:48.625   895 25693 I chatty  : uid=1000(system) Binder:895_16 expire 8 lines
02-04 16:10:48.877   895  3553 I chatty  : uid=1000(system) Binder:895_4 expire 6 lines
02-04 16:10:49.078   895  7041 I chatty  : uid=1000(system) Binder:895_1E expire 3 lines
02-04 16:10:50.190   895  4639 I chatty  : uid=1000(system) Binder:895_8 expire 5 lines
02-04 16:11:14.521 21581 21581 D ActivityThread: Loading providerName com.sina.weibo.spProvider: com.sina.weibo.providerName.SinaWeiboSPProvider
02-04 16:11:24.526   895  7079 I chatty  : uid=1000(system) Binder:895_E expire 7 lines
02-04 16:11:29.883   895 25692 I chatty  : uid=1000(system) Binder:895_15 expire 3 lines
02-04 16:11:44.263   895   933 I chatty  : uid=1000(system) android.io expire 6 lines
02-04 16:11:47.207   895  3197 I chatty  : uid=1000(system) ConnectivitySer expire 1 line
02-04 16:11:47.414   895  4722 I chatty  : uid=1000(system) Binder:895_D expire 5 lines
02-04 16:11:56.771 21898 21966 W FileUtils: Failed to chmod(/storage/emulated/0/netease/utils/wu.dat): android.system.ErrnoException: chmod failed: EPERM (Operation not permitted)
02-04 16:11:58.564   895   927 I chatty  : uid=1000(system) ActivityManager expire 9 lines
02-04 16:11:59.638 21882 22001 W FileUtils: Failed to chmod(/storage/emulated/0/netease/utils/wu.dat): android.system.ErrnoException: chmod failed: EPERM (Operation not permitted)
02-04 16:12:15.095   895  3166 I chatty  : uid=1000(system) AlarmManager expire 1 line
02-04 16:12:15.183   895  4717 I chatty  : uid=1000(system) Binder:895_C expire 1 line
02-04 16:12:26.937 22437 22470 D ActivityThread: Loading providerName me.bluemail.mail.providerName;me.bluemail.mail.notifier: com.android.emaileas.providerName.EmailProvider
02-04 16:12:28.736   895   913 I chatty  : uid=1000(system) Binder:895_1 expire 1 line
02-04 16:13:19.222 22736 22756 W FileUtils: Failed to chmod(/storage/emulated/0/netease/utils/wu.dat): android.system.ErrnoException: chmod failed: EPERM (Operation not permitted)
